Archive member included because of file (symbol)

/opt/arm-none-eabi-2011.09/bin/../lib/gcc/arm-none-eabi/4.6.1/thumb2/libgcc.a(_arm_addsubdf3.o)
                              build/components/libc/minilibc/math.o (__aeabi_dsub)
/opt/arm-none-eabi-2011.09/bin/../lib/gcc/arm-none-eabi/4.6.1/thumb2/libgcc.a(_arm_muldivdf3.o)
                              build/components/libc/minilibc/math.o (__aeabi_dmul)
/opt/arm-none-eabi-2011.09/bin/../lib/gcc/arm-none-eabi/4.6.1/thumb2/libgcc.a(_arm_fixdfsi.o)
                              build/components/libc/minilibc/math.o (__aeabi_d2iz)

Allocating common symbols
Common symbol       size              file

rt_interrupt_to_thread
                    0x4               build/libcpu/arm/cortex-m3/cpuport.o
rt_interrupt_from_thread
                    0x4               build/libcpu/arm/cortex-m3/cpuport.o
global_sysvar_list  0x4               build/components/finsh/finsh_var.o
finsh_heap          0x80              build/components/finsh/finsh_heap.o
shell               0x4               build/components/finsh/shell.o
rt_thread_switch_interrupt_flag
                    0x4               build/libcpu/arm/cortex-m3/cpuport.o
text_segment        0x80              build/components/finsh/finsh_vm.o
finsh_compile_pc    0x4               build/components/finsh/finsh_compiler.o
finsh_vm_stack      0x100             build/components/finsh/finsh_vm.o
global_errno        0x1               build/components/finsh/finsh_error.o
rt_thread_priority_table
                    0x100             build/src/scheduler.o
rt_object_put_hook  0x4               build/src/object.o
rt_current_priority
                    0x1               build/src/scheduler.o
rt_interrupt_nest   0x1               build/src/irq.o
rt_object_take_hook
                    0x4               build/src/object.o
rt_current_thread   0x4               build/src/scheduler.o
rt_thread_ready_priority_group
                    0x4               build/src/scheduler.o
rt_thread_defunct   0x8               build/src/scheduler.o
global_node_table   0x140             build/components/finsh/finsh_node.o
finsh_compile_sp    0x4               build/components/finsh/finsh_compiler.o
uart1_int_rx        0x48              build/usart.o
finsh_pc            0x4               build/components/finsh/finsh_vm.o
rt_object_trytake_hook
                    0x4               build/src/object.o
uart1_device        0x40              build/usart.o
finsh_sp            0x4               build/components/finsh/finsh_vm.o
global_variable     0xc0              build/components/finsh/finsh_var.o

Discarded input sections

 .text          0x00000000        0x0 /opt/arm-none-eabi-2011.09/bin/../lib/gcc/arm-none-eabi/4.6.1/thumb2/crti.o
 .data          0x00000000        0x0 /opt/arm-none-eabi-2011.09/bin/../lib/gcc/arm-none-eabi/4.6.1/thumb2/crti.o
 .bss           0x00000000        0x0 /opt/arm-none-eabi-2011.09/bin/../lib/gcc/arm-none-eabi/4.6.1/thumb2/crti.o
 .init          0x00000000        0x4 /opt/arm-none-eabi-2011.09/bin/../lib/gcc/arm-none-eabi/4.6.1/thumb2/crti.o
 .fini          0x00000000        0x4 /opt/arm-none-eabi-2011.09/bin/../lib/gcc/arm-none-eabi/4.6.1/thumb2/crti.o
 .ARM.attributes
                0x00000000       0x1b /opt/arm-none-eabi-2011.09/bin/../lib/gcc/arm-none-eabi/4.6.1/thumb2/crti.o
 .text          0x00000000       0x68 /opt/arm-none-eabi-2011.09/bin/../lib/gcc/arm-none-eabi/4.6.1/thumb2/crtbegin.o
 .data          0x00000000        0x4 /opt/arm-none-eabi-2011.09/bin/../lib/gcc/arm-none-eabi/4.6.1/thumb2/crtbegin.o
 .bss           0x00000000       0x1c /opt/arm-none-eabi-2011.09/bin/../lib/gcc/arm-none-eabi/4.6.1/thumb2/crtbegin.o
 .init_array    0x00000000        0x4 /opt/arm-none-eabi-2011.09/bin/../lib/gcc/arm-none-eabi/4.6.1/thumb2/crtbegin.o
 .fini_array    0x00000000        0x4 /opt/arm-none-eabi-2011.09/bin/../lib/gcc/arm-none-eabi/4.6.1/thumb2/crtbegin.o
 .eh_frame      0x00000000        0x0 /opt/arm-none-eabi-2011.09/bin/../lib/gcc/arm-none-eabi/4.6.1/thumb2/crtbegin.o
 .jcr           0x00000000        0x0 /opt/arm-none-eabi-2011.09/bin/../lib/gcc/arm-none-eabi/4.6.1/thumb2/crtbegin.o
 .ARM.attributes
                0x00000000       0x2b /opt/arm-none-eabi-2011.09/bin/../lib/gcc/arm-none-eabi/4.6.1/thumb2/crtbegin.o
 .text          0x00000000        0x0 build/application.o
 .data          0x00000000        0x0 build/application.o
 .bss           0x00000000        0x0 build/application.o
 .text          0x00000000        0x0 build/startup.o
 .data          0x00000000        0x0 build/startup.o
 .bss           0x00000000        0x0 build/startup.o
 .text          0x00000000        0x0 build/board.o
 .data          0x00000000        0x0 build/board.o
 .bss           0x00000000        0x0 build/board.o
 .text          0x00000000        0x0 build/stm32f10x_it.o
 .data          0x00000000        0x0 build/stm32f10x_it.o
 .bss           0x00000000        0x0 build/stm32f10x_it.o
 .text          0x00000000        0x0 build/rtc.o
[...]
Memory Configuration

Name             Origin             Length             Attributes
CODE             0x08000000         0x00080000         xr
DATA             0x20000000         0x00010000         rw
*default*        0x00000000         0xffffffff

Linker script and memory map

LOAD /opt/arm-none-eabi-2011.09/bin/../lib/gcc/arm-none-eabi/4.6.1/thumb2/crti.o
LOAD /opt/arm-none-eabi-2011.09/bin/../lib/gcc/arm-none-eabi/4.6.1/thumb2/crtbegin.o
LOAD build/application.o
LOAD build/startup.o
LOAD build/board.o
LOAD build/stm32f10x_it.o
LOAD build/rtc.o
LOAD build/usart.o
LOAD build/serial.o
LOAD build/led.o
LOAD build/src/clock.o
LOAD build/src/device.o
LOAD build/src/idle.o
LOAD build/src/ipc.o
LOAD build/src/irq.o
LOAD build/src/kservice.o
LOAD build/src/mem.o
LOAD build/src/mempool.o
LOAD build/src/object.o
LOAD build/src/scheduler.o
LOAD build/src/thread.o
LOAD build/src/timer.o
LOAD build/libcpu/arm/cortex-m3/cpuport.o
LOAD build/libcpu/arm/cortex-m3/context_gcc.o
LOAD build/libcpu/arm/common/backtrace.o
LOAD build/libcpu/arm/common/div0.o
LOAD build/libcpu/arm/common/showmem.o
LOAD build/components/finsh/cmd.o
LOAD build/components/finsh/finsh_compiler.o
LOAD build/components/finsh/finsh_error.o
LOAD build/components/finsh/finsh_heap.o
LOAD build/components/finsh/finsh_init.o
LOAD build/components/finsh/finsh_node.o
LOAD build/components/finsh/finsh_ops.o
LOAD build/components/finsh/finsh_parser.o
LOAD build/components/finsh/finsh_token.o
LOAD build/components/finsh/finsh_var.o
LOAD build/components/finsh/finsh_vm.o
LOAD build/components/finsh/shell.o
LOAD build/components/finsh/symbol.o
LOAD build/components/libc/minilibc/ctype.o
LOAD build/components/libc/minilibc/math.o
LOAD build/components/libc/minilibc/qsort.o
LOAD build/components/libc/minilibc/rand.o
LOAD build/components/libc/minilibc/stdlib.o
LOAD build/components/libc/minilibc/string.o
LOAD build/components/libc/minilibc/time.o
LOAD build/bsp/Libraries/CMSIS/CM3/DeviceSupport/ST/STM32F10x/system_stm32f10x.o
LOAD build/bsp/Libraries/STM32F10x_StdPeriph_Driver/src/stm32f10x_crc.o
LOAD build/bsp/Libraries/STM32F10x_StdPeriph_Driver/src/stm32f10x_rcc.o
LOAD build/bsp/Libraries/STM32F10x_StdPeriph_Driver/src/stm32f10x_wwdg.o
LOAD build/bsp/Libraries/STM32F10x_StdPeriph_Driver/src/stm32f10x_pwr.o
LOAD build/bsp/Libraries/STM32F10x_StdPeriph_Driver/src/stm32f10x_exti.o
LOAD build/bsp/Libraries/STM32F10x_StdPeriph_Driver/src/stm32f10x_bkp.o
LOAD build/bsp/Libraries/STM32F10x_StdPeriph_Driver/src/stm32f10x_i2c.o
LOAD build/bsp/Libraries/STM32F10x_StdPeriph_Driver/src/stm32f10x_adc.o
LOAD build/bsp/Libraries/STM32F10x_StdPeriph_Driver/src/stm32f10x_dac.o
LOAD build/bsp/Libraries/STM32F10x_StdPeriph_Driver/src/stm32f10x_rtc.o
LOAD build/bsp/Libraries/STM32F10x_StdPeriph_Driver/src/stm32f10x_fsmc.o
LOAD build/bsp/Libraries/STM32F10x_StdPeriph_Driver/src/stm32f10x_tim.o
LOAD build/bsp/Libraries/STM32F10x_StdPeriph_Driver/src/stm32f10x_iwdg.o
LOAD build/bsp/Libraries/STM32F10x_StdPeriph_Driver/src/stm32f10x_spi.o
LOAD build/bsp/Libraries/STM32F10x_StdPeriph_Driver/src/stm32f10x_flash.o
LOAD build/bsp/Libraries/STM32F10x_StdPeriph_Driver/src/stm32f10x_sdio.o
LOAD build/bsp/Libraries/STM32F10x_StdPeriph_Driver/src/stm32f10x_gpio.o
LOAD build/bsp/Libraries/STM32F10x_StdPeriph_Driver/src/stm32f10x_usart.o
LOAD build/bsp/Libraries/STM32F10x_StdPeriph_Driver/src/stm32f10x_dbgmcu.o
LOAD build/bsp/Libraries/STM32F10x_StdPeriph_Driver/src/stm32f10x_dma.o
LOAD build/bsp/Libraries/STM32F10x_StdPeriph_Driver/src/stm32f10x_can.o
LOAD build/bsp/Libraries/STM32F10x_StdPeriph_Driver/src/stm32f10x_cec.o
LOAD build/bsp/Libraries/STM32F10x_StdPeriph_Driver/src/misc.o
LOAD build/bsp/Libraries/CMSIS/CM3/DeviceSupport/ST/STM32F10x/startup/gcc_ride7/startup_stm32f10x_hd.o
START GROUP
LOAD /opt/arm-none-eabi-2011.09/bin/../lib/gcc/arm-none-eabi/4.6.1/thumb2/libgcc.a
LOAD /opt/arm-none-eabi-2011.09/bin/../lib/gcc/arm-none-eabi/4.6.1/../../../../arm-none-eabi/lib/thumb2/libc.a
END GROUP
LOAD /opt/arm-none-eabi-2011.09/bin/../lib/gcc/arm-none-eabi/4.6.1/thumb2/crtend.o
LOAD /opt/arm-none-eabi-2011.09/bin/../lib/gcc/arm-none-eabi/4.6.1/thumb2/crtn.o
                0x00000100                _system_stack_size = 0x100

.text           0x08000000    0x11b98
                0x08000000                . = ALIGN (0x4)
                0x08000000                _stext = .
 *(.isr_vector)
 .isr_vector    0x08000000      0x1e4 build/bsp/Libraries/CMSIS/CM3/DeviceSupport/ST/STM32F10x/startup/gcc_ride7/startup_stm32f10x_hd.o
                0x08000000                g_pfnVectors
                0x080001e4                . = ALIGN (0x4)
 *(.text)
 .text          0x080001e4       0xd0 build/libcpu/arm/cortex-m3/context_gcc.o
                0x080001e4                rt_hw_interrupt_disable
                0x080001ec                rt_hw_interrupt_enable
                0x080001f2                rt_hw_context_switch_interrupt
                0x080001f2                rt_hw_context_switch
                0x08000212                PendSV_Handler
                0x0800024e                rt_hw_context_switch_to
                0x08000278                rt_hw_interrupt_thread_switch
                0x0800027c                HardFault_Handler
                0x08000290                rt_hw_interrupt_check
 *(.text.*)
 .text.led_thread_entry
                0x080002b4       0x3c build/application.o
 .text.rt_init_thread_entry
                0x080002f0       0x14 build/application.o
                0x080002f0                rt_init_thread_entry
 .text.rt_application_init
                0x08000304       0x9c build/application.o
                0x08000304                rt_application_init
 .text.assert_failed
                0x080003a0       0x34 build/startup.o
                0x080003a0                assert_failed
 .text.rtthread_startup
                0x080003d4       0x58 build/startup.o
                0x080003d4                rtthread_startup
 .text.main     0x0800042c       0x14 build/startup.o
                0x0800042c                main
 .text.NVIC_SetPriority
                0x08000440       0x5c build/board.o
 .text.SysTick_Config
                0x0800049c       0x64 build/board.o
 .text.NVIC_Configuration
                0x08000500       0x14 build/board.o
                0x08000500                NVIC_Configuration
 .text.EXT_SRAM_Configuration
                0x08000514      0x1ec build/board.o
                0x08000514                EXT_SRAM_Configuration
 .text.rt_hw_timer_handler
                0x08000700       0x14 build/board.o
                0x08000700                rt_hw_timer_handler
 .text.rt_hw_board_init
                0x08000714       0x40 build/board.o
                0x08000714                rt_hw_board_init
 .text.checksram
                0x08000754       0xec build/board.o
                0x08000754                checksram
 .text.NMI_Handler
                0x08000840        0xc build/stm32f10x_it.o
                0x08000840                NMI_Handler
 .text.MemManage_Handler
                0x0800084c        0x8 build/stm32f10x_it.o
                0x0800084c                MemManage_Handler
 .text.BusFault_Handler
                0x08000854        0x8 build/stm32f10x_it.o
                0x08000854                BusFault_Handler
 .text.UsageFault_Handler
                0x0800085c        0x8 build/stm32f10x_it.o
                0x0800085c                UsageFault_Handler
 .text.SVC_Handler
                0x08000864        0xc build/stm32f10x_it.o
                0x08000864                SVC_Handler
 .text.DebugMon_Handler
                0x08000870        0xc build/stm32f10x_it.o
                0x08000870                DebugMon_Handler
 .text.SysTick_Handler
                0x0800087c        0xc build/stm32f10x_it.o
                0x0800087c                SysTick_Handler
 .text.DMA1_Channel2_IRQHandler
                0x08000888        0xc build/stm32f10x_it.o
                0x08000888                DMA1_Channel2_IRQHandler
 .text.USART1_IRQHandler
                0x08000894       0x1c build/stm32f10x_it.o
                0x08000894                USART1_IRQHandler
 .text.USART2_IRQHandler
                0x080008b0        0xc build/stm32f10x_it.o
                0x080008b0                USART2_IRQHandler
 .text.USART3_IRQHandler
                0x080008bc        0xc build/stm32f10x_it.o
                0x080008bc                USART3_IRQHandler
 .text.rt_rtc_open
                0x080008c8       0x1c build/rtc.o
 .text.rt_rtc_read
                0x080008e4       0x20 build/rtc.o
 .text.rt_rtc_control
                0x08000904       0xa4 build/rtc.o
 .text.RTC_Configuration
                0x080009a8       0x88 build/rtc.o
                0x080009a8                RTC_Configuration
 .text.rt_hw_rtc_init
                0x08000a30       0xe4 build/rtc.o
                0x08000a30                rt_hw_rtc_init
 .text.time     0x08000b14       0x4c build/rtc.o
                0x08000b14                time
 .text.set_date
                0x08000b60       0x88 build/rtc.o
                0x08000b60                set_date
 .text.set_time
                0x08000be8       0x78 build/rtc.o
                0x08000be8                set_time
 .text.list_date
                0x08000c60       0x34 build/rtc.o
                0x08000c60                list_date
 .text.RCC_Configuration
                0x08000c94       0x20 build/usart.o
 .text.GPIO_Configuration
                0x08000cb4       0x50 build/usart.o
 .text.NVIC_Configuration
                0x08000d04       0x30 build/usart.o
 .text.DMA_Configuration
                0x08000d34        0xc build/usart.o
 .text.rt_hw_usart_init
                0x08000d40       0xb0 build/usart.o
                0x08000d40                rt_hw_usart_init
 .text.rt_serial_init
                0x08000df0       0xf8 build/serial.o
 .text.rt_serial_open
                0x08000ee8       0x1c build/serial.o
 .text.rt_serial_close
                0x08000f04       0x18 build/serial.o
 .text.rt_serial_read
                0x08000f1c       0xf4 build/serial.o
 .text.rt_serial_enable_dma
                0x08001010       0x68 build/serial.o
 .text.rt_serial_write
                0x08001078      0x1b8 build/serial.o
 .text.rt_serial_control
                0x08001230       0x9c build/serial.o
 .text.rt_hw_serial_register
                0x080012cc      0x10c build/serial.o
                0x080012cc                rt_hw_serial_register
 .text.rt_hw_serial_isr
                0x080013d8      0x164 build/serial.o
                0x080013d8                rt_hw_serial_isr
 .text.rt_hw_led_init
                0x0800153c       0x58 build/led.o
                0x0800153c                rt_hw_led_init
 .text.rt_hw_led_on
                0x08001594       0x44 build/led.o
                0x08001594                rt_hw_led_on
 .text.rt_hw_led_off
                0x080015d8       0x44 build/led.o
                0x080015d8                rt_hw_led_off
 .text.led      0x0800161c       0x84 build/led.o
                0x0800161c                led
 .text.rt_system_tick_init
                0x080016a0        0xc build/src/clock.o
                0x080016a0                rt_system_tick_init
 .text.rt_tick_get
                0x080016ac       0x18 build/src/clock.o
                0x080016ac                rt_tick_get
 .text.rt_tick_increase
                0x080016c4       0x50 build/src/clock.o
                0x080016c4                rt_tick_increase
 .text.rt_device_register
                0x08001714       0x50 build/src/device.o
                0x08001714                rt_device_register
 .text.rt_device_init_all
                0x08001764       0x84 build/src/device.o
                0x08001764                rt_device_init_all
 .text.rt_device_find
                0x080017e8       0x84 build/src/device.o
                0x080017e8                rt_device_find
 .text.rt_device_open
                0x0800186c       0xe8 build/src/device.o
                0x0800186c                rt_device_open
 .text.rt_device_close
                0x08001954       0x78 build/src/device.o
                0x08001954                rt_device_close
 .text.rt_device_read
                0x080019cc       0x74 build/src/device.o
                0x080019cc                rt_device_read
 .text.rt_device_write
                0x08001a40       0x74 build/src/device.o
                0x08001a40                rt_device_write
 .text.rt_device_control
                0x08001ab4       0x6c build/src/device.o
                0x08001ab4                rt_device_control
 .text.rt_device_set_rx_indicate
                0x08001b20       0x54 build/src/device.o
                0x08001b20                rt_device_set_rx_indicate
 .text.rt_list_remove
                0x08001b74       0x34 build/src/idle.o
 .text.rt_list_isempty
                0x08001ba8       0x24 build/src/idle.o
 .text.rt_thread_idle_excute
                0x08001bcc       0xf0 build/src/idle.o
                0x08001bcc                rt_thread_idle_excute
 .text.rt_thread_idle_entry
                0x08001cbc       0x28 build/src/idle.o
 .text.rt_thread_idle_init
                0x08001ce4       0x54 build/src/idle.o
                0x08001ce4                rt_thread_idle_init
 .text.rt_list_init
                0x08001d38       0x20 build/src/ipc.o
 .text.rt_list_insert_before
                0x08001d58       0x30 build/src/ipc.o
 .text.rt_list_isempty
                0x08001d88       0x24 build/src/ipc.o
 .text.rt_ipc_object_init
                0x08001dac       0x24 build/src/ipc.o
 .text.rt_ipc_list_suspend
                0x08001dd0       0x9c build/src/ipc.o
 .text.rt_ipc_list_resume
                0x08001e6c       0x28 build/src/ipc.o
 .text.rt_sem_init
                0x08001e94       0x74 build/src/ipc.o
                0x08001e94                rt_sem_init
 .text.rt_sem_take
                0x08001f08      0x178 build/src/ipc.o
                0x08001f08                rt_sem_take
 .text.rt_sem_release
                0x08002080       0x80 build/src/ipc.o
                0x08002080                rt_sem_release
 .text.rt_interrupt_enter
                0x08002100       0x38 build/src/irq.o
                0x08002100                rt_interrupt_enter
 .text.rt_interrupt_leave
                0x08002138       0x38 build/src/irq.o
                0x08002138                rt_interrupt_leave
 .text.rt_interrupt_get_nest
                0x08002170       0x18 build/src/irq.o
                0x08002170                rt_interrupt_get_nest
 .text.rt_set_errno
                0x08002188       0x48 build/src/kservice.o
                0x08002188                rt_set_errno
 .text.rt_memset
                0x080021d0       0xe8 build/src/kservice.o
                0x080021d0                memset
                0x080021d0                rt_memset
 .text.rt_memcpy
                0x080022b8      0x118 build/src/kservice.o
                0x080022b8                memcpy
                0x080022b8                rt_memcpy
 .text.rt_strncpy
                0x080023d0       0x84 build/src/kservice.o
                0x080023d0                rt_strncpy
 .text.rt_strncmp
                0x08002454       0x70 build/src/kservice.o
                0x08002454                rt_strncmp
 .text.rt_strlen
                0x080024c4       0x30 build/src/kservice.o
                0x080024c4                rt_strlen
                0x080024c4                strlen
 .text.rt_show_version
                0x080024f4       0x50 build/src/kservice.o
                0x080024f4                rt_show_version
 .text.divide   0x08002544       0x7c build/src/kservice.o
 .text.skip_atoi
                0x080025c0       0x4c build/src/kservice.o
 .text.print_number
                0x0800260c      0x244 build/src/kservice.o
 .text.vsnprintf
                0x08002850      0x5d0 build/src/kservice.o
 .text.rt_console_set_device
                0x08002e20       0x6c build/src/kservice.o
                0x08002e20                rt_console_set_device
 .text.rt_hw_console_output
                0x08002e8c       0x14 build/src/kservice.o
                0x08002e8c                rt_hw_console_output
 .text.rt_kprintf
                0x08002ea0       0x7c build/src/kservice.o
                0x08002ea0                rt_kprintf
 .text.plug_holes
                0x08002f1c      0x1a0 build/src/mem.o
 .text.rt_system_heap_init
                0x080030bc      0x1a0 build/src/mem.o
                0x080030bc                rt_system_heap_init
 .text.rt_malloc
                0x0800325c      0x40c build/src/mem.o
                0x0800325c                rt_malloc
 .text.rt_free  0x08003668      0x22c build/src/mem.o
                0x08003668                rt_free
 .text.list_mem
                0x08003894       0x50 build/src/mem.o
                0x08003894                list_mem
 .text.rt_list_init
                0x080038e4       0x20 build/src/mempool.o
 .text.rt_list_insert_after
                0x08003904       0x30 build/src/mempool.o
 .text.rt_mp_init
                0x08003934      0x10c build/src/mempool.o
                0x08003934                rt_mp_init
 .text.rt_mp_alloc
                0x08003a40      0x170 build/src/mempool.o
                0x08003a40                rt_mp_alloc
 .text.rt_list_insert_after
                0x08003bb0       0x30 build/src/object.o
 .text.rt_list_remove
                0x08003be0       0x34 build/src/object.o
 .text.rt_system_object_init
                0x08003c14        0xc build/src/object.o
                0x08003c14                rt_system_object_init
 .text.rt_object_init
                0x08003c20       0x80 build/src/object.o
                0x08003c20                rt_object_init
 .text.rt_object_detach
                0x08003ca0       0x78 build/src/object.o
                0x08003ca0                rt_object_detach
 .text.rt_object_allocate
                0x08003d18       0xf4 build/src/object.o
                0x08003d18                rt_object_allocate
 .text.rt_object_delete
                0x08003e0c       0xb8 build/src/object.o
                0x08003e0c                rt_object_delete
 .text.rt_object_is_systemobject
                0x08003ec4       0x5c build/src/object.o
                0x08003ec4                rt_object_is_systemobject
 .text.rt_list_init
                0x08003f20       0x20 build/src/scheduler.o
 .text.rt_list_insert_before
                0x08003f40       0x30 build/src/scheduler.o
 .text.rt_list_remove
                0x08003f70       0x34 build/src/scheduler.o
 .text.rt_list_isempty
                0x08003fa4       0x24 build/src/scheduler.o
 .text._rt_scheduler_stack_check
                0x08003fc8       0xb0 build/src/scheduler.o
 .text.rt_system_scheduler_init
                0x08004078       0x70 build/src/scheduler.o
                0x08004078                rt_system_scheduler_init
 .text.rt_system_scheduler_start
                0x080040e8       0xdc build/src/scheduler.o
                0x080040e8                rt_system_scheduler_start
 .text.rt_schedule
                0x080041c4      0x184 build/src/scheduler.o
                0x080041c4                rt_schedule
 .text.rt_schedule_insert_thread
                0x08004348       0x98 build/src/scheduler.o
                0x08004348                rt_schedule_insert_thread
 .text.rt_schedule_remove_thread
                0x080043e0       0x9c build/src/scheduler.o
                0x080043e0                rt_schedule_remove_thread
 .text.rt_enter_critical
                0x0800447c       0x2c build/src/scheduler.o
                0x0800447c                rt_enter_critical
 .text.rt_exit_critical
                0x080044a8       0x5c build/src/scheduler.o
                0x080044a8                rt_exit_critical
 .text.rt_list_init
                0x08004504       0x20 build/src/thread.o
 .text.rt_list_insert_after
                0x08004524       0x30 build/src/thread.o
 .text.rt_list_insert_before
                0x08004554       0x30 build/src/thread.o
 .text.rt_list_remove
                0x08004584       0x34 build/src/thread.o
 .text.rt_thread_exit
                0x080045b8       0x84 build/src/thread.o
 .text._rt_thread_init
                0x0800463c      0x124 build/src/thread.o
 .text.rt_thread_init
                0x08004760       0xac build/src/thread.o
                0x08004760                rt_thread_init
 .text.rt_thread_self
                0x0800480c       0x18 build/src/thread.o
                0x0800480c                rt_thread_self
 .text.rt_thread_startup
                0x08004824       0xc0 build/src/thread.o
                0x08004824                rt_thread_startup
 .text.rt_thread_create
                0x080048e4       0x6c build/src/thread.o
                0x080048e4                rt_thread_create
 .text.rt_thread_yield
                0x08004950       0x80 build/src/thread.o
                0x08004950                rt_thread_yield
 .text.rt_thread_sleep
                0x080049d0       0xa0 build/src/thread.o
                0x080049d0                rt_thread_sleep
 .text.rt_thread_delay
                0x08004a70       0x1c build/src/thread.o
                0x08004a70                rt_thread_delay
 .text.rt_thread_suspend
                0x08004a8c       0x78 build/src/thread.o
                0x08004a8c                rt_thread_suspend
 .text.rt_thread_resume
                0x08004b04       0x98 build/src/thread.o
                0x08004b04                rt_thread_resume
 .text.rt_thread_timeout
                0x08004b9c       0xa0 build/src/thread.o
                0x08004b9c                rt_thread_timeout
 .text.rt_list_init
                0x08004c3c       0x20 build/src/timer.o
 .text.rt_list_insert_after
                0x08004c5c       0x30 build/src/timer.o
 .text.rt_list_insert_before
                0x08004c8c       0x30 build/src/timer.o
 .text.rt_list_remove
                0x08004cbc       0x34 build/src/timer.o
 .text.rt_list_isempty
                0x08004cf0       0x24 build/src/timer.o
 .text._rt_timer_init
                0x08004d14       0x50 build/src/timer.o
 .text.rt_timer_init
                0x08004d64       0x68 build/src/timer.o
                0x08004d64                rt_timer_init
 .text.rt_timer_start
                0x08004dcc      0x164 build/src/timer.o
                0x08004dcc                rt_timer_start
 .text.rt_timer_control
                0x08004f30       0xa4 build/src/timer.o
                0x08004f30                rt_timer_control
 .text.rt_timer_check
                0x08004fd4       0xd4 build/src/timer.o
                0x08004fd4                rt_timer_check
 .text.rt_system_timer_init
                0x080050a8        0xc build/src/timer.o
                0x080050a8                rt_system_timer_init
 .text.rt_system_timer_thread_init
                0x080050b4        0xc build/src/timer.o
                0x080050b4                rt_system_timer_thread_init
 .text.rt_hw_stack_init
                0x080050c0       0x9c build/libcpu/arm/cortex-m3/cpuport.o
                0x080050c0                rt_hw_stack_init
 .text.rt_hw_hard_fault_exception
                0x0800515c       0xe0 build/libcpu/arm/cortex-m3/cpuport.o
                0x0800515c                rt_hw_hard_fault_exception
 .text.rt_list_isempty
                0x0800523c       0x24 build/components/finsh/cmd.o
 .text.rt_list_len
                0x08005260       0x3c build/components/finsh/cmd.o
 .text.hello    0x0800529c       0x18 build/components/finsh/cmd.o
                0x0800529c                hello
 .text.version  0x080052b4       0x10 build/components/finsh/cmd.o
                0x080052b4                version
 .text._list_thread
                0x080052c4      0x120 build/components/finsh/cmd.o
 .text.list_thread
                0x080053e4       0x14 build/components/finsh/cmd.o
                0x080053e4                list_thread
 .text.show_wait_queue
                0x080053f8       0x54 build/components/finsh/cmd.o
 .text._list_sem
                0x0800544c       0xd0 build/components/finsh/cmd.o
 .text.list_sem
                0x0800551c       0x14 build/components/finsh/cmd.o
                0x0800551c                list_sem
 .text._list_event
                0x08005530       0xb8 build/components/finsh/cmd.o
 .text.list_event
                0x080055e8       0x14 build/components/finsh/cmd.o
                0x080055e8                list_event
 .text._list_mutex
                0x080055fc       0x84 build/components/finsh/cmd.o
 .text.list_mutex
                0x08005680       0x14 build/components/finsh/cmd.o
                0x08005680                list_mutex
 .text._list_mailbox
                0x08005694       0xe0 build/components/finsh/cmd.o
 .text.list_mailbox
                0x08005774       0x14 build/components/finsh/cmd.o
                0x08005774                list_mailbox
 .text._list_msgqueue
                0x08005788       0xd0 build/components/finsh/cmd.o
 .text.list_msgqueue
                0x08005858       0x14 build/components/finsh/cmd.o
                0x08005858                list_msgqueue
 .text._list_mempool
                0x0800586c       0xc0 build/components/finsh/cmd.o
 .text.list_mempool
                0x0800592c       0x14 build/components/finsh/cmd.o
                0x0800592c                list_mempool
 .text._list_timer
                0x08005940       0xa4 build/components/finsh/cmd.o
 .text.list_timer
                0x080059e4       0x14 build/components/finsh/cmd.o
                0x080059e4                list_timer
 .text._list_device
                0x080059f8       0x98 build/components/finsh/cmd.o
 .text.list_device
                0x08005a90       0x14 build/components/finsh/cmd.o
                0x08005a90                list_device
 .text.list     0x08005aa4      0x100 build/components/finsh/cmd.o
                0x08005aa4                list
 .text.str_is_prefix
                0x08005ba4       0x50 build/components/finsh/cmd.o
 .text.str_common
                0x08005bf4       0x50 build/components/finsh/cmd.o
 .text.list_prefix
                0x08005c44      0x2b8 build/components/finsh/cmd.o
                0x08005c44                list_prefix
 .text.finsh_compile
                0x08005efc     0x2b04 build/components/finsh/finsh_compiler.o
 .text.finsh_type_check
                0x08008a00      0x24c build/components/finsh/finsh_compiler.o
 .text.finsh_compiler_run
                0x08008c4c       0xc0 build/components/finsh/finsh_compiler.o
                0x08008c4c                finsh_compiler_run
 .text.finsh_error_init
                0x08008d0c       0x20 build/components/finsh/finsh_error.o
                0x08008d0c                finsh_error_init
 .text.finsh_error_set
                0x08008d2c       0x28 build/components/finsh/finsh_error.o
                0x08008d2c                finsh_error_set
 .text.finsh_errno
                0x08008d54       0x18 build/components/finsh/finsh_error.o
                0x08008d54                finsh_errno
 .text.finsh_error_string
                0x08008d6c       0x24 build/components/finsh/finsh_error.o
                0x08008d6c                finsh_error_string
 .text.finsh_heap_init
                0x08008d90       0x68 build/components/finsh/finsh_heap.o
                0x08008d90                finsh_heap_init
 .text.finsh_heap_allocate
                0x08008df8       0xcc build/components/finsh/finsh_heap.o
                0x08008df8                finsh_heap_allocate
 .text.finsh_heap_free
                0x08008ec4       0x44 build/components/finsh/finsh_heap.o
                0x08008ec4                finsh_heap_free
 .text.finsh_heap_gc
                0x08008f08       0xa8 build/components/finsh/finsh_heap.o
 .text.finsh_block_insert
                0x08008fb0       0x84 build/components/finsh/finsh_heap.o
 .text.finsh_block_remove
                0x08009034       0x5c build/components/finsh/finsh_heap.o
 .text.finsh_block_split
                0x08009090       0x44 build/components/finsh/finsh_heap.o
 .text.finsh_block_merge
                0x080090d4       0xf0 build/components/finsh/finsh_heap.o
 .text.finsh_init
                0x080091c4       0x2c build/components/finsh/finsh_init.o
                0x080091c4                finsh_init
 .text.finsh_stack_bottom
                0x080091f0       0x18 build/components/finsh/finsh_init.o
                0x080091f0                finsh_stack_bottom
 .text.finsh_flush
                0x08009208       0x24 build/components/finsh/finsh_init.o
                0x08009208                finsh_flush
 .text.finsh_node_init
                0x0800922c       0x28 build/components/finsh/finsh_node.o
                0x0800922c                finsh_node_init
 .text.finsh_node_allocate
                0x08009254       0x90 build/components/finsh/finsh_node.o
                0x08009254                finsh_node_allocate
 .text.finsh_node_new_id
                0x080092e4       0xc0 build/components/finsh/finsh_node.o
                0x080092e4                finsh_node_new_id
 .text.finsh_node_new_char
                0x080093a4       0x3c build/components/finsh/finsh_node.o
                0x080093a4                finsh_node_new_char
 .text.finsh_node_new_int
                0x080093e0       0x38 build/components/finsh/finsh_node.o
                0x080093e0                finsh_node_new_int
 .text.finsh_node_new_long
                0x08009418       0x38 build/components/finsh/finsh_node.o
                0x08009418                finsh_node_new_long
 .text.finsh_node_new_string
                0x08009450       0x74 build/components/finsh/finsh_node.o
                0x08009450                finsh_node_new_string
 .text.finsh_node_new_ptr
                0x080094c4       0x38 build/components/finsh/finsh_node.o
                0x080094c4                finsh_node_new_ptr
 .text.OP_no_op
                0x080094fc        0xc build/components/finsh/finsh_ops.o
                0x080094fc                OP_no_op
 .text.OP_add_byte
                0x08009508       0x58 build/components/finsh/finsh_ops.o
                0x08009508                OP_add_byte
 .text.OP_add_word
                0x08009560       0x5c build/components/finsh/finsh_ops.o
                0x08009560                OP_add_word
 .text.OP_add_dword
                0x080095bc       0x54 build/components/finsh/finsh_ops.o
                0x080095bc                OP_add_dword
 .text.OP_sub_byte
                0x08009610       0x58 build/components/finsh/finsh_ops.o
                0x08009610                OP_sub_byte
 .text.OP_sub_word
                0x08009668       0x5c build/components/finsh/finsh_ops.o
                0x08009668                OP_sub_word
 .text.OP_sub_dword
                0x080096c4       0x54 build/components/finsh/finsh_ops.o
                0x080096c4                OP_sub_dword
 .text.OP_div_byte
                0x08009718       0x58 build/components/finsh/finsh_ops.o
                0x08009718                OP_div_byte
 .text.OP_div_word
                0x08009770       0x5c build/components/finsh/finsh_ops.o
                0x08009770                OP_div_word
 .text.OP_div_dword
                0x080097cc       0x58 build/components/finsh/finsh_ops.o
                0x080097cc                OP_div_dword
 .text.OP_mod_byte
                0x08009824       0x60 build/components/finsh/finsh_ops.o
                0x08009824                OP_mod_byte
 .text.OP_mod_word
                0x08009884       0x64 build/components/finsh/finsh_ops.o
                0x08009884                OP_mod_word
 .text.OP_mod_dword
                0x080098e8       0x5c build/components/finsh/finsh_ops.o
                0x080098e8                OP_mod_dword
 .text.OP_mul_byte
                0x08009944       0x58 build/components/finsh/finsh_ops.o
                0x08009944                OP_mul_byte
 .text.OP_mul_word
                0x0800999c       0x60 build/components/finsh/finsh_ops.o
                0x0800999c                OP_mul_word
 .text.OP_mul_dword
                0x080099fc       0x58 build/components/finsh/finsh_ops.o
                0x080099fc                OP_mul_dword
 .text.OP_and_byte
                0x08009a54       0x58 build/components/finsh/finsh_ops.o
                0x08009a54                OP_and_byte
 .text.OP_and_word
                0x08009aac       0x58 build/components/finsh/finsh_ops.o
                0x08009aac                OP_and_word
 .text.OP_and_dword
                0x08009b04       0x54 build/components/finsh/finsh_ops.o
                0x08009b04                OP_and_dword
 .text.OP_or_byte
                0x08009b58       0x58 build/components/finsh/finsh_ops.o
                0x08009b58                OP_or_byte
 .text.OP_or_word
                0x08009bb0       0x58 build/components/finsh/finsh_ops.o
                0x08009bb0                OP_or_word
 .text.OP_or_dword
                0x08009c08       0x54 build/components/finsh/finsh_ops.o
                0x08009c08                OP_or_dword
 .text.OP_xor_byte
                0x08009c5c       0x58 build/components/finsh/finsh_ops.o
                0x08009c5c                OP_xor_byte
 .text.OP_xor_word
                0x08009cb4       0x58 build/components/finsh/finsh_ops.o
                0x08009cb4                OP_xor_word
 .text.OP_xor_dword
                0x08009d0c       0x54 build/components/finsh/finsh_ops.o
                0x08009d0c                OP_xor_dword
 .text.OP_bw_byte
                0x08009d60       0x30 build/components/finsh/finsh_ops.o
                0x08009d60                OP_bw_byte
 .text.OP_bw_word
                0x08009d90       0x30 build/components/finsh/finsh_ops.o
                0x08009d90                OP_bw_word
 .text.OP_bw_dword
                0x08009dc0       0x30 build/components/finsh/finsh_ops.o
                0x08009dc0                OP_bw_dword
 .text.OP_shl_byte
                0x08009df0       0x5c build/components/finsh/finsh_ops.o
                0x08009df0                OP_shl_byte
 .text.OP_shl_word
                0x08009e4c       0x5c build/components/finsh/finsh_ops.o
                0x08009e4c                OP_shl_word
 .text.OP_shl_dword
                0x08009ea8       0x58 build/components/finsh/finsh_ops.o
                0x08009ea8                OP_shl_dword
 .text.OP_shr_byte
                0x08009f00       0x5c build/components/finsh/finsh_ops.o
                0x08009f00                OP_shr_byte
 .text.OP_shr_word
                0x08009f5c       0x5c build/components/finsh/finsh_ops.o
                0x08009f5c                OP_shr_word
 .text.OP_shr_dword
                0x08009fb8       0x58 build/components/finsh/finsh_ops.o
                0x08009fb8                OP_shr_dword
 .text.OP_ld_byte
                0x0800a010       0x54 build/components/finsh/finsh_ops.o
                0x0800a010                OP_ld_byte
 .text.OP_ld_word
                0x0800a064       0x70 build/components/finsh/finsh_ops.o
                0x0800a064                OP_ld_word
 .text.OP_ld_dword
                0x0800a0d4       0x98 build/components/finsh/finsh_ops.o
                0x0800a0d4                OP_ld_dword
 .text.OP_ld_value_byte
                0x0800a16c       0xa4 build/components/finsh/finsh_ops.o
                0x0800a16c                OP_ld_value_byte
 .text.OP_ld_value_byte_stack
                0x0800a210       0x38 build/components/finsh/finsh_ops.o
                0x0800a210                OP_ld_value_byte_stack
 .text.OP_ld_value_word
                0x0800a248       0xa4 build/components/finsh/finsh_ops.o
                0x0800a248                OP_ld_value_word
 .text.OP_ld_value_word_stack
                0x0800a2ec       0x38 build/components/finsh/finsh_ops.o
                0x0800a2ec                OP_ld_value_word_stack
 .text.OP_ld_value_dword
                0x0800a324       0xa4 build/components/finsh/finsh_ops.o
                0x0800a324                OP_ld_value_dword
 .text.OP_ld_value_dword_stack
                0x0800a3c8       0x38 build/components/finsh/finsh_ops.o
                0x0800a3c8                OP_ld_value_dword_stack
 .text.OP_st_byte
                0x0800a400       0x48 build/components/finsh/finsh_ops.o
                0x0800a400                OP_st_byte
 .text.OP_st_word
                0x0800a448       0x48 build/components/finsh/finsh_ops.o
                0x0800a448                OP_st_word
 .text.OP_st_dword
                0x0800a490       0x48 build/components/finsh/finsh_ops.o
                0x0800a490                OP_st_dword
 .text.OP_pop   0x0800a4d8       0x24 build/components/finsh/finsh_ops.o
                0x0800a4d8                OP_pop
 .text.OP_call  0x0800a4fc      0x42c build/components/finsh/finsh_ops.o
                0x0800a4fc                OP_call
 .text.proc_variable_decl
                0x0800a928      0x2f4 build/components/finsh/finsh_parser.o
 .text.proc_type
                0x0800ac1c      0x1d8 build/components/finsh/finsh_parser.o
 .text.proc_identifier
                0x0800adf4       0x50 build/components/finsh/finsh_parser.o
 .text.proc_expr_statement
                0x0800ae44       0x68 build/components/finsh/finsh_parser.o
 .text.proc_expr
                0x0800aeac       0x1c build/components/finsh/finsh_parser.o
 .text.proc_assign_expr
                0x0800aec8       0x54 build/components/finsh/finsh_parser.o
 .text.proc_inclusive_or_expr
                0x0800af1c       0x74 build/components/finsh/finsh_parser.o
 .text.proc_exclusive_or_expr
                0x0800af90       0x74 build/components/finsh/finsh_parser.o
 .text.proc_and_expr
                0x0800b004       0x74 build/components/finsh/finsh_parser.o
 .text.proc_shift_expr
                0x0800b078       0xa0 build/components/finsh/finsh_parser.o
 .text.proc_additive_expr
                0x0800b118       0xa0 build/components/finsh/finsh_parser.o
 .text.proc_multiplicative_expr
                0x0800b1b8       0xb8 build/components/finsh/finsh_parser.o
 .text.proc_cast_expr
                0x0800b270       0x80 build/components/finsh/finsh_parser.o
 .text.proc_unary_expr
                0x0800b2f0      0x124 build/components/finsh/finsh_parser.o
 .text.proc_postfix_expr
                0x0800b414       0xf0 build/components/finsh/finsh_parser.o
 .text.proc_primary_expr
                0x0800b504      0x164 build/components/finsh/finsh_parser.o
 .text.proc_param_list
                0x0800b668       0x80 build/components/finsh/finsh_parser.o
 .text.make_sys_node
                0x0800b6e8       0x48 build/components/finsh/finsh_parser.o
 .text.finsh_parser_run
                0x0800b730      0x164 build/components/finsh/finsh_parser.o
                0x0800b730                finsh_parser_run
 .text.finsh_parser_init
                0x0800b894       0x2c build/components/finsh/finsh_parser.o
                0x0800b894                finsh_parser_init
 .text.finsh_token_init
                0x0800b8c0       0x30 build/components/finsh/finsh_token.o
                0x0800b8c0                finsh_token_init
 .text.finsh_token_token
                0x0800b8f0       0x30 build/components/finsh/finsh_token.o
                0x0800b8f0                finsh_token_token
 .text.token_get_string
                0x0800b920       0xb4 build/components/finsh/finsh_token.o
                0x0800b920                token_get_string
 .text.token_next_char
                0x0800b9d4       0x78 build/components/finsh/finsh_token.o
 .text.token_prev_char
                0x0800ba4c       0x38 build/components/finsh/finsh_token.o
 .text.token_run
                0x0800ba84      0x388 build/components/finsh/finsh_token.o
 .text.token_match_name
                0x0800be0c       0x68 build/components/finsh/finsh_token.o
 .text.token_trim_space
                0x0800be74       0x2c build/components/finsh/finsh_token.o
 .text.token_proc_char
                0x0800bea0       0xf0 build/components/finsh/finsh_token.o
 .text.token_proc_string
                0x0800bf90       0x84 build/components/finsh/finsh_token.o
 .text.token_proc_escape
                0x0800c014      0x148 build/components/finsh/finsh_token.o
 .text.token_proc_number
                0x0800c15c      0x200 build/components/finsh/finsh_token.o
 .text.token_spec_number
                0x0800c35c      0x128 build/components/finsh/finsh_token.o
 .text.finsh_var_init
                0x0800c484       0x28 build/components/finsh/finsh_var.o
                0x0800c484                finsh_var_init
 .text.finsh_var_insert
                0x0800c4ac       0xe8 build/components/finsh/finsh_var.o
                0x0800c4ac                finsh_var_insert
 .text.finsh_var_lookup
                0x0800c594       0x7c build/components/finsh/finsh_var.o
                0x0800c594                finsh_var_lookup
 .text.finsh_sysvar_lookup
                0x0800c610       0x90 build/components/finsh/finsh_var.o
                0x0800c610                finsh_sysvar_lookup
 .text.finsh_vm_run
                0x0800c6a0       0x94 build/components/finsh/finsh_vm.o
                0x0800c6a0                finsh_vm_run
 .text.finsh_syscall_lookup
                0x0800c734       0x90 build/components/finsh/finsh_vm.o
                0x0800c734                finsh_syscall_lookup
 .text.finsh_rx_ind
                0x0800c7c4       0x64 build/components/finsh/shell.o
 .text.finsh_set_device
                0x0800c828       0xc4 build/components/finsh/shell.o
                0x0800c828                finsh_set_device
 .text.finsh_auto_complete
                0x0800c8ec       0x38 build/components/finsh/shell.o
                0x0800c8ec                finsh_auto_complete
 .text.finsh_run_line
                0x0800c924       0xcc build/components/finsh/shell.o
                0x0800c924                finsh_run_line
 .text.finsh_handle_history
                0x0800c9f0      0x1d0 build/components/finsh/shell.o
                0x0800c9f0                finsh_handle_history
 .text.finsh_push_history
                0x0800cbc0      0x15c build/components/finsh/shell.o
                0x0800cbc0                finsh_push_history
 .text.finsh_thread_entry
                0x0800cd1c      0x340 build/components/finsh/shell.o
                0x0800cd1c                finsh_thread_entry
 .text.finsh_system_function_init
                0x0800d05c       0x2c build/components/finsh/shell.o
                0x0800d05c                finsh_system_function_init
 .text.finsh_system_var_init
                0x0800d088       0x2c build/components/finsh/shell.o
                0x0800d088                finsh_system_var_init
 .text.finsh_system_init
                0x0800d0b4       0xf4 build/components/finsh/shell.o
                0x0800d0b4                finsh_system_init
 .text.atoi     0x0800d1a8       0xa0 build/components/libc/minilibc/stdlib.o
                0x0800d1a8                atoi
 .text.strncpy  0x0800d248       0x24 build/components/libc/minilibc/string.o
                0x0800d248                strncpy
 .text.strcmp   0x0800d26c       0x48 build/components/libc/minilibc/string.o
                0x0800d26c                strcmp
 .text.strncmp  0x0800d2b4       0x70 build/components/libc/minilibc/string.o
                0x0800d2b4                strncmp
 .text.__isleap
                0x0800d324       0x74 build/components/libc/minilibc/time.o
                0x0800d324                __isleap
 .text.gmtime_r
                0x0800d398      0x1a4 build/components/libc/minilibc/time.o
                0x0800d398                gmtime_r
 .text.localtime_r
                0x0800d53c       0x68 build/components/libc/minilibc/time.o
                0x0800d53c                localtime_r
 .text.localtime
                0x0800d5a4       0x24 build/components/libc/minilibc/time.o
                0x0800d5a4                localtime
 .text.mktime   0x0800d5c8      0x2fc build/components/libc/minilibc/time.o
                0x0800d5c8                mktime
 .text.num2str  0x0800d8c4       0x70 build/components/libc/minilibc/time.o
 .text.asctime_r
                0x0800d934      0x154 build/components/libc/minilibc/time.o
                0x0800d934                asctime_r
 .text.asctime  0x0800da88       0x24 build/components/libc/minilibc/time.o
                0x0800da88                asctime
 .text.ctime    0x0800daac       0x24 build/components/libc/minilibc/time.o
                0x0800daac                ctime
 .text.gettimeofday
                0x0800dad0       0x58 build/components/libc/minilibc/time.o
                0x0800dad0                gettimeofday
 .text.SystemInit
                0x0800db28       0xa8 build/bsp/Libraries/CMSIS/CM3/DeviceSupport/ST/STM32F10x/system_stm32f10x.o
                0x0800db28                SystemInit
 .text.SetSysClock
                0x0800dbd0        0xc build/bsp/Libraries/CMSIS/CM3/DeviceSupport/ST/STM32F10x/system_stm32f10x.o
 .text.SetSysClockTo72
                0x0800dbdc      0x1ac build/bsp/Libraries/CMSIS/CM3/DeviceSupport/ST/STM32F10x/system_stm32f10x.o
 .text.RCC_LSEConfig
                0x0800dd88       0x80 build/bsp/Libraries/STM32F10x_StdPeriph_Driver/src/stm32f10x_rcc.o
                0x0800dd88                RCC_LSEConfig
 .text.RCC_RTCCLKConfig
                0x0800de08       0x50 build/bsp/Libraries/STM32F10x_StdPeriph_Driver/src/stm32f10x_rcc.o
                0x0800de08                RCC_RTCCLKConfig
 .text.RCC_RTCCLKCmd
                0x0800de58       0x3c build/bsp/Libraries/STM32F10x_StdPeriph_Driver/src/stm32f10x_rcc.o
                0x0800de58                RCC_RTCCLKCmd
 .text.RCC_GetClocksFreq
                0x0800de94      0x1d4 build/bsp/Libraries/STM32F10x_StdPeriph_Driver/src/stm32f10x_rcc.o
                0x0800de94                RCC_GetClocksFreq
 .text.RCC_AHBPeriphClockCmd
                0x0800e068       0x90 build/bsp/Libraries/STM32F10x_StdPeriph_Driver/src/stm32f10x_rcc.o
                0x0800e068                RCC_AHBPeriphClockCmd
 .text.RCC_APB2PeriphClockCmd
                0x0800e0f8       0x94 build/bsp/Libraries/STM32F10x_StdPeriph_Driver/src/stm32f10x_rcc.o
                0x0800e0f8                RCC_APB2PeriphClockCmd
 .text.RCC_APB1PeriphClockCmd
                0x0800e18c       0x94 build/bsp/Libraries/STM32F10x_StdPeriph_Driver/src/stm32f10x_rcc.o
                0x0800e18c                RCC_APB1PeriphClockCmd
 .text.RCC_BackupResetCmd
                0x0800e220       0x3c build/bsp/Libraries/STM32F10x_StdPeriph_Driver/src/stm32f10x_rcc.o
                0x0800e220                RCC_BackupResetCmd
 .text.RCC_GetFlagStatus
                0x0800e25c       0xe0 build/bsp/Libraries/STM32F10x_StdPeriph_Driver/src/stm32f10x_rcc.o
                0x0800e25c                RCC_GetFlagStatus
 .text.PWR_BackupAccessCmd
                0x0800e33c       0x3c build/bsp/Libraries/STM32F10x_StdPeriph_Driver/src/stm32f10x_pwr.o
                0x0800e33c                PWR_BackupAccessCmd
 .text.BKP_DeInit
                0x0800e378       0x18 build/bsp/Libraries/STM32F10x_StdPeriph_Driver/src/stm32f10x_bkp.o
                0x0800e378                BKP_DeInit
 .text.BKP_WriteBackupRegister
                0x0800e390      0x144 build/bsp/Libraries/STM32F10x_StdPeriph_Driver/src/stm32f10x_bkp.o
                0x0800e390                BKP_WriteBackupRegister
 .text.BKP_ReadBackupRegister
                0x0800e4d4      0x140 build/bsp/Libraries/STM32F10x_StdPeriph_Driver/src/stm32f10x_bkp.o
                0x0800e4d4                BKP_ReadBackupRegister
 .text.RTC_EnterConfigMode
                0x0800e614       0x28 build/bsp/Libraries/STM32F10x_StdPeriph_Driver/src/stm32f10x_rtc.o
                0x0800e614                RTC_EnterConfigMode
 .text.RTC_ExitConfigMode
                0x0800e63c       0x28 build/bsp/Libraries/STM32F10x_StdPeriph_Driver/src/stm32f10x_rtc.o
                0x0800e63c                RTC_ExitConfigMode
 .text.RTC_GetCounter
                0x0800e664       0x38 build/bsp/Libraries/STM32F10x_StdPeriph_Driver/src/stm32f10x_rtc.o
                0x0800e664                RTC_GetCounter
 .text.RTC_SetCounter
                0x0800e69c       0x38 build/bsp/Libraries/STM32F10x_StdPeriph_Driver/src/stm32f10x_rtc.o
                0x0800e69c                RTC_SetCounter
 .text.RTC_SetPrescaler
                0x0800e6d4       0x5c build/bsp/Libraries/STM32F10x_StdPeriph_Driver/src/stm32f10x_rtc.o
                0x0800e6d4                RTC_SetPrescaler
 .text.RTC_WaitForLastTask
                0x0800e730       0x20 build/bsp/Libraries/STM32F10x_StdPeriph_Driver/src/stm32f10x_rtc.o
                0x0800e730                RTC_WaitForLastTask
 .text.RTC_WaitForSynchro
                0x0800e750       0x3c build/bsp/Libraries/STM32F10x_StdPeriph_Driver/src/stm32f10x_rtc.o
                0x0800e750                RTC_WaitForSynchro
 .text.FSMC_NORSRAMInit
                0x0800e78c      0x4c8 build/bsp/Libraries/STM32F10x_StdPeriph_Driver/src/stm32f10x_fsmc.o
                0x0800e78c                FSMC_NORSRAMInit
 .text.FSMC_NORSRAMCmd
                0x0800ec54       0x98 build/bsp/Libraries/STM32F10x_StdPeriph_Driver/src/stm32f10x_fsmc.o
                0x0800ec54                FSMC_NORSRAMCmd
 .text.GPIO_Init
                0x0800ecec      0x2b0 build/bsp/Libraries/STM32F10x_StdPeriph_Driver/src/stm32f10x_gpio.o
                0x0800ecec                GPIO_Init
 .text.GPIO_SetBits
                0x0800ef9c       0xa4 build/bsp/Libraries/STM32F10x_StdPeriph_Driver/src/stm32f10x_gpio.o
                0x0800ef9c                GPIO_SetBits
 .text.GPIO_ResetBits
                0x0800f040       0xa4 build/bsp/Libraries/STM32F10x_StdPeriph_Driver/src/stm32f10x_gpio.o
                0x0800f040                GPIO_ResetBits
 .text.USART_Init
                0x0800f0e4      0x34c build/bsp/Libraries/STM32F10x_StdPeriph_Driver/src/stm32f10x_usart.o
                0x0800f0e4                USART_Init
 .text.USART_ClockInit
                0x0800f430      0x118 build/bsp/Libraries/STM32F10x_StdPeriph_Driver/src/stm32f10x_usart.o
                0x0800f430                USART_ClockInit
 .text.USART_Cmd
                0x0800f548       0xb0 build/bsp/Libraries/STM32F10x_StdPeriph_Driver/src/stm32f10x_usart.o
                0x0800f548                USART_Cmd
 .text.USART_ITConfig
                0x0800f5f8      0x1b0 build/bsp/Libraries/STM32F10x_StdPeriph_Driver/src/stm32f10x_usart.o
                0x0800f5f8                USART_ITConfig
 .text.USART_GetITStatus
                0x0800f7a8      0x1c4 build/bsp/Libraries/STM32F10x_StdPeriph_Driver/src/stm32f10x_usart.o
                0x0800f7a8                USART_GetITStatus
 .text.USART_ClearITPendingBit
                0x0800f96c      0x114 build/bsp/Libraries/STM32F10x_StdPeriph_Driver/src/stm32f10x_usart.o
                0x0800f96c                USART_ClearITPendingBit
 .text.DMA_Cmd  0x0800fa80      0x10c build/bsp/Libraries/STM32F10x_StdPeriph_Driver/src/stm32f10x_dma.o
                0x0800fa80                DMA_Cmd
 .text.NVIC_Init
                0x0800fb8c      0x134 build/bsp/Libraries/STM32F10x_StdPeriph_Driver/src/misc.o
                0x0800fb8c                NVIC_Init
 .text.NVIC_SetVectorTable
                0x0800fcc0       0x68 build/bsp/Libraries/STM32F10x_StdPeriph_Driver/src/misc.o
                0x0800fcc0                NVIC_SetVectorTable
 .text.Reset_Handler
                0x0800fd28       0x4c build/bsp/Libraries/CMSIS/CM3/DeviceSupport/ST/STM32F10x/startup/gcc_ride7/startup_stm32f10x_hd.o
                0x0800fd28                Reset_Handler
 .text.Default_Handler
                0x0800fd74        0x4 build/bsp/Libraries/CMSIS/CM3/DeviceSupport/ST/STM32F10x/startup/gcc_ride7/startup_stm32f10x_hd.o
                0x0800fd74                EXTI2_IRQHandler
                0x0800fd74                TIM8_TRG_COM_IRQHandler
                0x0800fd74                TIM8_CC_IRQHandler
                0x0800fd74                TIM1_CC_IRQHandler
                0x0800fd74                TIM6_IRQHandler
                0x0800fd74                PVD_IRQHandler
                0x0800fd74                SDIO_IRQHandler
                0x0800fd74                EXTI3_IRQHandler
                0x0800fd74                EXTI0_IRQHandler
                0x0800fd74                I2C2_EV_IRQHandler
                0x0800fd74                ADC1_2_IRQHandler
                0x0800fd74                SPI1_IRQHandler
                0x0800fd74                TAMPER_IRQHandler
                0x0800fd74                TIM8_UP_IRQHandler
                0x0800fd74                DMA2_Channel2_IRQHandler
                0x0800fd74                DMA1_Channel4_IRQHandler
                0x0800fd74                RTC_IRQHandler
                0x0800fd74                DMA1_Channel7_IRQHandler
                0x0800fd74                CAN1_RX1_IRQHandler
                0x0800fd74                UART5_IRQHandler
                0x0800fd74                ADC3_IRQHandler
                0x0800fd74                TIM4_IRQHandler
                0x0800fd74                DMA2_Channel1_IRQHandler
                0x0800fd74                I2C1_EV_IRQHandler
                0x0800fd74                DMA1_Channel6_IRQHandler
                0x0800fd74                UART4_IRQHandler
                0x0800fd74                TIM3_IRQHandler
                0x0800fd74                RCC_IRQHandler
                0x0800fd74                TIM1_TRG_COM_IRQHandler
                0x0800fd74                DMA1_Channel1_IRQHandler
                0x0800fd74                Default_Handler
                0x0800fd74                EXTI15_10_IRQHandler
                0x0800fd74                TIM7_IRQHandler
                0x0800fd74                TIM5_IRQHandler
                0x0800fd74                EXTI9_5_IRQHandler
                0x0800fd74                SPI2_IRQHandler
                0x0800fd74                DMA1_Channel5_IRQHandler
                0x0800fd74                EXTI4_IRQHandler
                0x0800fd74                USB_LP_CAN1_RX0_IRQHandler
                0x0800fd74                USB_HP_CAN1_TX_IRQHandler
                0x0800fd74                DMA1_Channel3_IRQHandler
                0x0800fd74                FSMC_IRQHandler
                0x0800fd74                TIM1_UP_IRQHandler
                0x0800fd74                WWDG_IRQHandler
                0x0800fd74                TIM2_IRQHandler
                0x0800fd74                TIM1_BRK_IRQHandler
                0x0800fd74                EXTI1_IRQHandler
                0x0800fd74                RTCAlarm_IRQHandler
                0x0800fd74                DMA2_Channel4_5_IRQHandler
                0x0800fd74                I2C2_ER_IRQHandler
                0x0800fd74                TIM8_BRK_IRQHandler
                0x0800fd74                CAN1_SCE_IRQHandler
                0x0800fd74                FLASH_IRQHandler
                0x0800fd74                SPI3_IRQHandler
                0x0800fd74                I2C1_ER_IRQHandler
                0x0800fd74                USBWakeUp_IRQHandler
                0x0800fd74                DMA2_Channel3_IRQHandler
 *(.rodata)
 .rodata        0x0800fd78        0xc build/application.o
 .rodata        0x0800fd84       0x58 build/startup.o
 .rodata        0x0800fddc       0x68 build/board.o
 .rodata        0x0800fe44       0x98 build/rtc.o
 .rodata        0x0800fedc        0x8 build/usart.o
 .rodata        0x0800fee4       0xf4 build/serial.o
 .rodata        0x0800ffd8       0x68 build/src/device.o
 .rodata        0x08010040       0x50 build/src/idle.o
 .rodata        0x08010090       0xc0 build/src/ipc.o
 .rodata        0x08010150       0x90 build/src/kservice.o
 .rodata        0x080101e0      0x2d0 build/src/mem.o
 .rodata        0x080104b0       0x58 build/src/mempool.o
 .rodata        0x08010508       0x88 build/src/object.o
 .rodata        0x08010590       0x88 build/src/scheduler.o
 .rodata        0x08010618       0xb4 build/src/thread.o
 .rodata        0x080106cc       0x58 build/src/timer.o
 .rodata        0x08010724       0xd0 build/libcpu/arm/cortex-m3/cpuport.o
 .rodata        0x080107f4      0x64c build/components/finsh/cmd.o
 .rodata        0x08010e40       0xf4 build/components/finsh/finsh_error.o
 .rodata        0x08010f34       0x40 build/components/finsh/finsh_token.o
 .rodata        0x08010f74       0xcc build/components/finsh/shell.o
 .rodata        0x08011040        0x4 build/components/libc/minilibc/time.o
 .rodata        0x08011044       0x3c build/bsp/Libraries/STM32F10x_StdPeriph_Driver/src/stm32f10x_rcc.o
 .rodata        0x08011080       0x3c build/bsp/Libraries/STM32F10x_StdPeriph_Driver/src/stm32f10x_pwr.o
 .rodata        0x080110bc       0x3c build/bsp/Libraries/STM32F10x_StdPeriph_Driver/src/stm32f10x_bkp.o
 .rodata        0x080110f8       0x3c build/bsp/Libraries/STM32F10x_StdPeriph_Driver/src/stm32f10x_rtc.o
 .rodata        0x08011134       0x3c build/bsp/Libraries/STM32F10x_StdPeriph_Driver/src/stm32f10x_fsmc.o
 .rodata        0x08011170       0x3c build/bsp/Libraries/STM32F10x_StdPeriph_Driver/src/stm32f10x_gpio.o
 .rodata        0x080111ac       0x3c build/bsp/Libraries/STM32F10x_StdPeriph_Driver/src/stm32f10x_usart.o
 .rodata        0x080111e8       0x3c build/bsp/Libraries/STM32F10x_StdPeriph_Driver/src/stm32f10x_dma.o
 .rodata        0x08011224       0x30 build/bsp/Libraries/STM32F10x_StdPeriph_Driver/src/misc.o
 *(.rodata*)
 .rodata.__fsym_checksram_name
                0x08011254        0xc build/board.o
                0x08011254                __fsym_checksram_name
 .rodata.__fsym_checksram_desc
                0x08011260        0xc build/board.o
                0x08011260                __fsym_checksram_desc
 .rodata.__fsym_set_date_name
                0x0801126c        0xc build/rtc.o
                0x0801126c                __fsym_set_date_name
 .rodata.__fsym_set_date_desc
                0x08011278       0x24 build/rtc.o
                0x08011278                __fsym_set_date_desc
 .rodata.__fsym_set_time_name
                0x0801129c        0xc build/rtc.o
                0x0801129c                __fsym_set_time_name
 .rodata.__fsym_set_time_desc
                0x080112a8       0x24 build/rtc.o
                0x080112a8                __fsym_set_time_desc
 .rodata.__fsym_list_date_name
                0x080112cc        0xc build/rtc.o
                0x080112cc                __fsym_list_date_name
 .rodata.__fsym_list_date_desc
                0x080112d8       0x14 build/rtc.o
                0x080112d8                __fsym_list_date_desc
 .rodata.__FUNCTION__.7159
                0x080112ec       0x10 build/rtc.o
 .rodata.__FUNCTION__.7337
                0x080112fc       0x14 build/serial.o
 .rodata.__FUNCTION__.7324
                0x08011310       0x18 build/serial.o
 .rodata.__FUNCTION__.7310
                0x08011328       0x14 build/serial.o
 .rodata.__FUNCTION__.7282
                0x0801133c       0x10 build/serial.o
 .rodata.__FUNCTION__.7268
                0x0801134c       0x18 build/serial.o
 .rodata.__FUNCTION__.7232
                0x08011364       0x10 build/serial.o
 .rodata.__fsym_led_name
                0x08011374        0x4 build/led.o
                0x08011374                __fsym_led_name
 .rodata.__fsym_led_desc
                0x08011378       0x20 build/led.o
                0x08011378                __fsym_led_desc
 .rodata.__FUNCTION__.4735
                0x08011398       0x1c build/src/device.o
 .rodata.__FUNCTION__.4724
                0x080113b4       0x14 build/src/device.o
 .rodata.__FUNCTION__.4714
                0x080113c8       0x10 build/src/device.o
 .rodata.__FUNCTION__.4703
                0x080113d8       0x10 build/src/device.o
 .rodata.__FUNCTION__.4692
                0x080113e8       0x10 build/src/device.o
 .rodata.__FUNCTION__.4683
                0x080113f8       0x10 build/src/device.o
 .rodata.__FUNCTION__.4700
                0x08011408       0x18 build/src/idle.o
 .rodata.__FUNCTION__.4771
                0x08011420        0xc build/src/ipc.o
 .rodata.__FUNCTION__.4727
                0x0801142c        0xc build/src/ipc.o
 .rodata.large_digits.4851
                0x08011438       0x14 build/src/kservice.o
 .rodata.small_digits.4850
                0x0801144c       0x14 build/src/kservice.o
 .rodata.__fsym_list_mem_name
                0x08011460        0xc build/src/mem.o
                0x08011460                __fsym_list_mem_name
 .rodata.__fsym_list_mem_desc
                0x0801146c       0x20 build/src/mem.o
                0x0801146c                __fsym_list_mem_desc
 .rodata.__FUNCTION__.4810
                0x0801148c        0x8 build/src/mem.o
 .rodata.__FUNCTION__.4751
                0x08011494        0xc build/src/mem.o
 .rodata.__FUNCTION__.4738
                0x080114a0       0x14 build/src/mem.o
 .rodata.__FUNCTION__.4718
                0x080114b4        0xc build/src/mem.o
 .rodata.__FUNCTION__.4775
                0x080114c0        0xc build/src/mempool.o
 .rodata.__FUNCTION__.4712
                0x080114cc        0xc build/src/mempool.o
 .rodata.__FUNCTION__.4769
                0x080114d8       0x1c build/src/object.o
 .rodata.__FUNCTION__.4757
                0x080114f4       0x14 build/src/object.o
 .rodata.__FUNCTION__.4747
                0x08011508       0x14 build/src/object.o
 .rodata.__FUNCTION__.4735
                0x0801151c       0x14 build/src/object.o
 .rodata.rt_lowest_bitmap
                0x08011530      0x100 build/src/scheduler.o
                0x08011530                rt_lowest_bitmap
 .rodata.__FUNCTION__.4752
                0x08011630       0x1c build/src/scheduler.o
 .rodata.__FUNCTION__.4743
                0x0801164c       0x1c build/src/scheduler.o
 .rodata.__FUNCTION__.4706
                0x08011668       0x1c build/src/scheduler.o
 .rodata.__FUNCTION__.4831
                0x08011684       0x14 build/src/thread.o
 .rodata.__FUNCTION__.4822
                0x08011698       0x14 build/src/thread.o
 .rodata.__FUNCTION__.4813
                0x080116ac       0x14 build/src/thread.o
 .rodata.__FUNCTION__.4785
                0x080116c0       0x10 build/src/thread.o
 .rodata.__FUNCTION__.4737
                0x080116d0       0x14 build/src/thread.o
 .rodata.__FUNCTION__.4722
                0x080116e4       0x10 build/src/thread.o
 .rodata.__FUNCTION__.4706
                0x080116f4       0x10 build/src/thread.o
 .rodata.__FUNCTION__.4784
                0x08011704       0x14 build/src/timer.o
 .rodata.__FUNCTION__.4758
                0x08011718       0x10 build/src/timer.o
 .rodata.__FUNCTION__.4719
                0x08011728       0x10 build/src/timer.o
 .rodata.__fsym_hello_name
                0x08011738        0x8 build/components/finsh/cmd.o
                0x08011738                __fsym_hello_name
 .rodata.__fsym_hello_desc
                0x08011740       0x10 build/components/finsh/cmd.o
                0x08011740                __fsym_hello_desc
 .rodata.__fsym_version_name
                0x08011750        0x8 build/components/finsh/cmd.o
                0x08011750                __fsym_version_name
 .rodata.__fsym_version_desc
                0x08011758       0x24 build/components/finsh/cmd.o
                0x08011758                __fsym_version_desc
 .rodata.__fsym_list_thread_name
                0x0801177c        0xc build/components/finsh/cmd.o
                0x0801177c                __fsym_list_thread_name
 .rodata.__fsym_list_thread_desc
                0x08011788        0xc build/components/finsh/cmd.o
                0x08011788                __fsym_list_thread_desc
 .rodata.__fsym_list_sem_name
                0x08011794        0xc build/components/finsh/cmd.o
                0x08011794                __fsym_list_sem_name
 .rodata.__fsym_list_sem_desc
                0x080117a0       0x1c build/components/finsh/cmd.o
                0x080117a0                __fsym_list_sem_desc
 .rodata.__fsym_list_event_name
                0x080117bc        0xc build/components/finsh/cmd.o
                0x080117bc                __fsym_list_event_name
 .rodata.__fsym_list_event_desc
                0x080117c8       0x18 build/components/finsh/cmd.o
                0x080117c8                __fsym_list_event_desc
 .rodata.__fsym_list_mutex_name
                0x080117e0        0xc build/components/finsh/cmd.o
                0x080117e0                __fsym_list_mutex_name
 .rodata.__fsym_list_mutex_desc
                0x080117ec       0x18 build/components/finsh/cmd.o
                0x080117ec                __fsym_list_mutex_desc
 .rodata.__fsym_list_mailbox_name
                0x08011804       0x10 build/components/finsh/cmd.o
                0x08011804                __fsym_list_mailbox_name
 .rodata.__fsym_list_mailbox_desc
                0x08011814       0x18 build/components/finsh/cmd.o
                0x08011814                __fsym_list_mailbox_desc
 .rodata.__fsym_list_msgqueue_name
                0x0801182c       0x10 build/components/finsh/cmd.o
                0x0801182c                __fsym_list_msgqueue_name
 .rodata.__fsym_list_msgqueue_desc
                0x0801183c       0x20 build/components/finsh/cmd.o
                0x0801183c                __fsym_list_msgqueue_desc
 .rodata.__fsym_list_mempool_name
                0x0801185c       0x10 build/components/finsh/cmd.o
                0x0801185c                __fsym_list_mempool_name
 .rodata.__fsym_list_mempool_desc
                0x0801186c       0x1c build/components/finsh/cmd.o
                0x0801186c                __fsym_list_mempool_desc
 .rodata.__fsym_list_timer_name
                0x08011888        0xc build/components/finsh/cmd.o
                0x08011888                __fsym_list_timer_name
 .rodata.__fsym_list_timer_desc
                0x08011894       0x18 build/components/finsh/cmd.o
                0x08011894                __fsym_list_timer_desc
 .rodata.__fsym_list_device_name
                0x080118ac        0xc build/components/finsh/cmd.o
                0x080118ac                __fsym_list_device_name
 .rodata.__fsym_list_device_desc
                0x080118b8       0x18 build/components/finsh/cmd.o
                0x080118b8                __fsym_list_device_desc
 .rodata.__fsym_list_name
                0x080118d0        0x8 build/components/finsh/cmd.o
                0x080118d0                __fsym_list_name
 .rodata.__fsym_list_desc
                0x080118d8       0x1c build/components/finsh/cmd.o
                0x080118d8                __fsym_list_desc
 .rodata.__vsym_dummy_name
                0x080118f4        0x8 build/components/finsh/cmd.o
                0x080118f4                __vsym_dummy_name
 .rodata.__vsym_dummy_desc
                0x080118fc       0x1c build/components/finsh/cmd.o
                0x080118fc                __vsym_dummy_desc
 .rodata.op_table
                0x08011918       0xc4 build/components/finsh/finsh_ops.o
                0x08011918                op_table
 .rodata.finsh_name_table
                0x080119dc       0x40 build/components/finsh/finsh_token.o
 .rodata.__FUNCTION__.4928
                0x08011a1c       0x14 build/components/finsh/shell.o
 .rodata.__FUNCTION__.4919
                0x08011a30       0x10 build/components/finsh/shell.o
 .rodata.__spm  0x08011a40       0x1c build/components/libc/minilibc/time.o
                0x08011a40                __spm
 .rodata.days   0x08011a5c       0x20 build/components/libc/minilibc/time.o
 .rodata.months
                0x08011a7c       0x34 build/components/libc/minilibc/time.o
 *(.glue_7)
 .glue_7        0x00000000        0x0 linker stubs
 *(.glue_7t)
 .glue_7t       0x00000000        0x0 linker stubs
 *(.gnu.linkonce.t*)
                0x08011ab0                . = ALIGN (0x4)
                0x08011ab0                __fsymtab_start = .
 *(FSymTab)
 FSymTab        0x08011ab0        0xc build/board.o
                0x08011ab0                __fsym_checksram
 FSymTab        0x08011abc       0x24 build/rtc.o
                0x08011abc                __fsym_set_date
                0x08011ac8                __fsym_set_time
                0x08011ad4                __fsym_list_date
 FSymTab        0x08011ae0        0xc build/led.o
                0x08011ae0                __fsym_led
 FSymTab        0x08011aec        0xc build/src/mem.o
                0x08011aec                __fsym_list_mem
 FSymTab        0x08011af8       0x90 build/components/finsh/cmd.o
                0x08011af8                __fsym_hello
                0x08011b04                __fsym_version
                0x08011b10                __fsym_list_thread
                0x08011b1c                __fsym_list_sem
                0x08011b28                __fsym_list_event
                0x08011b34                __fsym_list_mutex
                0x08011b40                __fsym_list_mailbox
                0x08011b4c                __fsym_list_msgqueue
                0x08011b58                __fsym_list_mempool
                0x08011b64                __fsym_list_timer
                0x08011b70                __fsym_list_device
                0x08011b7c                __fsym_list
                0x08011b88                __fsymtab_end = .
                0x08011b88                . = ALIGN (0x4)
                0x08011b88                __vsymtab_start = .
 *(VSymTab)
 VSymTab        0x08011b88       0x10 build/components/finsh/cmd.o
                0x08011b88                __vsym_dummy
                0x08011b98                __vsymtab_end = .
                0x08011b98                . = ALIGN (0x4)
                0x08011b98                . = ALIGN (0x4)
                0x08011b98                _etext = .
                0x08011b98                __exidx_start = .

.vfp11_veneer   0x08011b98        0x0
 .vfp11_veneer  0x00000000        0x0 linker stubs

.v4_bx          0x08011b98        0x0
 .v4_bx         0x00000000        0x0 linker stubs

.iplt           0x08011b98        0x0
 .iplt          0x00000000        0x0 /opt/arm-none-eabi-2011.09/bin/../lib/gcc/arm-none-eabi/4.6.1/thumb2/crtbegin.o

.rel.dyn        0x08011b98        0x0
 .rel.iplt      0x00000000        0x0 /opt/arm-none-eabi-2011.09/bin/../lib/gcc/arm-none-eabi/4.6.1/thumb2/crtbegin.o

.ARM.exidx      0x08011b98        0x0
 *(.ARM.exidx* .gnu.linkonce.armexidx.*)
                0x08011b98                _sidata = .
                0x08011b98                __exidx_end = .

.data           0x20000000       0xf8 load address 0x08011b98
                0x20000000                . = ALIGN (0x4)
                0x20000000                _sdata = .
 *(.data)
 *(.data.*)
 .data.uart1    0x20000000        0xc build/usart.o
                0x20000000                uart1
 .data.rt_object_container
                0x2000000c       0x90 build/src/object.o
                0x2000000c                rt_object_container
 .data.rt_timer_list
                0x2000009c        0x8 build/src/timer.o
 .data.finsh_error_string_table
                0x200000a4       0x3c build/components/finsh/finsh_error.o
 .data.SystemCoreClock
                0x200000e0        0x4 build/bsp/Libraries/CMSIS/CM3/DeviceSupport/ST/STM32F10x/system_stm32f10x.o
                0x200000e0                SystemCoreClock
 .data.APBAHBPrescTable
                0x200000e4       0x10 build/bsp/Libraries/STM32F10x_StdPeriph_Driver/src/stm32f10x_rcc.o
 .data.ADCPrescTable
                0x200000f4        0x4 build/bsp/Libraries/STM32F10x_StdPeriph_Driver/src/stm32f10x_rcc.o
 *(.gnu.linkonce.d*)
                0x200000f8                . = ALIGN (0x4)
                0x200000f8                _edata = .

.igot.plt       0x200000f8        0x0 load address 0x08011c90
 .igot.plt      0x00000000        0x0 /opt/arm-none-eabi-2011.09/bin/../lib/gcc/arm-none-eabi/4.6.1/thumb2/crtbegin.o

.stack          0x200000f8      0x100 load address 0x08011c90
                0x200001f8                . = (. + _system_stack_size)
 *fill*         0x200000f8      0x100 00
                0x200001f8                . = ALIGN (0x4)
                0x200001f8                _estack = .
                0x200001f8                __bss_start = .

.bss            0x200001f8     0x13f0 load address 0x08011d90
                0x200001f8                . = ALIGN (0x4)
                0x200001f8                _sbss = .
 *(.bss)
 *(.bss.*)
 .bss.led_stack
                0x200001f8      0x200 build/application.o
 .bss.led_thread
                0x200003f8       0x80 build/application.o
 .bss.rtc       0x20000478       0x40 build/rtc.o
 .bss.led_inited
                0x200004b8        0x1 build/led.o
 *fill*         0x200004b9        0x3 00
 .bss.rt_tick   0x200004bc        0x4 build/src/clock.o
 .bss.idle      0x200004c0       0x80 build/src/idle.o
 .bss.rt_thread_stack
                0x20000540      0x100 build/src/idle.o
 .bss.rt_thread_idle_hook
                0x20000640        0x4 build/src/idle.o
 .bss._errno    0x20000644        0x4 build/src/kservice.o
 .bss._console_device
                0x20000648        0x4 build/src/kservice.o
 .bss.rt_log_buf.4959
                0x2000064c       0x80 build/src/kservice.o
 .bss.rt_malloc_hook
                0x200006cc        0x4 build/src/mem.o
 .bss.rt_free_hook
                0x200006d0        0x4 build/src/mem.o
 .bss.heap_ptr  0x200006d4        0x4 build/src/mem.o
 .bss.heap_end  0x200006d8        0x4 build/src/mem.o
 .bss.lfree     0x200006dc        0x4 build/src/mem.o
 .bss.heap_sem  0x200006e0       0x20 build/src/mem.o
 .bss.mem_size_aligned
                0x20000700        0x4 build/src/mem.o
 .bss.used_mem  0x20000704        0x4 build/src/mem.o
 .bss.max_mem   0x20000708        0x4 build/src/mem.o
 .bss.rt_mp_alloc_hook
                0x2000070c        0x4 build/src/mempool.o
 .bss.rt_object_attach_hook
                0x20000710        0x4 build/src/object.o
 .bss.rt_object_detach_hook
                0x20000714        0x4 build/src/object.o
 .bss.rt_scheduler_lock_nest
                0x20000718        0x2 build/src/scheduler.o
 *fill*         0x2000071a        0x2 00
 .bss.rt_scheduler_hook
                0x2000071c        0x4 build/src/scheduler.o
 .bss.rt_timer_timeout_hook
                0x20000720        0x4 build/src/timer.o
 .bss.rt_exception_hook
                0x20000724        0x4 build/libcpu/arm/cortex-m3/cpuport.o
 .bss.dummy     0x20000728        0x4 build/components/finsh/cmd.o
 .bss.free_list
                0x2000072c        0x4 build/components/finsh/finsh_heap.o
 .bss.allocate_list
                0x20000730        0x4 build/components/finsh/finsh_heap.o
 .bss.global_syscall_list
                0x20000734        0x4 build/components/finsh/finsh_vm.o
                0x20000734                global_syscall_list
 .bss.finsh_thread
                0x20000738       0x80 build/components/finsh/shell.o
 .bss.finsh_thread_stack
                0x200007b8      0x800 build/components/finsh/shell.o
 .bss._syscall_table_begin
                0x20000fb8        0x4 build/components/finsh/symbol.o
                0x20000fb8                _syscall_table_begin
 .bss._syscall_table_end
                0x20000fbc        0x4 build/components/finsh/symbol.o
                0x20000fbc                _syscall_table_end
 .bss._sysvar_table_begin
                0x20000fc0        0x4 build/components/finsh/symbol.o
                0x20000fc0                _sysvar_table_begin
 .bss._sysvar_table_end
                0x20000fc4        0x4 build/components/finsh/symbol.o
                0x20000fc4                _sysvar_table_end
 .bss.timezone  0x20000fc8        0x4 build/components/libc/minilibc/time.o
 .bss.buf.4713  0x20000fcc       0x1c build/components/libc/minilibc/time.o
 .bss.tmp.4692  0x20000fe8       0x2c build/components/libc/minilibc/time.o
 *(COMMON)
 COMMON         0x20001014       0x88 build/usart.o
                0x20001014                uart1_int_rx
                0x2000105c                uart1_device
 COMMON         0x2000109c        0x1 build/src/irq.o
                0x2000109c                rt_interrupt_nest
 *fill*         0x2000109d        0x3 00
 COMMON         0x200010a0        0xc build/src/object.o
                0x200010a0                rt_object_put_hook
                0x200010a4                rt_object_take_hook
                0x200010a8                rt_object_trytake_hook
 COMMON         0x200010ac      0x114 build/src/scheduler.o
                0x200010ac                rt_thread_priority_table
                0x200011ac                rt_current_priority
                0x200011b0                rt_current_thread
                0x200011b4                rt_thread_ready_priority_group
                0x200011b8                rt_thread_defunct
 COMMON         0x200011c0        0xc build/libcpu/arm/cortex-m3/cpuport.o
                0x200011c0                rt_interrupt_to_thread
                0x200011c4                rt_interrupt_from_thread
                0x200011c8                rt_thread_switch_interrupt_flag
 COMMON         0x200011cc        0x8 build/components/finsh/finsh_compiler.o
                0x200011cc                finsh_compile_pc
                0x200011d0                finsh_compile_sp
 COMMON         0x200011d4        0x1 build/components/finsh/finsh_error.o
                0x200011d4                global_errno
 *fill*         0x200011d5        0x3 00
 COMMON         0x200011d8       0x80 build/components/finsh/finsh_heap.o
                0x200011d8                finsh_heap
 COMMON         0x20001258      0x140 build/components/finsh/finsh_node.o
                0x20001258                global_node_table
 COMMON         0x20001398       0xc4 build/components/finsh/finsh_var.o
                0x20001398                global_sysvar_list
                0x2000139c                global_variable
 COMMON         0x2000145c      0x188 build/components/finsh/finsh_vm.o
                0x2000145c                text_segment
                0x200014dc                finsh_vm_stack
                0x200015dc                finsh_pc
                0x200015e0                finsh_sp
 COMMON         0x200015e4        0x4 build/components/finsh/shell.o
                0x200015e4                shell
                0x200015e8                . = ALIGN (0x4)
                0x200015e8                _ebss = .
 *(.bss.init)
                0x200015e8                __bss_end = .
                0x200015e8                _end = .

.stab
 *(.stab)

.stabstr
 *(.stabstr)

.stab.excl
 *(.stab.excl)

.stab.exclstr
 *(.stab.exclstr)

.stab.index
 *(.stab.index)

.stab.indexstr
 *(.stab.indexstr)

.comment        0x00000000       0x30
 *(.comment)
 .comment       0x00000000       0x30 build/application.o
                                 0x31 (size before relaxing)
 .comment       0x00000000       0x31 build/startup.o
 .comment       0x00000000       0x31 build/board.o
 .comment       0x00000000       0x31 build/stm32f10x_it.o
 .comment       0x00000000       0x31 build/rtc.o
 .comment       0x00000000       0x31 build/usart.o
 .comment       0x00000000       0x31 build/serial.o
 .comment       0x00000000       0x31 build/led.o
 .comment       0x00000000       0x31 build/src/clock.o
 .comment       0x00000000       0x31 build/src/device.o
 .comment       0x00000000       0x31 build/src/idle.o
 .comment       0x00000000       0x31 build/src/ipc.o
 .comment       0x00000000       0x31 build/src/irq.o
 .comment       0x00000000       0x31 build/src/kservice.o
 .comment       0x00000000       0x31 build/src/mem.o
 .comment       0x00000000       0x31 build/src/mempool.o
 .comment       0x00000000       0x31 build/src/object.o
 .comment       0x00000000       0x31 build/src/scheduler.o
 .comment       0x00000000       0x31 build/src/thread.o
 .comment       0x00000000       0x31 build/src/timer.o
 .comment       0x00000000       0x31 build/libcpu/arm/cortex-m3/cpuport.o
 .comment       0x00000000       0x31 build/components/finsh/cmd.o
 .comment       0x00000000       0x31 build/components/finsh/finsh_compiler.o
 .comment       0x00000000       0x31 build/components/finsh/finsh_error.o
 .comment       0x00000000       0x31 build/components/finsh/finsh_heap.o
 .comment       0x00000000       0x31 build/components/finsh/finsh_init.o
 .comment       0x00000000       0x31 build/components/finsh/finsh_node.o
 .comment       0x00000000       0x31 build/components/finsh/finsh_ops.o
 .comment       0x00000000       0x31 build/components/finsh/finsh_parser.o
 .comment       0x00000000       0x31 build/components/finsh/finsh_token.o
 .comment       0x00000000       0x31 build/components/finsh/finsh_var.o
 .comment       0x00000000       0x31 build/components/finsh/finsh_vm.o
 .comment       0x00000000       0x31 build/components/finsh/shell.o
 .comment       0x00000000       0x31 build/components/finsh/symbol.o
 .comment       0x00000000       0x31 build/components/libc/minilibc/stdlib.o
 .comment       0x00000000       0x31 build/components/libc/minilibc/string.o
 .comment       0x00000000       0x31 build/components/libc/minilibc/time.o
 .comment       0x00000000       0x31 build/bsp/Libraries/CMSIS/CM3/DeviceSupport/ST/STM32F10x/system_stm32f10x.o
 .comment       0x00000000       0x31 build/bsp/Libraries/STM32F10x_StdPeriph_Driver/src/stm32f10x_rcc.o
 .comment       0x00000000       0x31 build/bsp/Libraries/STM32F10x_StdPeriph_Driver/src/stm32f10x_pwr.o
 .comment       0x00000000       0x31 build/bsp/Libraries/STM32F10x_StdPeriph_Driver/src/stm32f10x_bkp.o
 .comment       0x00000000       0x31 build/bsp/Libraries/STM32F10x_StdPeriph_Driver/src/stm32f10x_rtc.o
 .comment       0x00000000       0x31 build/bsp/Libraries/STM32F10x_StdPeriph_Driver/src/stm32f10x_fsmc.o
 .comment       0x00000000       0x31 build/bsp/Libraries/STM32F10x_StdPeriph_Driver/src/stm32f10x_gpio.o
 .comment       0x00000000       0x31 build/bsp/Libraries/STM32F10x_StdPeriph_Driver/src/stm32f10x_usart.o
 .comment       0x00000000       0x31 build/bsp/Libraries/STM32F10x_StdPeriph_Driver/src/stm32f10x_dma.o
 .comment       0x00000000       0x31 build/bsp/Libraries/STM32F10x_StdPeriph_Driver/src/misc.o

.ARM.attributes
                0x00000000       0x27
 .ARM.attributes
                0x00000000       0x33 build/application.o
 .ARM.attributes
                0x00000033       0x33 build/startup.o
 .ARM.attributes
                0x00000066       0x33 build/board.o
 .ARM.attributes
                0x00000099       0x33 build/stm32f10x_it.o
 .ARM.attributes
                0x000000cc       0x33 build/rtc.o
 .ARM.attributes
                0x000000ff       0x33 build/usart.o
 .ARM.attributes
                0x00000132       0x33 build/serial.o
 .ARM.attributes
                0x00000165       0x33 build/led.o
 .ARM.attributes
                0x00000198       0x33 build/src/clock.o
 .ARM.attributes
                0x000001cb       0x33 build/src/device.o
 .ARM.attributes
                0x000001fe       0x33 build/src/idle.o
 .ARM.attributes
                0x00000231       0x33 build/src/ipc.o
 .ARM.attributes
                0x00000264       0x33 build/src/irq.o
 .ARM.attributes
                0x00000297       0x33 build/src/kservice.o
 .ARM.attributes
                0x000002ca       0x33 build/src/mem.o
 .ARM.attributes
                0x000002fd       0x33 build/src/mempool.o
 .ARM.attributes
                0x00000330       0x33 build/src/object.o
 .ARM.attributes
                0x00000363       0x33 build/src/scheduler.o
 .ARM.attributes
                0x00000396       0x33 build/src/thread.o
 .ARM.attributes
                0x000003c9       0x33 build/src/timer.o
 .ARM.attributes
                0x000003fc       0x33 build/libcpu/arm/cortex-m3/cpuport.o
 .ARM.attributes
                0x0000042f       0x21 build/libcpu/arm/cortex-m3/context_gcc.o
 .ARM.attributes
                0x00000450       0x33 build/components/finsh/cmd.o
 .ARM.attributes
                0x00000483       0x33 build/components/finsh/finsh_compiler.o
 .ARM.attributes
                0x000004b6       0x33 build/components/finsh/finsh_error.o
 .ARM.attributes
                0x000004e9       0x33 build/components/finsh/finsh_heap.o
 .ARM.attributes
                0x0000051c       0x33 build/components/finsh/finsh_init.o
 .ARM.attributes
                0x0000054f       0x33 build/components/finsh/finsh_node.o
 .ARM.attributes
                0x00000582       0x33 build/components/finsh/finsh_ops.o
 .ARM.attributes
                0x000005b5       0x33 build/components/finsh/finsh_parser.o
 .ARM.attributes
                0x000005e8       0x33 build/components/finsh/finsh_token.o
 .ARM.attributes
                0x0000061b       0x33 build/components/finsh/finsh_var.o
 .ARM.attributes
                0x0000064e       0x33 build/components/finsh/finsh_vm.o
 .ARM.attributes
                0x00000681       0x33 build/components/finsh/shell.o
 .ARM.attributes
                0x000006b4       0x33 build/components/finsh/symbol.o
 .ARM.attributes
                0x000006e7       0x33 build/components/libc/minilibc/stdlib.o
 .ARM.attributes
                0x0000071a       0x33 build/components/libc/minilibc/string.o
 .ARM.attributes
                0x0000074d       0x33 build/components/libc/minilibc/time.o
 .ARM.attributes
                0x00000780       0x33 build/bsp/Libraries/CMSIS/CM3/DeviceSupport/ST/STM32F10x/system_stm32f10x.o
 .ARM.attributes
                0x000007b3       0x33 build/bsp/Libraries/STM32F10x_StdPeriph_Driver/src/stm32f10x_rcc.o
 .ARM.attributes
                0x000007e6       0x33 build/bsp/Libraries/STM32F10x_StdPeriph_Driver/src/stm32f10x_pwr.o
 .ARM.attributes
                0x00000819       0x33 build/bsp/Libraries/STM32F10x_StdPeriph_Driver/src/stm32f10x_bkp.o
 .ARM.attributes
                0x0000084c       0x33 build/bsp/Libraries/STM32F10x_StdPeriph_Driver/src/stm32f10x_rtc.o
 .ARM.attributes
                0x0000087f       0x33 build/bsp/Libraries/STM32F10x_StdPeriph_Driver/src/stm32f10x_fsmc.o
 .ARM.attributes
                0x000008b2       0x33 build/bsp/Libraries/STM32F10x_StdPeriph_Driver/src/stm32f10x_gpio.o
 .ARM.attributes
                0x000008e5       0x33 build/bsp/Libraries/STM32F10x_StdPeriph_Driver/src/stm32f10x_usart.o
 .ARM.attributes
                0x00000918       0x33 build/bsp/Libraries/STM32F10x_StdPeriph_Driver/src/stm32f10x_dma.o
 .ARM.attributes
                0x0000094b       0x33 build/bsp/Libraries/STM32F10x_StdPeriph_Driver/src/misc.o
 .ARM.attributes
                0x0000097e       0x21 build/bsp/Libraries/CMSIS/CM3/DeviceSupport/ST/STM32F10x/startup/gcc_ride7/startup_stm32f10x_hd.o

.debug
 *(.debug)

.line
 *(.line)

.debug_srcinfo
 *(.debug_srcinfo)

.debug_sfnames
 *(.debug_sfnames)

.debug_aranges  0x00000000     0x1730
 *(.debug_aranges)
 .debug_aranges
                0x00000000       0x30 build/application.o
 .debug_aranges
                0x00000030       0x30 build/startup.o
 .debug_aranges
                0x00000060       0x50 build/board.o
 .debug_aranges
                0x000000b0       0x70 build/stm32f10x_it.o
 .debug_aranges
                0x00000120       0x60 build/rtc.o
 .debug_aranges
                0x00000180       0x40 build/usart.o
 .debug_aranges
                0x000001c0       0x68 build/serial.o
 .debug_aranges
                0x00000228       0x38 build/led.o
 .debug_aranges
                0x00000260       0x40 build/src/clock.o
 .debug_aranges
                0x000002a0       0x78 build/src/device.o
 .debug_aranges
                0x00000318       0x48 build/src/idle.o
 .debug_aranges
                0x00000360      0x180 build/src/ipc.o
 .debug_aranges
                0x000004e0       0x30 build/src/irq.o
 .debug_aranges
                0x00000510       0xf8 build/src/kservice.o
 .debug_aranges
                0x00000608       0x68 build/src/mem.o
 .debug_aranges
                0x00000670       0x70 build/src/mempool.o
 .debug_aranges
                0x000006e0       0x90 build/src/object.o
 .debug_aranges
                0x00000770       0x80 build/src/scheduler.o
 .debug_aranges
                0x000007f0       0xb8 build/src/thread.o
 .debug_aranges
                0x000008a8       0xb0 build/src/timer.o
 .debug_aranges
                0x00000958       0x38 build/libcpu/arm/cortex-m3/cpuport.o
 .debug_aranges
                0x00000990       0x20 build/libcpu/arm/cortex-m3/context_gcc.o
 .debug_aranges
                0x000009b0       0xf0 build/components/finsh/cmd.o
 .debug_aranges
                0x00000aa0       0x30 build/components/finsh/finsh_compiler.o
 .debug_aranges
                0x00000ad0       0x38 build/components/finsh/finsh_error.o
 .debug_aranges
                0x00000b08       0x58 build/components/finsh/finsh_heap.o
 .debug_aranges
                0x00000b60       0x38 build/components/finsh/finsh_init.o
 .debug_aranges
                0x00000b98       0x58 build/components/finsh/finsh_node.o
 .debug_aranges
                0x00000bf0      0x198 build/components/finsh/finsh_ops.o
 .debug_aranges
                0x00000d88       0xb8 build/components/finsh/finsh_parser.o
 .debug_aranges
                0x00000e40       0x88 build/components/finsh/finsh_token.o
 .debug_aranges
                0x00000ec8       0x48 build/components/finsh/finsh_var.o
 .debug_aranges
                0x00000f10       0x30 build/components/finsh/finsh_vm.o
 .debug_aranges
                0x00000f40       0x80 build/components/finsh/shell.o
 .debug_aranges
                0x00000fc0       0x48 build/components/libc/minilibc/stdlib.o
 .debug_aranges
                0x00001008       0xe0 build/components/libc/minilibc/string.o
 .debug_aranges
                0x000010e8       0x68 build/components/libc/minilibc/time.o
 .debug_aranges
                0x00001150       0x38 build/bsp/Libraries/CMSIS/CM3/DeviceSupport/ST/STM32F10x/system_stm32f10x.o
 .debug_aranges
                0x00001188      0x118 build/bsp/Libraries/STM32F10x_StdPeriph_Driver/src/stm32f10x_rcc.o
 .debug_aranges
                0x000012a0       0x60 build/bsp/Libraries/STM32F10x_StdPeriph_Driver/src/stm32f10x_pwr.o
 .debug_aranges
                0x00001300       0x78 build/bsp/Libraries/STM32F10x_StdPeriph_Driver/src/stm32f10x_bkp.o
 .debug_aranges
                0x00001378       0x88 build/bsp/Libraries/STM32F10x_StdPeriph_Driver/src/stm32f10x_rtc.o
 .debug_aranges
                0x00001400       0xb0 build/bsp/Libraries/STM32F10x_StdPeriph_Driver/src/stm32f10x_fsmc.o
 .debug_aranges
                0x000014b0       0xa8 build/bsp/Libraries/STM32F10x_StdPeriph_Driver/src/stm32f10x_gpio.o
 .debug_aranges
                0x00001558      0x100 build/bsp/Libraries/STM32F10x_StdPeriph_Driver/src/stm32f10x_usart.o
 .debug_aranges
                0x00001658       0x70 build/bsp/Libraries/STM32F10x_StdPeriph_Driver/src/stm32f10x_dma.o
 .debug_aranges
                0x000016c8       0x40 build/bsp/Libraries/STM32F10x_StdPeriph_Driver/src/misc.o
 .debug_aranges
                0x00001708       0x28 build/bsp/Libraries/CMSIS/CM3/DeviceSupport/ST/STM32F10x/startup/gcc_ride7/startup_stm32f10x_hd.o

.debug_pubnames
 *(.debug_pubnames)

.debug_info     0x00000000    0x171cd
 *(.debug_info .gnu.linkonce.wi.*)
 .debug_info    0x00000000      0x405 build/application.o
 .debug_info    0x00000405      0x15b build/startup.o
 .debug_info    0x00000560      0xadf build/board.o
 .debug_info    0x0000103f      0x4ef build/stm32f10x_it.o
 .debug_info    0x0000152e      0x9ed build/rtc.o
 .debug_info    0x00001f1b      0xc12 build/usart.o
 .debug_info    0x00002b2d      0xce0 build/serial.o
 .debug_info    0x0000380d      0x3ca build/led.o
 .debug_info    0x00003bd7      0x3f8 build/src/clock.o
 .debug_info    0x00003fcf      0x9b8 build/src/device.o
 .debug_info    0x00004987      0x51c build/src/idle.o
 .debug_info    0x00004ea3     0x1e8e build/src/ipc.o
 .debug_info    0x00006d31      0x10c build/src/irq.o
 .debug_info    0x00006e3d     0x104e build/src/kservice.o
 .debug_info    0x00007e8b      0x949 build/src/mem.o
 .debug_info    0x000087d4      0x931 build/src/mempool.o
 .debug_info    0x00009105      0x750 build/src/object.o
 .debug_info    0x00009855      0x7df build/src/scheduler.o
 .debug_info    0x0000a034      0xc51 build/src/thread.o
 .debug_info    0x0000ac85      0x87f build/src/timer.o
 .debug_info    0x0000b504      0x34e build/libcpu/arm/cortex-m3/cpuport.o
 .debug_info    0x0000b852       0x94 build/libcpu/arm/cortex-m3/context_gcc.o
 .debug_info    0x0000b8e6     0x179e build/components/finsh/cmd.o
 .debug_info    0x0000d084      0x5bd build/components/finsh/finsh_compiler.o
 .debug_info    0x0000d641      0x154 build/components/finsh/finsh_error.o
 .debug_info    0x0000d795      0x436 build/components/finsh/finsh_heap.o
 .debug_info    0x0000dbcb      0x4ab build/components/finsh/finsh_init.o
 .debug_info    0x0000e076      0x4a2 build/components/finsh/finsh_node.o
 .debug_info    0x0000e518      0x618 build/components/finsh/finsh_ops.o
 .debug_info    0x0000eb30      0xbf5 build/components/finsh/finsh_parser.o
 .debug_info    0x0000f725      0x6b3 build/components/finsh/finsh_token.o
 .debug_info    0x0000fdd8      0x3f4 build/components/finsh/finsh_var.o
 .debug_info    0x000101cc      0x342 build/components/finsh/finsh_vm.o
 .debug_info    0x0001050e      0xeb2 build/components/finsh/shell.o
 .debug_info    0x000113c0      0x174 build/components/finsh/symbol.o
 .debug_info    0x00011534      0x1e3 build/components/libc/minilibc/stdlib.o
 .debug_info    0x00011717      0xa90 build/components/libc/minilibc/string.o
 .debug_info    0x000121a7      0x81b build/components/libc/minilibc/time.o
 .debug_info    0x000129c2      0x516 build/bsp/Libraries/CMSIS/CM3/DeviceSupport/ST/STM32F10x/system_stm32f10x.o
 .debug_info    0x00012ed8      0x943 build/bsp/Libraries/STM32F10x_StdPeriph_Driver/src/stm32f10x_rcc.o
 .debug_info    0x0001381b      0x4ef build/bsp/Libraries/STM32F10x_StdPeriph_Driver/src/stm32f10x_pwr.o
 .debug_info    0x00013d0a      0x8bb build/bsp/Libraries/STM32F10x_StdPeriph_Driver/src/stm32f10x_bkp.o