Archive member included because of file (symbol)

/opt/arm-none-eabi-2011.09/bin/../lib/gcc/arm-none-eabi/4.6.1/thumb2/libgcc.a(_arm_addsubdf3.o)
                              build/components/libc/minilibc/math.o (__aeabi_dsub)
/opt/arm-none-eabi-2011.09/bin/../lib/gcc/arm-none-eabi/4.6.1/thumb2/libgcc.a(_arm_muldivdf3.o)
                              build/components/libc/minilibc/math.o (__aeabi_dmul)
/opt/arm-none-eabi-2011.09/bin/../lib/gcc/arm-none-eabi/4.6.1/thumb2/libgcc.a(_arm_fixdfsi.o)
                              build/components/libc/minilibc/math.o (__aeabi_d2iz)

Allocating common symbols
Common symbol       size              file

current_iphdr_src   0x4               build/components/net/lwip/src/core/ipv4/ip.o
netif_list          0x4               build/components/net/lwip/src/core/netif.o
rt_interrupt_to_thread
                    0x4               build/libcpu/arm/cortex-m3/cpuport.o
rt_interrupt_from_thread
                    0x4               build/libcpu/arm/cortex-m3/cpuport.o
global_sysvar_list  0x4               build/components/finsh/finsh_var.o
finsh_heap          0x80              build/components/finsh/finsh_heap.o
tcp_active_pcbs     0x4               build/components/net/lwip/src/core/tcp.o
udp_pcbs            0x4               build/components/net/lwip/src/core/udp.o
current_netif       0x4               build/components/net/lwip/src/core/ipv4/ip.o
shell               0x4               build/components/finsh/shell.o
tcp_ticks           0x4               build/components/net/lwip/src/core/tcp.o
tcp_listen_pcbs     0x4               build/components/net/lwip/src/core/tcp.o
current_iphdr_dest  0x4               build/components/net/lwip/src/core/ipv4/ip.o
rt_thread_switch_interrupt_flag
                    0x4               build/libcpu/arm/cortex-m3/cpuport.o
text_segment        0x80              build/components/finsh/finsh_vm.o
finsh_compile_pc    0x4               build/components/finsh/finsh_compiler.o
tcp_tmp_pcb         0x4               build/components/net/lwip/src/core/tcp.o
finsh_vm_stack      0x100             build/components/finsh/finsh_vm.o
h_errno             0x4               build/components/net/lwip/src/api/netdb.o
global_errno        0x1               build/components/finsh/finsh_error.o
rt_thread_priority_table
                    0x100             build/src/scheduler.o
tcp_input_pcb       0x4               build/components/net/lwip/src/core/tcp_in.o
rt_object_put_hook  0x4               build/src/object.o
current_header      0x4               build/components/net/lwip/src/core/ipv4/ip.o
rt_current_priority
                    0x1               build/src/scheduler.o
tcp_bound_pcbs      0x4               build/components/net/lwip/src/core/tcp.o
rt_interrupt_nest   0x1               build/src/irq.o
rt_object_take_hook
                    0x4               build/src/object.o
rt_current_thread   0x4               build/src/scheduler.o
rt_thread_ready_priority_group
                    0x4               build/src/scheduler.o
rt_thread_defunct   0x8               build/src/scheduler.o
global_node_table   0x140             build/components/finsh/finsh_node.o
finsh_compile_sp    0x4               build/components/finsh/finsh_compiler.o
tcp_tw_pcbs         0x4               build/components/net/lwip/src/core/tcp.o
uart1_int_rx        0x48              build/usart.o
finsh_pc            0x4               build/components/finsh/finsh_vm.o
netif_default       0x4               build/components/net/lwip/src/core/netif.o
rt_object_trytake_hook
                    0x4               build/src/object.o
uart1_device        0x40              build/usart.o
finsh_sp            0x4               build/components/finsh/finsh_vm.o
global_variable     0xc0              build/components/finsh/finsh_var.o

Discarded input sections

 .text          0x00000000        0x0 /opt/arm-none-eabi-2011.09/bin/../lib/gcc/arm-none-eabi/4.6.1/thumb2/crti.o
 .data          0x00000000        0x0 /opt/arm-none-eabi-2011.09/bin/../lib/gcc/arm-none-eabi/4.6.1/thumb2/crti.o
 .bss           0x00000000        0x0 /opt/arm-none-eabi-2011.09/bin/../lib/gcc/arm-none-eabi/4.6.1/thumb2/crti.o
 .init          0x00000000        0x4 /opt/arm-none-eabi-2011.09/bin/../lib/gcc/arm-none-eabi/4.6.1/thumb2/crti.o
 .fini          0x00000000        0x4 /opt/arm-none-eabi-2011.09/bin/../lib/gcc/arm-none-eabi/4.6.1/thumb2/crti.o
 .ARM.attributes
                0x00000000       0x1b /opt/arm-none-eabi-2011.09/bin/../lib/gcc/arm-none-eabi/4.6.1/thumb2/crti.o
 .text          0x00000000       0x68 /opt/arm-none-eabi-2011.09/bin/../lib/gcc/arm-none-eabi/4.6.1/thumb2/crtbegin.o
 .data          0x00000000        0x4 /opt/arm-none-eabi-2011.09/bin/../lib/gcc/arm-none-eabi/4.6.1/thumb2/crtbegin.o
 .bss           0x00000000       0x1c /opt/arm-none-eabi-2011.09/bin/../lib/gcc/arm-none-eabi/4.6.1/thumb2/crtbegin.o
 .init_array    0x00000000        0x4 /opt/arm-none-eabi-2011.09/bin/../lib/gcc/arm-none-eabi/4.6.1/thumb2/crtbegin.o
[...]
Memory Configuration

Name             Origin             Length             Attributes
CODE             0x08000000         0x00080000         xr
DATA             0x20000000         0x00010000         rw
*default*        0x00000000         0xffffffff

Linker script and memory map

LOAD /opt/arm-none-eabi-2011.09/bin/../lib/gcc/arm-none-eabi/4.6.1/thumb2/crti.o
LOAD /opt/arm-none-eabi-2011.09/bin/../lib/gcc/arm-none-eabi/4.6.1/thumb2/crtbegin.o
LOAD build/application.o
LOAD build/startup.o
LOAD build/board.o
LOAD build/stm32f10x_it.o
LOAD build/rtc.o
LOAD build/usart.o
LOAD build/serial.o
LOAD build/led.o
LOAD build/dm9000a.o
LOAD build/tcp_server_echo.o
LOAD build/src/clock.o
LOAD build/src/device.o
LOAD build/src/idle.o
LOAD build/src/ipc.o
LOAD build/src/irq.o
LOAD build/src/kservice.o
LOAD build/src/mem.o
LOAD build/src/mempool.o
LOAD build/src/object.o
LOAD build/src/scheduler.o
LOAD build/src/thread.o
LOAD build/src/timer.o
LOAD build/libcpu/arm/cortex-m3/cpuport.o
LOAD build/libcpu/arm/cortex-m3/context_gcc.o
LOAD build/libcpu/arm/common/backtrace.o
LOAD build/libcpu/arm/common/div0.o
LOAD build/libcpu/arm/common/showmem.o
LOAD build/components/finsh/cmd.o
LOAD build/components/finsh/finsh_compiler.o
LOAD build/components/finsh/finsh_error.o
LOAD build/components/finsh/finsh_heap.o
LOAD build/components/finsh/finsh_init.o
LOAD build/components/finsh/finsh_node.o
LOAD build/components/finsh/finsh_ops.o
LOAD build/components/finsh/finsh_parser.o
LOAD build/components/finsh/finsh_token.o
LOAD build/components/finsh/finsh_var.o
LOAD build/components/finsh/finsh_vm.o
LOAD build/components/finsh/shell.o
LOAD build/components/finsh/symbol.o
LOAD build/components/net/lwip/src/api/api_lib.o
LOAD build/components/net/lwip/src/api/api_msg.o
LOAD build/components/net/lwip/src/api/err.o
LOAD build/components/net/lwip/src/api/netbuf.o
LOAD build/components/net/lwip/src/api/netdb.o
LOAD build/components/net/lwip/src/api/netifapi.o
LOAD build/components/net/lwip/src/api/sockets.o
LOAD build/components/net/lwip/src/api/tcpip.o
LOAD build/components/net/lwip/src/arch/sys_arch.o
LOAD build/components/net/lwip/src/core/def.o
LOAD build/components/net/lwip/src/core/dhcp.o
LOAD build/components/net/lwip/src/core/dns.o
LOAD build/components/net/lwip/src/core/init.o
LOAD build/components/net/lwip/src/core/memp.o
LOAD build/components/net/lwip/src/core/netif.o
LOAD build/components/net/lwip/src/core/pbuf.o
LOAD build/components/net/lwip/src/core/raw.o
LOAD build/components/net/lwip/src/core/stats.o
LOAD build/components/net/lwip/src/core/sys.o
LOAD build/components/net/lwip/src/core/tcp.o
LOAD build/components/net/lwip/src/core/tcp_in.o
LOAD build/components/net/lwip/src/core/tcp_out.o
LOAD build/components/net/lwip/src/core/timers.o
LOAD build/components/net/lwip/src/core/udp.o
LOAD build/components/net/lwip/src/core/ipv4/autoip.o
LOAD build/components/net/lwip/src/core/ipv4/icmp.o
LOAD build/components/net/lwip/src/core/ipv4/igmp.o
LOAD build/components/net/lwip/src/core/ipv4/inet.o
LOAD build/components/net/lwip/src/core/ipv4/inet_chksum.o
LOAD build/components/net/lwip/src/core/ipv4/ip.o
LOAD build/components/net/lwip/src/core/ipv4/ip_addr.o
LOAD build/components/net/lwip/src/core/ipv4/ip_frag.o
LOAD build/components/net/lwip/src/netif/etharp.o
LOAD build/components/net/lwip/src/netif/ethernetif.o
LOAD build/components/net/lwip/src/netif/slipif.o
LOAD build/components/libc/minilibc/ctype.o
LOAD build/components/libc/minilibc/math.o
LOAD build/components/libc/minilibc/qsort.o
LOAD build/components/libc/minilibc/rand.o
LOAD build/components/libc/minilibc/stdlib.o
LOAD build/components/libc/minilibc/string.o
LOAD build/components/libc/minilibc/time.o
LOAD build/bsp/Libraries/CMSIS/CM3/DeviceSupport/ST/STM32F10x/system_stm32f10x.o
LOAD build/bsp/Libraries/STM32F10x_StdPeriph_Driver/src/stm32f10x_crc.o
LOAD build/bsp/Libraries/STM32F10x_StdPeriph_Driver/src/stm32f10x_rcc.o
LOAD build/bsp/Libraries/STM32F10x_StdPeriph_Driver/src/stm32f10x_wwdg.o
LOAD build/bsp/Libraries/STM32F10x_StdPeriph_Driver/src/stm32f10x_pwr.o
LOAD build/bsp/Libraries/STM32F10x_StdPeriph_Driver/src/stm32f10x_exti.o
LOAD build/bsp/Libraries/STM32F10x_StdPeriph_Driver/src/stm32f10x_bkp.o
LOAD build/bsp/Libraries/STM32F10x_StdPeriph_Driver/src/stm32f10x_i2c.o
LOAD build/bsp/Libraries/STM32F10x_StdPeriph_Driver/src/stm32f10x_adc.o
LOAD build/bsp/Libraries/STM32F10x_StdPeriph_Driver/src/stm32f10x_dac.o
LOAD build/bsp/Libraries/STM32F10x_StdPeriph_Driver/src/stm32f10x_rtc.o
LOAD build/bsp/Libraries/STM32F10x_StdPeriph_Driver/src/stm32f10x_fsmc.o
LOAD build/bsp/Libraries/STM32F10x_StdPeriph_Driver/src/stm32f10x_tim.o
LOAD build/bsp/Libraries/STM32F10x_StdPeriph_Driver/src/stm32f10x_iwdg.o
LOAD build/bsp/Libraries/STM32F10x_StdPeriph_Driver/src/stm32f10x_spi.o
LOAD build/bsp/Libraries/STM32F10x_StdPeriph_Driver/src/stm32f10x_flash.o
LOAD build/bsp/Libraries/STM32F10x_StdPeriph_Driver/src/stm32f10x_sdio.o
LOAD build/bsp/Libraries/STM32F10x_StdPeriph_Driver/src/stm32f10x_gpio.o
LOAD build/bsp/Libraries/STM32F10x_StdPeriph_Driver/src/stm32f10x_usart.o
LOAD build/bsp/Libraries/STM32F10x_StdPeriph_Driver/src/stm32f10x_dbgmcu.o
LOAD build/bsp/Libraries/STM32F10x_StdPeriph_Driver/src/stm32f10x_dma.o
LOAD build/bsp/Libraries/STM32F10x_StdPeriph_Driver/src/stm32f10x_can.o
LOAD build/bsp/Libraries/STM32F10x_StdPeriph_Driver/src/stm32f10x_cec.o
LOAD build/bsp/Libraries/STM32F10x_StdPeriph_Driver/src/misc.o
LOAD build/bsp/Libraries/CMSIS/CM3/DeviceSupport/ST/STM32F10x/startup/gcc_ride7/startup_stm32f10x_hd.o
START GROUP
LOAD /opt/arm-none-eabi-2011.09/bin/../lib/gcc/arm-none-eabi/4.6.1/thumb2/libgcc.a
LOAD /opt/arm-none-eabi-2011.09/bin/../lib/gcc/arm-none-eabi/4.6.1/../../../../arm-none-eabi/lib/thumb2/libc.a
END GROUP
LOAD /opt/arm-none-eabi-2011.09/bin/../lib/gcc/arm-none-eabi/4.6.1/thumb2/crtend.o
LOAD /opt/arm-none-eabi-2011.09/bin/../lib/gcc/arm-none-eabi/4.6.1/thumb2/crtn.o
                0x00000100                _system_stack_size = 0x100

.text           0x08000000    0x23fe4
                0x08000000                . = ALIGN (0x4)
                0x08000000                _stext = .
 *(.isr_vector)
 .isr_vector    0x08000000      0x1e4 build/bsp/Libraries/CMSIS/CM3/DeviceSupport/ST/STM32F10x/startup/gcc_ride7/startup_stm32f10x_hd.o
                0x08000000                g_pfnVectors
                0x080001e4                . = ALIGN (0x4)
 *(.text)
 .text          0x080001e4       0xd0 build/libcpu/arm/cortex-m3/context_gcc.o
                0x080001e4                rt_hw_interrupt_disable
                0x080001ec                rt_hw_interrupt_enable
                0x080001f2                rt_hw_context_switch_interrupt
                0x080001f2                rt_hw_context_switch
                0x08000212                PendSV_Handler
                0x0800024e                rt_hw_context_switch_to
                0x08000278                rt_hw_interrupt_thread_switch
                0x0800027c                HardFault_Handler
                0x08000290                rt_hw_interrupt_check
 *(.text.*)
 .text.led_thread_entry
                0x080002b4       0x3c build/application.o
 .text.rt_init_thread_entry
                0x080002f0       0x2c build/application.o
                0x080002f0                rt_init_thread_entry
 .text.rt_application_init
                0x0800031c       0x9c build/application.o
                0x0800031c                rt_application_init
 .text.assert_failed
                0x080003b8       0x34 build/startup.o
                0x080003b8                assert_failed
 .text.rtthread_startup
                0x080003ec       0x58 build/startup.o
                0x080003ec                rtthread_startup
 .text.main     0x08000444       0x14 build/startup.o
                0x08000444                main
 .text.NVIC_SetPriority
                0x08000458       0x5c build/board.o
 .text.SysTick_Config
                0x080004b4       0x64 build/board.o
 .text.NVIC_Configuration
                0x08000518       0x14 build/board.o
                0x08000518                NVIC_Configuration
 .text.EXT_SRAM_Configuration
                0x0800052c      0x1ec build/board.o
                0x0800052c                EXT_SRAM_Configuration
 .text.rt_hw_timer_handler
                0x08000718       0x14 build/board.o
                0x08000718                rt_hw_timer_handler
 .text.rt_hw_board_init
                0x0800072c       0x40 build/board.o
                0x0800072c                rt_hw_board_init
 .text.checksram
                0x0800076c       0xec build/board.o
                0x0800076c                checksram
 .text.NMI_Handler
                0x08000858        0xc build/stm32f10x_it.o
                0x08000858                NMI_Handler
 .text.MemManage_Handler
                0x08000864        0x8 build/stm32f10x_it.o
                0x08000864                MemManage_Handler
 .text.BusFault_Handler
                0x0800086c        0x8 build/stm32f10x_it.o
                0x0800086c                BusFault_Handler
 .text.UsageFault_Handler
                0x08000874        0x8 build/stm32f10x_it.o
                0x08000874                UsageFault_Handler
 .text.SVC_Handler
                0x0800087c        0xc build/stm32f10x_it.o
                0x0800087c                SVC_Handler
 .text.DebugMon_Handler
                0x08000888        0xc build/stm32f10x_it.o
                0x08000888                DebugMon_Handler
 .text.SysTick_Handler
                0x08000894        0xc build/stm32f10x_it.o
                0x08000894                SysTick_Handler
 .text.DMA1_Channel2_IRQHandler
                0x080008a0        0xc build/stm32f10x_it.o
                0x080008a0                DMA1_Channel2_IRQHandler
 .text.USART1_IRQHandler
                0x080008ac       0x1c build/stm32f10x_it.o
                0x080008ac                USART1_IRQHandler
 .text.USART2_IRQHandler
                0x080008c8        0xc build/stm32f10x_it.o
                0x080008c8                USART2_IRQHandler
 .text.USART3_IRQHandler
                0x080008d4        0xc build/stm32f10x_it.o
                0x080008d4                USART3_IRQHandler
 .text.EXTI1_IRQHandler
                0x080008e0       0x34 build/stm32f10x_it.o
                0x080008e0                EXTI1_IRQHandler
 .text.rt_rtc_open
                0x08000914       0x1c build/rtc.o
 .text.rt_rtc_read
                0x08000930       0x20 build/rtc.o
 .text.rt_rtc_control
                0x08000950       0xa4 build/rtc.o
 .text.RTC_Configuration
                0x080009f4       0x88 build/rtc.o
                0x080009f4                RTC_Configuration
 .text.rt_hw_rtc_init
                0x08000a7c       0xe4 build/rtc.o
                0x08000a7c                rt_hw_rtc_init
 .text.time     0x08000b60       0x4c build/rtc.o
                0x08000b60                time
 .text.set_date
                0x08000bac       0x88 build/rtc.o
                0x08000bac                set_date
 .text.set_time
                0x08000c34       0x78 build/rtc.o
                0x08000c34                set_time
 .text.list_date
                0x08000cac       0x34 build/rtc.o
                0x08000cac                list_date
 .text.RCC_Configuration
                0x08000ce0       0x20 build/usart.o
 .text.GPIO_Configuration
                0x08000d00       0x50 build/usart.o
 .text.NVIC_Configuration
                0x08000d50       0x30 build/usart.o
 .text.DMA_Configuration
                0x08000d80        0xc build/usart.o
 .text.rt_hw_usart_init
                0x08000d8c       0xb0 build/usart.o
                0x08000d8c                rt_hw_usart_init
 .text.rt_serial_init
                0x08000e3c       0xf8 build/serial.o
 .text.rt_serial_open
                0x08000f34       0x1c build/serial.o
 .text.rt_serial_close
                0x08000f50       0x18 build/serial.o
 .text.rt_serial_read
                0x08000f68       0xf4 build/serial.o
 .text.rt_serial_enable_dma
                0x0800105c       0x68 build/serial.o
 .text.rt_serial_write
                0x080010c4      0x1b8 build/serial.o
 .text.rt_serial_control
                0x0800127c       0x9c build/serial.o
 .text.rt_hw_serial_register
                0x08001318      0x10c build/serial.o
                0x08001318                rt_hw_serial_register
 .text.rt_hw_serial_isr
                0x08001424      0x164 build/serial.o
                0x08001424                rt_hw_serial_isr
 .text.rt_hw_led_init
                0x08001588       0x88 build/led.o
                0x08001588                rt_hw_led_init
 .text.rt_hw_led_off
                0x08001610       0x78 build/led.o
                0x08001610                rt_hw_led_off
 .text.rt_hw_led_on
                0x08001688       0x78 build/led.o
                0x08001688                rt_hw_led_on
 .text.led      0x08001700       0x74 build/led.o
                0x08001700                led
 .text.delay_ms
                0x08001774       0x38 build/dm9000a.o
 .text.dm9000_io_read
                0x080017ac       0x2c build/dm9000a.o
 .text.dm9000_io_write
                0x080017d8       0x2c build/dm9000a.o
 .text.phy_read
                0x08001804       0x6c build/dm9000a.o
 .text.phy_write
                0x08001870       0x6c build/dm9000a.o
 .text.phy_mode_set
                0x080018dc       0xb4 build/dm9000a.o
 .text.rt_dm9000_isr
                0x08001990      0x148 build/dm9000a.o
                0x08001990                rt_dm9000_isr
 .text.rt_dm9000_init
                0x08001ad8      0x2cc build/dm9000a.o
 .text.rt_dm9000_open
                0x08001da4       0x1c build/dm9000a.o
 .text.rt_dm9000_close
                0x08001dc0       0x48 build/dm9000a.o
 .text.rt_dm9000_read
                0x08001e08       0x24 build/dm9000a.o
 .text.rt_dm9000_write
                0x08001e2c       0x24 build/dm9000a.o
 .text.rt_dm9000_control
                0x08001e50       0x44 build/dm9000a.o
 .text.rt_dm9000_tx
                0x08001e94      0x190 build/dm9000a.o
                0x08001e94                rt_dm9000_tx
 .text.rt_dm9000_rx
                0x08002024      0x1e4 build/dm9000a.o
                0x08002024                rt_dm9000_rx
 .text.RCC_Configuration
                0x08002208       0x20 build/dm9000a.o
 .text.NVIC_Configuration
                0x08002228       0x30 build/dm9000a.o
 .text.GPIO_Configuration
                0x08002258       0x68 build/dm9000a.o
 .text.FSMC_Configuration
                0x080022c0      0x1ec build/dm9000a.o
 .text.rt_hw_dm9000_init
                0x080024ac      0x1b0 build/dm9000a.o
                0x080024ac                rt_hw_dm9000_init
 .text.dm9000   0x0800265c      0x158 build/dm9000a.o
                0x0800265c                dm9000
 .text.server_echo
                0x080027b4       0x68 build/tcp_server_echo.o
 .text.tcp_server_thread_entry
                0x0800281c       0xcc build/tcp_server_echo.o
 .text.tcp_server
                0x080028e8       0x64 build/tcp_server_echo.o
                0x080028e8                tcp_server
 .text.rt_system_tick_init
                0x0800294c        0xc build/src/clock.o
                0x0800294c                rt_system_tick_init
 .text.rt_tick_get
                0x08002958       0x18 build/src/clock.o
                0x08002958                rt_tick_get
 .text.rt_tick_increase
                0x08002970       0x50 build/src/clock.o
                0x08002970                rt_tick_increase
 .text.rt_device_register
                0x080029c0       0x50 build/src/device.o
                0x080029c0                rt_device_register
 .text.rt_device_init_all
                0x08002a10       0x84 build/src/device.o
                0x08002a10                rt_device_init_all
 .text.rt_device_find
                0x08002a94       0x84 build/src/device.o
                0x08002a94                rt_device_find
 .text.rt_device_init
                0x08002b18       0x94 build/src/device.o
                0x08002b18                rt_device_init
 .text.rt_device_open
                0x08002bac       0xe8 build/src/device.o
                0x08002bac                rt_device_open
 .text.rt_device_close
                0x08002c94       0x78 build/src/device.o
                0x08002c94                rt_device_close
 .text.rt_device_read
                0x08002d0c       0x74 build/src/device.o
                0x08002d0c                rt_device_read
 .text.rt_device_write
                0x08002d80       0x74 build/src/device.o
                0x08002d80                rt_device_write
 .text.rt_device_control
                0x08002df4       0x6c build/src/device.o
                0x08002df4                rt_device_control
 .text.rt_device_set_rx_indicate
                0x08002e60       0x54 build/src/device.o
                0x08002e60                rt_device_set_rx_indicate
 .text.rt_list_remove
                0x08002eb4       0x34 build/src/idle.o
 .text.rt_list_isempty
                0x08002ee8       0x24 build/src/idle.o
 .text.rt_thread_idle_excute
                0x08002f0c       0xf0 build/src/idle.o
                0x08002f0c                rt_thread_idle_excute
 .text.rt_thread_idle_entry
                0x08002ffc       0x28 build/src/idle.o
 .text.rt_thread_idle_init
                0x08003024       0x54 build/src/idle.o
                0x08003024                rt_thread_idle_init
 .text.rt_list_init
                0x08003078       0x20 build/src/ipc.o
 .text.rt_list_insert_before
                0x08003098       0x30 build/src/ipc.o
 .text.rt_list_isempty
                0x080030c8       0x24 build/src/ipc.o
 .text.rt_ipc_object_init
                0x080030ec       0x24 build/src/ipc.o
 .text.rt_ipc_list_suspend
                0x08003110       0x9c build/src/ipc.o
 .text.rt_ipc_list_resume
                0x080031ac       0x28 build/src/ipc.o
 .text.rt_ipc_list_resume_all
                0x080031d4       0x4c build/src/ipc.o
 .text.rt_sem_init
                0x08003220       0x74 build/src/ipc.o
                0x08003220                rt_sem_init
 .text.rt_sem_detach
                0x08003294       0x60 build/src/ipc.o
                0x08003294                rt_sem_detach
 .text.rt_sem_create
                0x080032f4       0xa0 build/src/ipc.o
                0x080032f4                rt_sem_create
 .text.rt_sem_delete
                0x08003394       0xb8 build/src/ipc.o
                0x08003394                rt_sem_delete
 .text.rt_sem_take
                0x0800344c      0x178 build/src/ipc.o
                0x0800344c                rt_sem_take
 .text.rt_sem_release
                0x080035c4       0x80 build/src/ipc.o
                0x080035c4                rt_sem_release
 .text.rt_mb_init
                0x08003644       0xa0 build/src/ipc.o
                0x08003644                rt_mb_init
 .text.rt_mb_create
                0x080036e4       0xec build/src/ipc.o
                0x080036e4                rt_mb_create
 .text.rt_mb_delete
                0x080037d0       0xcc build/src/ipc.o
                0x080037d0                rt_mb_delete
 .text.rt_mb_send_wait
                0x0800389c      0x230 build/src/ipc.o
                0x0800389c                rt_mb_send_wait
 .text.rt_mb_send
                0x08003acc       0x24 build/src/ipc.o
                0x08003acc                rt_mb_send
 .text.rt_mb_recv
                0x08003af0      0x270 build/src/ipc.o
                0x08003af0                rt_mb_recv
 .text.rt_interrupt_enter
                0x08003d60       0x38 build/src/irq.o
                0x08003d60                rt_interrupt_enter
 .text.rt_interrupt_leave
                0x08003d98       0x38 build/src/irq.o
                0x08003d98                rt_interrupt_leave
 .text.rt_interrupt_get_nest
                0x08003dd0       0x18 build/src/irq.o
                0x08003dd0                rt_interrupt_get_nest
 .text.rt_set_errno
                0x08003de8       0x48 build/src/kservice.o
                0x08003de8                rt_set_errno
 .text.rt_memset
                0x08003e30       0xe8 build/src/kservice.o
                0x08003e30                memset
                0x08003e30                rt_memset
 .text.rt_memcpy
                0x08003f18      0x118 build/src/kservice.o
                0x08003f18                memcpy
                0x08003f18                rt_memcpy
 .text.rt_strncpy
                0x08004030       0x84 build/src/kservice.o
                0x08004030                rt_strncpy
 .text.rt_strncmp
                0x080040b4       0x70 build/src/kservice.o
                0x080040b4                rt_strncmp
 .text.rt_strlen
                0x08004124       0x30 build/src/kservice.o
                0x08004124                rt_strlen
                0x08004124                strlen
 .text.rt_show_version
                0x08004154       0x50 build/src/kservice.o
                0x08004154                rt_show_version
 .text.divide   0x080041a4       0x7c build/src/kservice.o
 .text.skip_atoi
                0x08004220       0x4c build/src/kservice.o
 .text.print_number
                0x0800426c      0x244 build/src/kservice.o
 .text.vsnprintf
                0x080044b0      0x5d0 build/src/kservice.o
 .text.rt_snprintf
                0x08004a80       0x34 build/src/kservice.o
                0x08004a80                snprintf
                0x08004a80                rt_snprintf
 .text.rt_console_set_device
                0x08004ab4       0x6c build/src/kservice.o
                0x08004ab4                rt_console_set_device
 .text.rt_hw_console_output
                0x08004b20       0x14 build/src/kservice.o
                0x08004b20                rt_hw_console_output
 .text.rt_kprintf
                0x08004b34       0x7c build/src/kservice.o
                0x08004b34                rt_kprintf
 .text.plug_holes
                0x08004bb0      0x1a0 build/src/mem.o
 .text.rt_system_heap_init
                0x08004d50      0x1a0 build/src/mem.o
                0x08004d50                rt_system_heap_init
 .text.rt_malloc
                0x08004ef0      0x40c build/src/mem.o
                0x08004ef0                rt_malloc
 .text.rt_free  0x080052fc      0x22c build/src/mem.o
                0x080052fc                rt_free
 .text.list_mem
                0x08005528       0x50 build/src/mem.o
                0x08005528                list_mem
 .text.rt_list_init
                0x08005578       0x20 build/src/mempool.o
 .text.rt_list_insert_after
                0x08005598       0x30 build/src/mempool.o
 .text.rt_mp_init
                0x080055c8      0x10c build/src/mempool.o
                0x080055c8                rt_mp_init
 .text.rt_mp_alloc
                0x080056d4      0x170 build/src/mempool.o
                0x080056d4                rt_mp_alloc
 .text.rt_list_insert_after
                0x08005844       0x30 build/src/object.o
 .text.rt_list_remove
                0x08005874       0x34 build/src/object.o
 .text.rt_system_object_init
                0x080058a8        0xc build/src/object.o
                0x080058a8                rt_system_object_init
 .text.rt_object_init
                0x080058b4       0x80 build/src/object.o
                0x080058b4                rt_object_init
 .text.rt_object_detach
                0x08005934       0x78 build/src/object.o
                0x08005934                rt_object_detach
 .text.rt_object_allocate
                0x080059ac       0xf4 build/src/object.o
                0x080059ac                rt_object_allocate
 .text.rt_object_delete
                0x08005aa0       0xb8 build/src/object.o
                0x08005aa0                rt_object_delete
 .text.rt_object_is_systemobject
                0x08005b58       0x5c build/src/object.o
                0x08005b58                rt_object_is_systemobject
 .text.rt_list_init
                0x08005bb4       0x20 build/src/scheduler.o
 .text.rt_list_insert_before
                0x08005bd4       0x30 build/src/scheduler.o
 .text.rt_list_remove
                0x08005c04       0x34 build/src/scheduler.o
 .text.rt_list_isempty
                0x08005c38       0x24 build/src/scheduler.o
 .text._rt_scheduler_stack_check
                0x08005c5c       0xb0 build/src/scheduler.o
 .text.rt_system_scheduler_init
                0x08005d0c       0x70 build/src/scheduler.o
                0x08005d0c                rt_system_scheduler_init
 .text.rt_system_scheduler_start
                0x08005d7c       0xdc build/src/scheduler.o
                0x08005d7c                rt_system_scheduler_start
 .text.rt_schedule
                0x08005e58      0x184 build/src/scheduler.o
                0x08005e58                rt_schedule
 .text.rt_schedule_insert_thread
                0x08005fdc       0x98 build/src/scheduler.o
                0x08005fdc                rt_schedule_insert_thread
 .text.rt_schedule_remove_thread
                0x08006074       0x9c build/src/scheduler.o
                0x08006074                rt_schedule_remove_thread
 .text.rt_enter_critical
                0x08006110       0x2c build/src/scheduler.o
                0x08006110                rt_enter_critical
 .text.rt_exit_critical
                0x0800613c       0x5c build/src/scheduler.o
                0x0800613c                rt_exit_critical
 .text.rt_list_init
                0x08006198       0x20 build/src/thread.o
 .text.rt_list_insert_after
                0x080061b8       0x30 build/src/thread.o
 .text.rt_list_insert_before
                0x080061e8       0x30 build/src/thread.o
 .text.rt_list_remove
                0x08006218       0x34 build/src/thread.o
 .text.rt_thread_exit
                0x0800624c       0x84 build/src/thread.o
 .text._rt_thread_init
                0x080062d0      0x124 build/src/thread.o
 .text.rt_thread_init
                0x080063f4       0xac build/src/thread.o
                0x080063f4                rt_thread_init
 .text.rt_thread_self
                0x080064a0       0x18 build/src/thread.o
                0x080064a0                rt_thread_self
 .text.rt_thread_startup
                0x080064b8       0xc0 build/src/thread.o
                0x080064b8                rt_thread_startup
 .text.rt_thread_create
                0x08006578       0x6c build/src/thread.o
                0x08006578                rt_thread_create
 .text.rt_thread_yield
                0x080065e4       0x80 build/src/thread.o
                0x080065e4                rt_thread_yield
 .text.rt_thread_sleep
                0x08006664       0xa0 build/src/thread.o
                0x08006664                rt_thread_sleep
 .text.rt_thread_delay
                0x08006704       0x1c build/src/thread.o
                0x08006704                rt_thread_delay
 .text.rt_thread_suspend
                0x08006720       0x78 build/src/thread.o
                0x08006720                rt_thread_suspend
 .text.rt_thread_resume
                0x08006798       0x98 build/src/thread.o
                0x08006798                rt_thread_resume
 .text.rt_thread_timeout
                0x08006830       0xa0 build/src/thread.o
                0x08006830                rt_thread_timeout
 .text.rt_thread_find
                0x080068d0       0x84 build/src/thread.o
                0x080068d0                rt_thread_find
 .text.rt_list_init
                0x08006954       0x20 build/src/timer.o
 .text.rt_list_insert_after
                0x08006974       0x30 build/src/timer.o
 .text.rt_list_insert_before
                0x080069a4       0x30 build/src/timer.o
 .text.rt_list_remove
                0x080069d4       0x34 build/src/timer.o
 .text.rt_list_isempty
                0x08006a08       0x24 build/src/timer.o
 .text._rt_timer_init
                0x08006a2c       0x50 build/src/timer.o
 .text.rt_timer_init
                0x08006a7c       0x68 build/src/timer.o
                0x08006a7c                rt_timer_init
 .text.rt_timer_start
                0x08006ae4      0x164 build/src/timer.o
                0x08006ae4                rt_timer_start
 .text.rt_timer_control
                0x08006c48       0xa4 build/src/timer.o
                0x08006c48                rt_timer_control
 .text.rt_timer_check
                0x08006cec       0xd4 build/src/timer.o
                0x08006cec                rt_timer_check
 .text.rt_system_timer_init
                0x08006dc0        0xc build/src/timer.o
                0x08006dc0                rt_system_timer_init
 .text.rt_system_timer_thread_init
                0x08006dcc        0xc build/src/timer.o
                0x08006dcc                rt_system_timer_thread_init
 .text.rt_hw_stack_init
                0x08006dd8       0x9c build/libcpu/arm/cortex-m3/cpuport.o
                0x08006dd8                rt_hw_stack_init
 .text.rt_hw_hard_fault_exception
                0x08006e74       0xe0 build/libcpu/arm/cortex-m3/cpuport.o
                0x08006e74                rt_hw_hard_fault_exception
 .text.rt_list_isempty
                0x08006f54       0x24 build/components/finsh/cmd.o
 .text.rt_list_len
                0x08006f78       0x3c build/components/finsh/cmd.o
 .text.hello    0x08006fb4       0x18 build/components/finsh/cmd.o
                0x08006fb4                hello
 .text.version  0x08006fcc       0x10 build/components/finsh/cmd.o
                0x08006fcc                version
 .text._list_thread
                0x08006fdc      0x120 build/components/finsh/cmd.o
 .text.list_thread
                0x080070fc       0x14 build/components/finsh/cmd.o
                0x080070fc                list_thread
 .text.show_wait_queue
                0x08007110       0x54 build/components/finsh/cmd.o
 .text._list_sem
                0x08007164       0xd0 build/components/finsh/cmd.o
 .text.list_sem
                0x08007234       0x14 build/components/finsh/cmd.o
                0x08007234                list_sem
 .text._list_event
                0x08007248       0xb8 build/components/finsh/cmd.o
 .text.list_event
                0x08007300       0x14 build/components/finsh/cmd.o
                0x08007300                list_event
 .text._list_mutex
                0x08007314       0x84 build/components/finsh/cmd.o
 .text.list_mutex
                0x08007398       0x14 build/components/finsh/cmd.o
                0x08007398                list_mutex
 .text._list_mailbox
                0x080073ac       0xe0 build/components/finsh/cmd.o
 .text.list_mailbox
                0x0800748c       0x14 build/components/finsh/cmd.o
                0x0800748c                list_mailbox
 .text._list_msgqueue
                0x080074a0       0xd0 build/components/finsh/cmd.o
 .text.list_msgqueue
                0x08007570       0x14 build/components/finsh/cmd.o
                0x08007570                list_msgqueue
 .text._list_mempool
                0x08007584       0xc0 build/components/finsh/cmd.o
 .text.list_mempool
                0x08007644       0x14 build/components/finsh/cmd.o
                0x08007644                list_mempool
 .text._list_timer
                0x08007658       0xa4 build/components/finsh/cmd.o
 .text.list_timer
                0x080076fc       0x14 build/components/finsh/cmd.o
                0x080076fc                list_timer
 .text._list_device
                0x08007710       0x98 build/components/finsh/cmd.o
 .text.list_device
                0x080077a8       0x14 build/components/finsh/cmd.o
                0x080077a8                list_device
 .text.list     0x080077bc      0x100 build/components/finsh/cmd.o
                0x080077bc                list
 .text.str_is_prefix
                0x080078bc       0x50 build/components/finsh/cmd.o
 .text.str_common
                0x0800790c       0x50 build/components/finsh/cmd.o
 .text.list_prefix
                0x0800795c      0x2b8 build/components/finsh/cmd.o
                0x0800795c                list_prefix
 .text.finsh_compile
                0x08007c14     0x2b04 build/components/finsh/finsh_compiler.o
 .text.finsh_type_check
                0x0800a718      0x24c build/components/finsh/finsh_compiler.o
 .text.finsh_compiler_run
                0x0800a964       0xc0 build/components/finsh/finsh_compiler.o
                0x0800a964                finsh_compiler_run
 .text.finsh_error_init
                0x0800aa24       0x20 build/components/finsh/finsh_error.o
                0x0800aa24                finsh_error_init
 .text.finsh_error_set
                0x0800aa44       0x28 build/components/finsh/finsh_error.o
                0x0800aa44                finsh_error_set
 .text.finsh_errno
                0x0800aa6c       0x18 build/components/finsh/finsh_error.o
                0x0800aa6c                finsh_errno
 .text.finsh_error_string
                0x0800aa84       0x24 build/components/finsh/finsh_error.o
                0x0800aa84                finsh_error_string
 .text.finsh_heap_init
                0x0800aaa8       0x68 build/components/finsh/finsh_heap.o
                0x0800aaa8                finsh_heap_init
 .text.finsh_heap_allocate
                0x0800ab10       0xcc build/components/finsh/finsh_heap.o
                0x0800ab10                finsh_heap_allocate
 .text.finsh_heap_free
                0x0800abdc       0x44 build/components/finsh/finsh_heap.o
                0x0800abdc                finsh_heap_free
 .text.finsh_heap_gc
                0x0800ac20       0xa8 build/components/finsh/finsh_heap.o
 .text.finsh_block_insert
                0x0800acc8       0x84 build/components/finsh/finsh_heap.o
 .text.finsh_block_remove
                0x0800ad4c       0x5c build/components/finsh/finsh_heap.o
 .text.finsh_block_split
                0x0800ada8       0x44 build/components/finsh/finsh_heap.o
 .text.finsh_block_merge
                0x0800adec       0xf0 build/components/finsh/finsh_heap.o
 .text.finsh_init
                0x0800aedc       0x2c build/components/finsh/finsh_init.o
                0x0800aedc                finsh_init
 .text.finsh_stack_bottom
                0x0800af08       0x18 build/components/finsh/finsh_init.o
                0x0800af08                finsh_stack_bottom
 .text.finsh_flush
                0x0800af20       0x24 build/components/finsh/finsh_init.o
                0x0800af20                finsh_flush
 .text.finsh_node_init
                0x0800af44       0x28 build/components/finsh/finsh_node.o
                0x0800af44                finsh_node_init
 .text.finsh_node_allocate
                0x0800af6c       0x90 build/components/finsh/finsh_node.o
                0x0800af6c                finsh_node_allocate
 .text.finsh_node_new_id
                0x0800affc       0xc0 build/components/finsh/finsh_node.o
                0x0800affc                finsh_node_new_id
 .text.finsh_node_new_char
                0x0800b0bc       0x3c build/components/finsh/finsh_node.o
                0x0800b0bc                finsh_node_new_char
 .text.finsh_node_new_int
                0x0800b0f8       0x38 build/components/finsh/finsh_node.o
                0x0800b0f8                finsh_node_new_int
 .text.finsh_node_new_long
                0x0800b130       0x38 build/components/finsh/finsh_node.o
                0x0800b130                finsh_node_new_long
 .text.finsh_node_new_string
                0x0800b168       0x74 build/components/finsh/finsh_node.o
                0x0800b168                finsh_node_new_string
 .text.finsh_node_new_ptr
                0x0800b1dc       0x38 build/components/finsh/finsh_node.o
                0x0800b1dc                finsh_node_new_ptr
 .text.OP_no_op
                0x0800b214        0xc build/components/finsh/finsh_ops.o
                0x0800b214                OP_no_op
 .text.OP_add_byte
                0x0800b220       0x58 build/components/finsh/finsh_ops.o
                0x0800b220                OP_add_byte
 .text.OP_add_word
                0x0800b278       0x5c build/components/finsh/finsh_ops.o
                0x0800b278                OP_add_word
 .text.OP_add_dword
                0x0800b2d4       0x54 build/components/finsh/finsh_ops.o
                0x0800b2d4                OP_add_dword
 .text.OP_sub_byte
                0x0800b328       0x58 build/components/finsh/finsh_ops.o
                0x0800b328                OP_sub_byte
 .text.OP_sub_word
                0x0800b380       0x5c build/components/finsh/finsh_ops.o
                0x0800b380                OP_sub_word
 .text.OP_sub_dword
                0x0800b3dc       0x54 build/components/finsh/finsh_ops.o
                0x0800b3dc                OP_sub_dword
 .text.OP_div_byte
                0x0800b430       0x58 build/components/finsh/finsh_ops.o
                0x0800b430                OP_div_byte
 .text.OP_div_word
                0x0800b488       0x5c build/components/finsh/finsh_ops.o
                0x0800b488                OP_div_word
 .text.OP_div_dword
                0x0800b4e4       0x58 build/components/finsh/finsh_ops.o
                0x0800b4e4                OP_div_dword
 .text.OP_mod_byte
                0x0800b53c       0x60 build/components/finsh/finsh_ops.o
                0x0800b53c                OP_mod_byte
 .text.OP_mod_word
                0x0800b59c       0x64 build/components/finsh/finsh_ops.o
                0x0800b59c                OP_mod_word
 .text.OP_mod_dword
                0x0800b600       0x5c build/components/finsh/finsh_ops.o
                0x0800b600                OP_mod_dword
 .text.OP_mul_byte
                0x0800b65c       0x58 build/components/finsh/finsh_ops.o
                0x0800b65c                OP_mul_byte
 .text.OP_mul_word
                0x0800b6b4       0x60 build/components/finsh/finsh_ops.o
                0x0800b6b4                OP_mul_word
 .text.OP_mul_dword
                0x0800b714       0x58 build/components/finsh/finsh_ops.o
                0x0800b714                OP_mul_dword
 .text.OP_and_byte
                0x0800b76c       0x58 build/components/finsh/finsh_ops.o
                0x0800b76c                OP_and_byte
 .text.OP_and_word
                0x0800b7c4       0x58 build/components/finsh/finsh_ops.o
                0x0800b7c4                OP_and_word
 .text.OP_and_dword
                0x0800b81c       0x54 build/components/finsh/finsh_ops.o
                0x0800b81c                OP_and_dword
 .text.OP_or_byte
                0x0800b870       0x58 build/components/finsh/finsh_ops.o
                0x0800b870                OP_or_byte
 .text.OP_or_word
                0x0800b8c8       0x58 build/components/finsh/finsh_ops.o
                0x0800b8c8                OP_or_word
 .text.OP_or_dword
                0x0800b920       0x54 build/components/finsh/finsh_ops.o
                0x0800b920                OP_or_dword
 .text.OP_xor_byte
                0x0800b974       0x58 build/components/finsh/finsh_ops.o
                0x0800b974                OP_xor_byte
 .text.OP_xor_word
                0x0800b9cc       0x58 build/components/finsh/finsh_ops.o
                0x0800b9cc                OP_xor_word
 .text.OP_xor_dword
                0x0800ba24       0x54 build/components/finsh/finsh_ops.o
                0x0800ba24                OP_xor_dword
 .text.OP_bw_byte
                0x0800ba78       0x30 build/components/finsh/finsh_ops.o
                0x0800ba78                OP_bw_byte
 .text.OP_bw_word
                0x0800baa8       0x30 build/components/finsh/finsh_ops.o
                0x0800baa8                OP_bw_word
 .text.OP_bw_dword
                0x0800bad8       0x30 build/components/finsh/finsh_ops.o
                0x0800bad8                OP_bw_dword
 .text.OP_shl_byte
                0x0800bb08       0x5c build/components/finsh/finsh_ops.o
                0x0800bb08                OP_shl_byte
 .text.OP_shl_word
                0x0800bb64       0x5c build/components/finsh/finsh_ops.o
                0x0800bb64                OP_shl_word
 .text.OP_shl_dword
                0x0800bbc0       0x58 build/components/finsh/finsh_ops.o
                0x0800bbc0                OP_shl_dword
 .text.OP_shr_byte
                0x0800bc18       0x5c build/components/finsh/finsh_ops.o
                0x0800bc18                OP_shr_byte
 .text.OP_shr_word
                0x0800bc74       0x5c build/components/finsh/finsh_ops.o
                0x0800bc74                OP_shr_word
 .text.OP_shr_dword
                0x0800bcd0       0x58 build/components/finsh/finsh_ops.o
                0x0800bcd0                OP_shr_dword
 .text.OP_ld_byte
                0x0800bd28       0x54 build/components/finsh/finsh_ops.o
                0x0800bd28                OP_ld_byte
 .text.OP_ld_word
                0x0800bd7c       0x70 build/components/finsh/finsh_ops.o
                0x0800bd7c                OP_ld_word
 .text.OP_ld_dword
                0x0800bdec       0x98 build/components/finsh/finsh_ops.o
                0x0800bdec                OP_ld_dword
 .text.OP_ld_value_byte
                0x0800be84       0xa4 build/components/finsh/finsh_ops.o
                0x0800be84                OP_ld_value_byte
 .text.OP_ld_value_byte_stack
                0x0800bf28       0x38 build/components/finsh/finsh_ops.o
                0x0800bf28                OP_ld_value_byte_stack
 .text.OP_ld_value_word
                0x0800bf60       0xa4 build/components/finsh/finsh_ops.o
                0x0800bf60                OP_ld_value_word
 .text.OP_ld_value_word_stack
                0x0800c004       0x38 build/components/finsh/finsh_ops.o
                0x0800c004                OP_ld_value_word_stack
 .text.OP_ld_value_dword
                0x0800c03c       0xa4 build/components/finsh/finsh_ops.o
                0x0800c03c                OP_ld_value_dword
 .text.OP_ld_value_dword_stack
                0x0800c0e0       0x38 build/components/finsh/finsh_ops.o
                0x0800c0e0                OP_ld_value_dword_stack
 .text.OP_st_byte
                0x0800c118       0x48 build/components/finsh/finsh_ops.o
                0x0800c118                OP_st_byte
 .text.OP_st_word
                0x0800c160       0x48 build/components/finsh/finsh_ops.o
                0x0800c160                OP_st_word
 .text.OP_st_dword
                0x0800c1a8       0x48 build/components/finsh/finsh_ops.o
                0x0800c1a8                OP_st_dword
 .text.OP_pop   0x0800c1f0       0x24 build/components/finsh/finsh_ops.o
                0x0800c1f0                OP_pop
 .text.OP_call  0x0800c214      0x42c build/components/finsh/finsh_ops.o
                0x0800c214                OP_call
 .text.proc_variable_decl
                0x0800c640      0x2f4 build/components/finsh/finsh_parser.o
 .text.proc_type
                0x0800c934      0x1d8 build/components/finsh/finsh_parser.o
 .text.proc_identifier
                0x0800cb0c       0x50 build/components/finsh/finsh_parser.o
 .text.proc_expr_statement
                0x0800cb5c       0x68 build/components/finsh/finsh_parser.o
 .text.proc_expr
                0x0800cbc4       0x1c build/components/finsh/finsh_parser.o
 .text.proc_assign_expr
                0x0800cbe0       0x54 build/components/finsh/finsh_parser.o
 .text.proc_inclusive_or_expr
                0x0800cc34       0x74 build/components/finsh/finsh_parser.o
 .text.proc_exclusive_or_expr
                0x0800cca8       0x74 build/components/finsh/finsh_parser.o
 .text.proc_and_expr
                0x0800cd1c       0x74 build/components/finsh/finsh_parser.o
 .text.proc_shift_expr
                0x0800cd90       0xa0 build/components/finsh/finsh_parser.o
 .text.proc_additive_expr
                0x0800ce30       0xa0 build/components/finsh/finsh_parser.o
 .text.proc_multiplicative_expr
                0x0800ced0       0xb8 build/components/finsh/finsh_parser.o
 .text.proc_cast_expr
                0x0800cf88       0x80 build/components/finsh/finsh_parser.o
 .text.proc_unary_expr
                0x0800d008      0x124 build/components/finsh/finsh_parser.o
 .text.proc_postfix_expr
                0x0800d12c       0xf0 build/components/finsh/finsh_parser.o
 .text.proc_primary_expr
                0x0800d21c      0x164 build/components/finsh/finsh_parser.o
 .text.proc_param_list
                0x0800d380       0x80 build/components/finsh/finsh_parser.o
 .text.make_sys_node
                0x0800d400       0x48 build/components/finsh/finsh_parser.o
 .text.finsh_parser_run
                0x0800d448      0x164 build/components/finsh/finsh_parser.o
                0x0800d448                finsh_parser_run
 .text.finsh_parser_init
                0x0800d5ac       0x2c build/components/finsh/finsh_parser.o
                0x0800d5ac                finsh_parser_init
 .text.finsh_token_init
                0x0800d5d8       0x30 build/components/finsh/finsh_token.o
                0x0800d5d8                finsh_token_init
 .text.finsh_token_token
                0x0800d608       0x30 build/components/finsh/finsh_token.o
                0x0800d608                finsh_token_token
 .text.token_get_string
                0x0800d638       0xb4 build/components/finsh/finsh_token.o
                0x0800d638                token_get_string
 .text.token_next_char
                0x0800d6ec       0x78 build/components/finsh/finsh_token.o
 .text.token_prev_char
                0x0800d764       0x38 build/components/finsh/finsh_token.o
 .text.token_run
                0x0800d79c      0x388 build/components/finsh/finsh_token.o
 .text.token_match_name
                0x0800db24       0x68 build/components/finsh/finsh_token.o
 .text.token_trim_space
                0x0800db8c       0x2c build/components/finsh/finsh_token.o
 .text.token_proc_char
                0x0800dbb8       0xf0 build/components/finsh/finsh_token.o
 .text.token_proc_string
                0x0800dca8       0x84 build/components/finsh/finsh_token.o
 .text.token_proc_escape
                0x0800dd2c      0x148 build/components/finsh/finsh_token.o
 .text.token_proc_number
                0x0800de74      0x200 build/components/finsh/finsh_token.o
 .text.token_spec_number
                0x0800e074      0x128 build/components/finsh/finsh_token.o
 .text.finsh_var_init
                0x0800e19c       0x28 build/components/finsh/finsh_var.o
                0x0800e19c                finsh_var_init
 .text.finsh_var_insert
                0x0800e1c4       0xe8 build/components/finsh/finsh_var.o
                0x0800e1c4                finsh_var_insert
 .text.finsh_var_lookup
                0x0800e2ac       0x7c build/components/finsh/finsh_var.o
                0x0800e2ac                finsh_var_lookup
 .text.finsh_sysvar_lookup
                0x0800e328       0x90 build/components/finsh/finsh_var.o
                0x0800e328                finsh_sysvar_lookup
 .text.finsh_vm_run
                0x0800e3b8       0x94 build/components/finsh/finsh_vm.o
                0x0800e3b8                finsh_vm_run
 .text.finsh_syscall_lookup
                0x0800e44c       0x90 build/components/finsh/finsh_vm.o
                0x0800e44c                finsh_syscall_lookup
 .text.finsh_rx_ind
                0x0800e4dc       0x64 build/components/finsh/shell.o
 .text.finsh_set_device
                0x0800e540       0xc4 build/components/finsh/shell.o
                0x0800e540                finsh_set_device
 .text.finsh_auto_complete
                0x0800e604       0x38 build/components/finsh/shell.o
                0x0800e604                finsh_auto_complete
 .text.finsh_run_line
                0x0800e63c       0xcc build/components/finsh/shell.o
                0x0800e63c                finsh_run_line
 .text.finsh_handle_history
                0x0800e708      0x1d0 build/components/finsh/shell.o
                0x0800e708                finsh_handle_history
 .text.finsh_push_history
                0x0800e8d8      0x15c build/components/finsh/shell.o
                0x0800e8d8                finsh_push_history
 .text.finsh_thread_entry
                0x0800ea34      0x340 build/components/finsh/shell.o
                0x0800ea34                finsh_thread_entry
 .text.finsh_system_function_init
                0x0800ed74       0x2c build/components/finsh/shell.o
                0x0800ed74                finsh_system_function_init
 .text.finsh_system_var_init
                0x0800eda0       0x2c build/components/finsh/shell.o
                0x0800eda0                finsh_system_var_init
 .text.finsh_system_init
                0x0800edcc       0xf4 build/components/finsh/shell.o
                0x0800edcc                finsh_system_init
 .text.netconn_new_with_proto_and_callback
                0x0800eec0      0x124 build/components/net/lwip/src/api/api_lib.o
                0x0800eec0                netconn_new_with_proto_and_callback
 .text.netconn_delete
                0x0800efe4       0x44 build/components/net/lwip/src/api/api_lib.o
                0x0800efe4                netconn_delete
 .text.netconn_bind
                0x0800f028       0x8c build/components/net/lwip/src/api/api_lib.o
                0x0800f028                netconn_bind
 .text.netconn_listen_with_backlog
                0x0800f0b4       0x84 build/components/net/lwip/src/api/api_lib.o
                0x0800f0b4                netconn_listen_with_backlog
 .text.netconn_accept
                0x0800f138      0x14c build/components/net/lwip/src/api/api_lib.o
                0x0800f138                netconn_accept
 .text.netconn_recv_data
                0x0800f284      0x1e4 build/components/net/lwip/src/api/api_lib.o
 .text.netconn_recv
                0x0800f468      0x16c build/components/net/lwip/src/api/api_lib.o
                0x0800f468                netconn_recv
 .text.netconn_write
                0x0800f5d4       0xc8 build/components/net/lwip/src/api/api_lib.o
                0x0800f5d4                netconn_write
 .text.recv_raw
                0x0800f69c       0xf8 build/components/net/lwip/src/api/api_msg.o
 .text.recv_udp
                0x0800f794      0x124 build/components/net/lwip/src/api/api_msg.o
 .text.recv_tcp
                0x0800f8b8      0x12c build/components/net/lwip/src/api/api_msg.o
 .text.poll_tcp
                0x0800f9e4       0xb8 build/components/net/lwip/src/api/api_msg.o
 .text.sent_tcp
                0x0800fa9c       0xb4 build/components/net/lwip/src/api/api_msg.o
 .text.err_tcp  0x0800fb50      0x198 build/components/net/lwip/src/api/api_msg.o
 .text.setup_tcp
                0x0800fce8       0x5c build/components/net/lwip/src/api/api_msg.o
 .text.accept_function
                0x0800fd44       0xc4 build/components/net/lwip/src/api/api_msg.o
 .text.pcb_new  0x0800fe08      0x118 build/components/net/lwip/src/api/api_msg.o
 .text.do_newconn
                0x0800ff20       0x38 build/components/net/lwip/src/api/api_msg.o
                0x0800ff20                do_newconn
 .text.netconn_alloc
                0x0800ff58      0x128 build/components/net/lwip/src/api/api_msg.o
                0x0800ff58                netconn_alloc
 .text.netconn_free
                0x08010080       0xb0 build/components/net/lwip/src/api/api_msg.o
                0x08010080                netconn_free
 .text.netconn_drain
                0x08010130      0x130 build/components/net/lwip/src/api/api_msg.o
 .text.do_close_internal
                0x08010260      0x2a4 build/components/net/lwip/src/api/api_msg.o
 .text.do_delconn
                0x08010504      0x1ac build/components/net/lwip/src/api/api_msg.o
                0x08010504                do_delconn
 .text.do_bind  0x080106b0       0xc4 build/components/net/lwip/src/api/api_msg.o
                0x080106b0                do_bind
 .text.do_listen
                0x08010774      0x138 build/components/net/lwip/src/api/api_msg.o
                0x08010774                do_listen
 .text.do_recv  0x080108ac       0x74 build/components/net/lwip/src/api/api_msg.o
                0x080108ac                do_recv
 .text.do_writemore
                0x08010920      0x2d0 build/components/net/lwip/src/api/api_msg.o
 .text.do_write
                0x08010bf0       0xf0 build/components/net/lwip/src/api/api_msg.o
                0x08010bf0                do_write
 .text.netbuf_delete
                0x08010ce0       0x40 build/components/net/lwip/src/api/netbuf.o
                0x08010ce0                netbuf_delete
 .text.netbuf_data
                0x08010d20       0xb8 build/components/net/lwip/src/api/netbuf.o
                0x08010d20                netbuf_data
 .text.do_netifapi_netif_add
                0x08010dd8       0x58 build/components/net/lwip/src/api/netifapi.o
                0x08010dd8                do_netifapi_netif_add
 .text.do_netifapi_netif_set_addr
                0x08010e30       0x34 build/components/net/lwip/src/api/netifapi.o
                0x08010e30                do_netifapi_netif_set_addr
 .text.do_netifapi_netif_common
                0x08010e64       0x4c build/components/net/lwip/src/api/netifapi.o
                0x08010e64                do_netifapi_netif_common
 .text.netifapi_netif_add
                0x08010eb0       0x4c build/components/net/lwip/src/api/netifapi.o
                0x08010eb0                netifapi_netif_add
 .text.netifapi_netif_set_addr
                0x08010efc       0x40 build/components/net/lwip/src/api/netifapi.o
                0x08010efc                netifapi_netif_set_addr
 .text.netifapi_netif_common
                0x08010f3c       0x3c build/components/net/lwip/src/api/netifapi.o
                0x08010f3c                netifapi_netif_common
 .text.lwip_socket_init
                0x08010f78        0xc build/components/net/lwip/src/api/sockets.o
                0x08010f78                lwip_socket_init
 .text.tcpip_thread
                0x08010f84      0x13c build/components/net/lwip/src/api/tcpip.o
 .text.tcpip_input
                0x080110c0       0x84 build/components/net/lwip/src/api/tcpip.o
                0x080110c0                tcpip_input
 .text.tcpip_callback_with_block
                0x08011144       0xa0 build/components/net/lwip/src/api/tcpip.o
                0x08011144                tcpip_callback_with_block
 .text.tcpip_apimsg
                0x080111e4       0x60 build/components/net/lwip/src/api/tcpip.o
                0x080111e4                tcpip_apimsg
 .text.tcpip_netifapi
                0x08011244       0x90 build/components/net/lwip/src/api/tcpip.o
                0x08011244                tcpip_netifapi
 .text.tcpip_init
                0x080112d4       0x84 build/components/net/lwip/src/api/tcpip.o
                0x080112d4                tcpip_init
 .text.netif_device_init
                0x08011358       0x4c build/components/net/lwip/src/arch/sys_arch.o
 .text.tcpip_init_done_callback
                0x080113a4       0xf0 build/components/net/lwip/src/arch/sys_arch.o
 .text.lwip_system_init
                0x08011494       0xd8 build/components/net/lwip/src/arch/sys_arch.o
                0x08011494                lwip_system_init
 .text.sys_init
                0x0801156c        0xc build/components/net/lwip/src/arch/sys_arch.o
                0x0801156c                sys_init
 .text.lwip_sys_init
                0x08011578        0xc build/components/net/lwip/src/arch/sys_arch.o
                0x08011578                lwip_sys_init
 .text.sys_sem_new
                0x08011584       0xe0 build/components/net/lwip/src/arch/sys_arch.o
                0x08011584                sys_sem_new
 .text.sys_sem_free
                0x08011664       0x74 build/components/net/lwip/src/arch/sys_arch.o
                0x08011664                sys_sem_free
 .text.sys_sem_signal
                0x080116d8       0x1c build/components/net/lwip/src/arch/sys_arch.o
                0x080116d8                sys_sem_signal
 .text.sys_arch_sem_wait
                0x080116f4       0xf4 build/components/net/lwip/src/arch/sys_arch.o
                0x080116f4                sys_arch_sem_wait
 .text.sys_sem_valid
                0x080117e8       0x18 build/components/net/lwip/src/arch/sys_arch.o
                0x080117e8                sys_sem_valid
 .text.sys_sem_set_invalid
                0x08011800       0x1c build/components/net/lwip/src/arch/sys_arch.o
                0x08011800                sys_sem_set_invalid
 .text.sys_mbox_new
                0x0801181c       0xe0 build/components/net/lwip/src/arch/sys_arch.o
                0x0801181c                sys_mbox_new
 .text.sys_mbox_free
                0x080118fc       0x74 build/components/net/lwip/src/arch/sys_arch.o
                0x080118fc                sys_mbox_free
 .text.sys_mbox_post
                0x08011970       0x7c build/components/net/lwip/src/arch/sys_arch.o
                0x08011970                sys_mbox_post
 .text.sys_mbox_trypost
                0x080119ec       0x34 build/components/net/lwip/src/arch/sys_arch.o
                0x080119ec                sys_mbox_trypost
 .text.sys_arch_mbox_fetch
                0x08011a20      0x110 build/components/net/lwip/src/arch/sys_arch.o
                0x08011a20                sys_arch_mbox_fetch
 .text.sys_arch_mbox_tryfetch
                0x08011b30       0x44 build/components/net/lwip/src/arch/sys_arch.o
                0x08011b30                sys_arch_mbox_tryfetch
 .text.sys_mbox_valid
                0x08011b74       0x18 build/components/net/lwip/src/arch/sys_arch.o
                0x08011b74                sys_mbox_valid
 .text.sys_mbox_set_invalid
                0x08011b8c       0x1c build/components/net/lwip/src/arch/sys_arch.o
                0x08011b8c                sys_mbox_set_invalid
 .text.sys_thread_new
                0x08011ba8       0xc8 build/components/net/lwip/src/arch/sys_arch.o
                0x08011ba8                sys_thread_new
 .text.sys_arch_protect
                0x08011c70       0x18 build/components/net/lwip/src/arch/sys_arch.o
                0x08011c70                sys_arch_protect
 .text.sys_arch_unprotect
                0x08011c88       0x18 build/components/net/lwip/src/arch/sys_arch.o
                0x08011c88                sys_arch_unprotect
 .text.sys_arch_assert
                0x08011ca0       0x58 build/components/net/lwip/src/arch/sys_arch.o
                0x08011ca0                sys_arch_assert
 .text.lwip_htons
                0x08011cf8       0x30 build/components/net/lwip/src/core/def.o
                0x08011cf8                lwip_htons
 .text.lwip_ntohs
                0x08011d28       0x20 build/components/net/lwip/src/core/def.o
                0x08011d28                lwip_ntohs
 .text.lwip_htonl
                0x08011d48       0x3c build/components/net/lwip/src/core/def.o
                0x08011d48                lwip_htonl
 .text.lwip_ntohl
                0x08011d84       0x1c build/components/net/lwip/src/core/def.o
                0x08011d84                lwip_ntohl
 .text.dns_init
                0x08011da0       0xac build/components/net/lwip/src/core/dns.o
                0x08011da0                dns_init
 .text.dns_setserver
                0x08011e4c       0x50 build/components/net/lwip/src/core/dns.o
                0x08011e4c                dns_setserver
 .text.dns_getserver
                0x08011e9c       0x38 build/components/net/lwip/src/core/dns.o
                0x08011e9c                dns_getserver
 .text.dns_tmr  0x08011ed4       0x18 build/components/net/lwip/src/core/dns.o
                0x08011ed4                dns_tmr
 .text.dns_compare_name
                0x08011eec       0x74 build/components/net/lwip/src/core/dns.o
 .text.dns_parse_name
                0x08011f60       0x54 build/components/net/lwip/src/core/dns.o
 .text.dns_send
                0x08011fb4      0x284 build/components/net/lwip/src/core/dns.o
 .text.dns_check_entry
                0x08012238      0x1e8 build/components/net/lwip/src/core/dns.o
 .text.dns_check_entries
                0x08012420       0x2c build/components/net/lwip/src/core/dns.o
 .text.dns_recv
                0x0801244c      0x230 build/components/net/lwip/src/core/dns.o
 .text.lwip_init
                0x0801267c       0x1c build/components/net/lwip/src/core/init.o
                0x0801267c                lwip_init
 .text.netif_init
                0x08012698        0xc build/components/net/lwip/src/core/netif.o
                0x08012698                netif_init
 .text.netif_add
                0x080126a4       0xc4 build/components/net/lwip/src/core/netif.o
                0x080126a4                netif_add
 .text.netif_set_addr
                0x08012768       0x30 build/components/net/lwip/src/core/netif.o
                0x08012768                netif_set_addr
 .text.netif_set_ipaddr
                0x08012798       0xb4 build/components/net/lwip/src/core/netif.o
                0x08012798                netif_set_ipaddr
 .text.netif_set_gw
                0x0801284c       0x28 build/components/net/lwip/src/core/netif.o
                0x0801284c                netif_set_gw
 .text.netif_set_netmask
                0x08012874       0x28 build/components/net/lwip/src/core/netif.o
                0x08012874                netif_set_netmask
 .text.netif_set_default
                0x0801289c       0x20 build/components/net/lwip/src/core/netif.o
                0x0801289c                netif_set_default
 .text.netif_set_up
                0x080128bc       0x5c build/components/net/lwip/src/core/netif.o
                0x080128bc                netif_set_up
 .text.netif_set_link_up
                0x08012918       0x5c build/components/net/lwip/src/core/netif.o
                0x08012918                netif_set_link_up
 .text.netif_set_link_down
                0x08012974       0x34 build/components/net/lwip/src/core/netif.o
                0x08012974                netif_set_link_down
 .text.pbuf_free_ooseq
                0x080129a8       0x60 build/components/net/lwip/src/core/pbuf.o
 .text.pbuf_pool_is_empty
                0x08012a08       0x70 build/components/net/lwip/src/core/pbuf.o
 .text.pbuf_alloc
                0x08012a78      0x3c4 build/components/net/lwip/src/core/pbuf.o
                0x08012a78                pbuf_alloc
 .text.pbuf_realloc
                0x08012e3c      0x164 build/components/net/lwip/src/core/pbuf.o
                0x08012e3c                pbuf_realloc
 .text.pbuf_header
                0x08012fa0      0x14c build/components/net/lwip/src/core/pbuf.o
                0x08012fa0                pbuf_header
 .text.pbuf_free
                0x080130ec      0x120 build/components/net/lwip/src/core/pbuf.o
                0x080130ec                pbuf_free
 .text.pbuf_clen
                0x0801320c       0x34 build/components/net/lwip/src/core/pbuf.o
                0x0801320c                pbuf_clen
 .text.pbuf_ref
                0x08013240       0x30 build/components/net/lwip/src/core/pbuf.o
                0x08013240                pbuf_ref
 .text.pbuf_cat
                0x08013270       0xc4 build/components/net/lwip/src/core/pbuf.o
                0x08013270                pbuf_cat
 .text.pbuf_chain
                0x08013334       0x20 build/components/net/lwip/src/core/pbuf.o
                0x08013334                pbuf_chain
 .text.pbuf_copy
                0x08013354      0x1d4 build/components/net/lwip/src/core/pbuf.o
                0x08013354                pbuf_copy
 .text.pbuf_copy_partial
                0x08013528      0x10c build/components/net/lwip/src/core/pbuf.o
                0x08013528                pbuf_copy_partial
 .text.raw_input
                0x08013634       0xdc build/components/net/lwip/src/core/raw.o
                0x08013634                raw_input
 .text.raw_bind
                0x08013710       0x30 build/components/net/lwip/src/core/raw.o
                0x08013710                raw_bind
 .text.raw_recv
                0x08013740       0x24 build/components/net/lwip/src/core/raw.o
                0x08013740                raw_recv
 .text.raw_remove
                0x08013764       0x74 build/components/net/lwip/src/core/raw.o
                0x08013764                raw_remove
 .text.raw_new  0x080137d8       0x6c build/components/net/lwip/src/core/raw.o
                0x080137d8                raw_new
 .text.tcp_tmr  0x08013844       0x3c build/components/net/lwip/src/core/tcp.o
                0x08013844                tcp_tmr
 .text.tcp_close_shutdown
                0x08013880      0x2ec build/components/net/lwip/src/core/tcp.o
 .text.tcp_close
                0x08013b6c       0x38 build/components/net/lwip/src/core/tcp.o
                0x08013b6c                tcp_close
 .text.tcp_shutdown
                0x08013ba4       0x8c build/components/net/lwip/src/core/tcp.o
                0x08013ba4                tcp_shutdown
 .text.tcp_abandon
                0x08013c30      0x100 build/components/net/lwip/src/core/tcp.o
                0x08013c30                tcp_abandon
 .text.tcp_abort
                0x08013d30       0x1c build/components/net/lwip/src/core/tcp.o
                0x08013d30                tcp_abort
 .text.tcp_bind
                0x08013d4c      0x108 build/components/net/lwip/src/core/tcp.o
                0x08013d4c                tcp_bind
 .text.tcp_accept_null
                0x08013e54       0x20 build/components/net/lwip/src/core/tcp.o
 .text.tcp_listen_with_backlog
                0x08013e74      0x180 build/components/net/lwip/src/core/tcp.o
                0x08013e74                tcp_listen_with_backlog
 .text.tcp_update_rcv_ann_wnd
                0x08013ff4       0xa8 build/components/net/lwip/src/core/tcp.o
                0x08013ff4                tcp_update_rcv_ann_wnd
 .text.tcp_recved
                0x0801409c       0x90 build/components/net/lwip/src/core/tcp.o
                0x0801409c                tcp_recved
 .text.tcp_new_port
                0x0801412c       0xa4 build/components/net/lwip/src/core/tcp.o
 .text.tcp_slowtmr
                0x080141d0      0x5cc build/components/net/lwip/src/core/tcp.o
                0x080141d0                tcp_slowtmr
 .text.tcp_fasttmr
                0x0801479c       0xe0 build/components/net/lwip/src/core/tcp.o
                0x0801479c                tcp_fasttmr
 .text.tcp_segs_free
                0x0801487c       0x28 build/components/net/lwip/src/core/tcp.o
                0x0801487c                tcp_segs_free
 .text.tcp_seg_free
                0x080148a4       0x30 build/components/net/lwip/src/core/tcp.o
                0x080148a4                tcp_seg_free
 .text.tcp_seg_copy
                0x080148d4       0x50 build/components/net/lwip/src/core/tcp.o
                0x080148d4                tcp_seg_copy
 .text.tcp_recv_null
                0x08014924       0x4c build/components/net/lwip/src/core/tcp.o
                0x08014924                tcp_recv_null
 .text.tcp_kill_prio
                0x08014970       0x90 build/components/net/lwip/src/core/tcp.o
 .text.tcp_kill_timewait
                0x08014a00       0x6c build/components/net/lwip/src/core/tcp.o
 .text.tcp_alloc
                0x08014a6c      0x14c build/components/net/lwip/src/core/tcp.o
                0x08014a6c                tcp_alloc
 .text.tcp_new  0x08014bb8       0x14 build/components/net/lwip/src/core/tcp.o
                0x08014bb8                tcp_new
 .text.tcp_arg  0x08014bcc       0x1c build/components/net/lwip/src/core/tcp.o
                0x08014bcc                tcp_arg
 .text.tcp_recv
                0x08014be8       0x1c build/components/net/lwip/src/core/tcp.o
                0x08014be8                tcp_recv
 .text.tcp_sent
                0x08014c04       0x1c build/components/net/lwip/src/core/tcp.o
                0x08014c04                tcp_sent
 .text.tcp_err  0x08014c20       0x1c build/components/net/lwip/src/core/tcp.o
                0x08014c20                tcp_err
 .text.tcp_accept
                0x08014c3c       0x1c build/components/net/lwip/src/core/tcp.o
                0x08014c3c                tcp_accept
 .text.tcp_poll
                0x08014c58       0x28 build/components/net/lwip/src/core/tcp.o
                0x08014c58                tcp_poll
 .text.tcp_pcb_purge
                0x08014c80       0x90 build/components/net/lwip/src/core/tcp.o
                0x08014c80                tcp_pcb_purge
 .text.tcp_pcb_remove
                0x08014d10      0x144 build/components/net/lwip/src/core/tcp.o
                0x08014d10                tcp_pcb_remove
 .text.tcp_next_iss
                0x08014e54       0x38 build/components/net/lwip/src/core/tcp.o
                0x08014e54                tcp_next_iss
 .text.tcp_eff_send_mss
                0x08014e8c       0x44 build/components/net/lwip/src/core/tcp.o
                0x08014e8c                tcp_eff_send_mss
 .text.tcp_input
                0x08014ed0      0x8f8 build/components/net/lwip/src/core/tcp_in.o
                0x08014ed0                tcp_input
 .text.tcp_listen_input
                0x080157c8      0x1cc build/components/net/lwip/src/core/tcp_in.o
 .text.tcp_timewait_input
                0x08015994      0x11c build/components/net/lwip/src/core/tcp_in.o
 .text.tcp_process
                0x08015ab0      0x944 build/components/net/lwip/src/core/tcp_in.o
 .text.tcp_oos_insert_segment
                0x080163f4      0x100 build/components/net/lwip/src/core/tcp_in.o
 .text.tcp_receive
                0x080164f4     0x1360 build/components/net/lwip/src/core/tcp_in.o
 .text.tcp_parseopt
                0x08017854      0x134 build/components/net/lwip/src/core/tcp_in.o
 .text.tcp_output_alloc_header
                0x08017988      0x114 build/components/net/lwip/src/core/tcp_out.o
 .text.tcp_send_fin
                0x08017a9c       0x78 build/components/net/lwip/src/core/tcp_out.o
                0x08017a9c                tcp_send_fin
 .text.tcp_create_segment
                0x08017b14      0x12c build/components/net/lwip/src/core/tcp_out.o
 .text.tcp_pbuf_prealloc
                0x08017c40       0xd4 build/components/net/lwip/src/core/tcp_out.o
 .text.tcp_write_checks
                0x08017d14      0x108 build/components/net/lwip/src/core/tcp_out.o
 .text.tcp_write
                0x08017e1c      0x5fc build/components/net/lwip/src/core/tcp_out.o
                0x08017e1c                tcp_write
 .text.tcp_enqueue_flags
                0x08018418      0x280 build/components/net/lwip/src/core/tcp_out.o
                0x08018418                tcp_enqueue_flags
 .text.tcp_send_empty_ack
                0x08018698       0xa8 build/components/net/lwip/src/core/tcp_out.o
                0x08018698                tcp_send_empty_ack
 .text.tcp_output
                0x08018740      0x324 build/components/net/lwip/src/core/tcp_out.o
                0x08018740                tcp_output
 .text.tcp_output_segment
                0x08018a64      0x19c build/components/net/lwip/src/core/tcp_out.o
 .text.tcp_rst  0x08018c00      0x110 build/components/net/lwip/src/core/tcp_out.o
                0x08018c00                tcp_rst
 .text.tcp_rexmit_rto
                0x08018d10       0x6c build/components/net/lwip/src/core/tcp_out.o
                0x08018d10                tcp_rexmit_rto
 .text.tcp_rexmit
                0x08018d7c       0x90 build/components/net/lwip/src/core/tcp_out.o
                0x08018d7c                tcp_rexmit
 .text.tcp_rexmit_fast
                0x08018e0c       0xb8 build/components/net/lwip/src/core/tcp_out.o
                0x08018e0c                tcp_rexmit_fast
 .text.tcp_keepalive
                0x08018ec4       0x88 build/components/net/lwip/src/core/tcp_out.o
                0x08018ec4                tcp_keepalive
 .text.tcp_zero_window_probe
                0x08018f4c      0x140 build/components/net/lwip/src/core/tcp_out.o
                0x08018f4c                tcp_zero_window_probe
 .text.tcpip_tcp_timer
                0x0801908c       0x54 build/components/net/lwip/src/core/timers.o
 .text.tcp_timer_needed
                0x080190e0       0x54 build/components/net/lwip/src/core/timers.o
                0x080190e0                tcp_timer_needed
 .text.arp_timer
                0x08019134       0x28 build/components/net/lwip/src/core/timers.o
 .text.dns_timer
                0x0801915c       0x28 build/components/net/lwip/src/core/timers.o
 .text.sys_timeouts_init
                0x08019184       0x30 build/components/net/lwip/src/core/timers.o
                0x08019184                sys_timeouts_init
 .text.sys_timeout
                0x080191b4      0x140 build/components/net/lwip/src/core/timers.o
                0x080191b4                sys_timeout
 .text.sys_untimeout
                0x080192f4       0x9c build/components/net/lwip/src/core/timers.o
                0x080192f4                sys_untimeout
 .text.sys_timeouts_mbox_fetch
                0x08019390       0xe8 build/components/net/lwip/src/core/timers.o
                0x08019390                sys_timeouts_mbox_fetch
 .text.udp_input
                0x08019478      0x2f4 build/components/net/lwip/src/core/udp.o
                0x08019478                udp_input
 .text.udp_sendto
                0x0801976c       0x40 build/components/net/lwip/src/core/udp.o
                0x0801976c                udp_sendto
 .text.udp_sendto_if
                0x080197ac      0x1a4 build/components/net/lwip/src/core/udp.o
                0x080197ac                udp_sendto_if
 .text.udp_bind
                0x08019950      0x140 build/components/net/lwip/src/core/udp.o
                0x08019950                udp_bind
 .text.udp_connect
                0x08019a90       0xb0 build/components/net/lwip/src/core/udp.o
                0x08019a90                udp_connect
 .text.udp_recv
                0x08019b40       0x24 build/components/net/lwip/src/core/udp.o
                0x08019b40                udp_recv
 .text.udp_remove
                0x08019b64       0x74 build/components/net/lwip/src/core/udp.o
                0x08019b64                udp_remove
 .text.udp_new  0x08019bd8       0x48 build/components/net/lwip/src/core/udp.o
                0x08019bd8                udp_new
 .text.icmp_input
                0x08019c20      0x308 build/components/net/lwip/src/core/ipv4/icmp.o
                0x08019c20                icmp_input
 .text.icmp_dest_unreach
                0x08019f28       0x24 build/components/net/lwip/src/core/ipv4/icmp.o
                0x08019f28                icmp_dest_unreach
 .text.icmp_send_response
                0x08019f4c      0x104 build/components/net/lwip/src/core/ipv4/icmp.o
 .text.lwip_standard_chksum
                0x0801a050       0xe4 build/components/net/lwip/src/core/ipv4/inet_chksum.o
 .text.inet_chksum_pseudo
                0x0801a134      0x150 build/components/net/lwip/src/core/ipv4/inet_chksum.o
                0x0801a134                inet_chksum_pseudo
 .text.inet_chksum
                0x0801a284       0x28 build/components/net/lwip/src/core/ipv4/inet_chksum.o
                0x0801a284                inet_chksum
 .text.inet_chksum_pbuf
                0x0801a2ac       0xbc build/components/net/lwip/src/core/ipv4/inet_chksum.o
                0x0801a2ac                inet_chksum_pbuf
 .text.ip_route
                0x0801a368       0x8c build/components/net/lwip/src/core/ipv4/ip.o
                0x0801a368                ip_route
 .text.ip_input
                0x0801a3f4      0x298 build/components/net/lwip/src/core/ipv4/ip.o
                0x0801a3f4                ip_input
 .text.ip_output_if
                0x0801a68c      0x210 build/components/net/lwip/src/core/ipv4/ip.o
                0x0801a68c                ip_output_if
 .text.ip_output
                0x0801a89c       0x70 build/components/net/lwip/src/core/ipv4/ip.o
                0x0801a89c                ip_output
 .text.ip4_addr_isbroadcast
                0x0801a90c       0x88 build/components/net/lwip/src/core/ipv4/ip_addr.o
                0x0801a90c                ip4_addr_isbroadcast
 .text.ipaddr_addr
                0x0801a994       0x2c build/components/net/lwip/src/core/ipv4/ip_addr.o
                0x0801a994                ipaddr_addr
 .text.ipaddr_aton
                0x0801a9c0      0x294 build/components/net/lwip/src/core/ipv4/ip_addr.o
                0x0801a9c0                ipaddr_aton
 .text.ipaddr_ntoa
                0x0801ac54       0x28 build/components/net/lwip/src/core/ipv4/ip_addr.o
                0x0801ac54                ipaddr_ntoa
 .text.ipaddr_ntoa_r
                0x0801ac7c      0x164 build/components/net/lwip/src/core/ipv4/ip_addr.o
                0x0801ac7c                ipaddr_ntoa_r
 .text.free_etharp_q
                0x0801ade0       0x9c build/components/net/lwip/src/netif/etharp.o
 .text.free_entry
                0x0801ae7c       0x70 build/components/net/lwip/src/netif/etharp.o
 .text.etharp_tmr
                0x0801aeec       0xcc build/components/net/lwip/src/netif/etharp.o
                0x0801aeec                etharp_tmr
 .text.find_entry
                0x0801afb8      0x304 build/components/net/lwip/src/netif/etharp.o
 .text.etharp_send_ip
                0x0801b2bc       0x80 build/components/net/lwip/src/netif/etharp.o
 .text.update_arp_entry
                0x0801b33c      0x154 build/components/net/lwip/src/netif/etharp.o
 .text.etharp_arp_input
                0x0801b490      0x1c8 build/components/net/lwip/src/netif/etharp.o
 .text.etharp_output
                0x0801b658      0x17c build/components/net/lwip/src/netif/etharp.o
                0x0801b658                etharp_output
 .text.etharp_query
                0x0801b7d4      0x318 build/components/net/lwip/src/netif/etharp.o
                0x0801b7d4                etharp_query
 .text.etharp_raw
                0x0801baec      0x160 build/components/net/lwip/src/netif/etharp.o
 .text.etharp_request
                0x0801bc4c       0x50 build/components/net/lwip/src/netif/etharp.o
                0x0801bc4c                etharp_request
 .text.ethernet_input
                0x0801bc9c       0xd4 build/components/net/lwip/src/netif/etharp.o
                0x0801bc9c                ethernet_input
 .text.ethernetif_linkoutput
                0x0801bd70       0x50 build/components/net/lwip/src/netif/ethernetif.o
 .text.eth_netif_device_init
                0x0801bdc0       0x78 build/components/net/lwip/src/netif/ethernetif.o
 .text.eth_device_init_with_flag
                0x0801be38      0x13c build/components/net/lwip/src/netif/ethernetif.o
                0x0801be38                eth_device_init_with_flag
 .text.eth_device_init
                0x0801bf74       0x28 build/components/net/lwip/src/netif/ethernetif.o
                0x0801bf74                eth_device_init
 .text.eth_device_ready
                0x0801bf9c       0x34 build/components/net/lwip/src/netif/ethernetif.o
                0x0801bf9c                eth_device_ready
 .text.eth_tx_thread_entry
                0x0801bfd0       0xd4 build/components/net/lwip/src/netif/ethernetif.o
 .text.eth_rx_thread_entry
                0x0801c0a4       0xe0 build/components/net/lwip/src/netif/ethernetif.o
 .text.eth_system_device_init
                0x0801c184      0x234 build/components/net/lwip/src/netif/ethernetif.o
                0x0801c184                eth_system_device_init
 .text.set_if   0x0801c3b8       0xe0 build/components/net/lwip/src/netif/ethernetif.o
                0x0801c3b8                set_if
 .text.set_dns  0x0801c498       0x38 build/components/net/lwip/src/netif/ethernetif.o
                0x0801c498                set_dns
 .text.list_if  0x0801c4d0      0x230 build/components/net/lwip/src/netif/ethernetif.o
                0x0801c4d0                list_if
 .text.list_tcps
                0x0801c700      0x180 build/components/net/lwip/src/netif/ethernetif.o
                0x0801c700                list_tcps
 .text.atoi     0x0801c880       0xa0 build/components/libc/minilibc/stdlib.o
                0x0801c880                atoi
 .text.strncpy  0x0801c920       0x24 build/components/libc/minilibc/string.o
                0x0801c920                strncpy
 .text.strcmp   0x0801c944       0x48 build/components/libc/minilibc/string.o
                0x0801c944                strcmp
 .text.strncmp  0x0801c98c       0x70 build/components/libc/minilibc/string.o
                0x0801c98c                strncmp
 .text.__isleap
                0x0801c9fc       0x74 build/components/libc/minilibc/time.o
                0x0801c9fc                __isleap
 .text.gmtime_r
                0x0801ca70      0x1a4 build/components/libc/minilibc/time.o
                0x0801ca70                gmtime_r
 .text.localtime_r
                0x0801cc14       0x68 build/components/libc/minilibc/time.o
                0x0801cc14                localtime_r
 .text.localtime
                0x0801cc7c       0x24 build/components/libc/minilibc/time.o
                0x0801cc7c                localtime
 .text.mktime   0x0801cca0      0x2fc build/components/libc/minilibc/time.o
                0x0801cca0                mktime
 .text.num2str  0x0801cf9c       0x70 build/components/libc/minilibc/time.o
 .text.asctime_r
                0x0801d00c      0x154 build/components/libc/minilibc/time.o
                0x0801d00c                asctime_r
 .text.asctime  0x0801d160       0x24 build/components/libc/minilibc/time.o
                0x0801d160                asctime
 .text.ctime    0x0801d184       0x24 build/components/libc/minilibc/time.o
                0x0801d184                ctime
 .text.gettimeofday
                0x0801d1a8       0x58 build/components/libc/minilibc/time.o
                0x0801d1a8                gettimeofday
 .text.SystemInit
                0x0801d200       0xa8 build/bsp/Libraries/CMSIS/CM3/DeviceSupport/ST/STM32F10x/system_stm32f10x.o
                0x0801d200                SystemInit
 .text.SetSysClock
                0x0801d2a8        0xc build/bsp/Libraries/CMSIS/CM3/DeviceSupport/ST/STM32F10x/system_stm32f10x.o
 .text.SetSysClockTo72
                0x0801d2b4      0x1ac build/bsp/Libraries/CMSIS/CM3/DeviceSupport/ST/STM32F10x/system_stm32f10x.o
 .text.RCC_LSEConfig
                0x0801d460       0x80 build/bsp/Libraries/STM32F10x_StdPeriph_Driver/src/stm32f10x_rcc.o
                0x0801d460                RCC_LSEConfig
 .text.RCC_RTCCLKConfig
                0x0801d4e0       0x50 build/bsp/Libraries/STM32F10x_StdPeriph_Driver/src/stm32f10x_rcc.o
                0x0801d4e0                RCC_RTCCLKConfig
 .text.RCC_RTCCLKCmd
                0x0801d530       0x3c build/bsp/Libraries/STM32F10x_StdPeriph_Driver/src/stm32f10x_rcc.o
                0x0801d530                RCC_RTCCLKCmd
 .text.RCC_GetClocksFreq
                0x0801d56c      0x1d4 build/bsp/Libraries/STM32F10x_StdPeriph_Driver/src/stm32f10x_rcc.o
                0x0801d56c                RCC_GetClocksFreq
 .text.RCC_AHBPeriphClockCmd
                0x0801d740       0x90 build/bsp/Libraries/STM32F10x_StdPeriph_Driver/src/stm32f10x_rcc.o
                0x0801d740                RCC_AHBPeriphClockCmd
 .text.RCC_APB2PeriphClockCmd
                0x0801d7d0       0x94 build/bsp/Libraries/STM32F10x_StdPeriph_Driver/src/stm32f10x_rcc.o
                0x0801d7d0                RCC_APB2PeriphClockCmd
 .text.RCC_APB1PeriphClockCmd
                0x0801d864       0x94 build/bsp/Libraries/STM32F10x_StdPeriph_Driver/src/stm32f10x_rcc.o
                0x0801d864                RCC_APB1PeriphClockCmd
 .text.RCC_BackupResetCmd
                0x0801d8f8       0x3c build/bsp/Libraries/STM32F10x_StdPeriph_Driver/src/stm32f10x_rcc.o
                0x0801d8f8                RCC_BackupResetCmd
 .text.RCC_GetFlagStatus
                0x0801d934       0xe0 build/bsp/Libraries/STM32F10x_StdPeriph_Driver/src/stm32f10x_rcc.o
                0x0801d934                RCC_GetFlagStatus
 .text.PWR_BackupAccessCmd
                0x0801da14       0x3c build/bsp/Libraries/STM32F10x_StdPeriph_Driver/src/stm32f10x_pwr.o
                0x0801da14                PWR_BackupAccessCmd
 .text.EXTI_Init
                0x0801da50      0x1c8 build/bsp/Libraries/STM32F10x_StdPeriph_Driver/src/stm32f10x_exti.o
                0x0801da50                EXTI_Init
 .text.EXTI_ClearITPendingBit
                0x0801dc18       0x40 build/bsp/Libraries/STM32F10x_StdPeriph_Driver/src/stm32f10x_exti.o
                0x0801dc18                EXTI_ClearITPendingBit
 .text.BKP_DeInit
                0x0801dc58       0x18 build/bsp/Libraries/STM32F10x_StdPeriph_Driver/src/stm32f10x_bkp.o
                0x0801dc58                BKP_DeInit
 .text.BKP_WriteBackupRegister
                0x0801dc70      0x144 build/bsp/Libraries/STM32F10x_StdPeriph_Driver/src/stm32f10x_bkp.o
                0x0801dc70                BKP_WriteBackupRegister
 .text.BKP_ReadBackupRegister
                0x0801ddb4      0x140 build/bsp/Libraries/STM32F10x_StdPeriph_Driver/src/stm32f10x_bkp.o
                0x0801ddb4                BKP_ReadBackupRegister
 .text.RTC_EnterConfigMode
                0x0801def4       0x28 build/bsp/Libraries/STM32F10x_StdPeriph_Driver/src/stm32f10x_rtc.o
                0x0801def4                RTC_EnterConfigMode
 .text.RTC_ExitConfigMode
                0x0801df1c       0x28 build/bsp/Libraries/STM32F10x_StdPeriph_Driver/src/stm32f10x_rtc.o
                0x0801df1c                RTC_ExitConfigMode
 .text.RTC_GetCounter
                0x0801df44       0x38 build/bsp/Libraries/STM32F10x_StdPeriph_Driver/src/stm32f10x_rtc.o
                0x0801df44                RTC_GetCounter
 .text.RTC_SetCounter
                0x0801df7c       0x38 build/bsp/Libraries/STM32F10x_StdPeriph_Driver/src/stm32f10x_rtc.o
                0x0801df7c                RTC_SetCounter
 .text.RTC_SetPrescaler
                0x0801dfb4       0x5c build/bsp/Libraries/STM32F10x_StdPeriph_Driver/src/stm32f10x_rtc.o
                0x0801dfb4                RTC_SetPrescaler
 .text.RTC_WaitForLastTask
                0x0801e010       0x20 build/bsp/Libraries/STM32F10x_StdPeriph_Driver/src/stm32f10x_rtc.o
                0x0801e010                RTC_WaitForLastTask
 .text.RTC_WaitForSynchro
                0x0801e030       0x3c build/bsp/Libraries/STM32F10x_StdPeriph_Driver/src/stm32f10x_rtc.o
                0x0801e030                RTC_WaitForSynchro
 .text.FSMC_NORSRAMInit
                0x0801e06c      0x4c8 build/bsp/Libraries/STM32F10x_StdPeriph_Driver/src/stm32f10x_fsmc.o
                0x0801e06c                FSMC_NORSRAMInit
 .text.FSMC_NORSRAMCmd
                0x0801e534       0x98 build/bsp/Libraries/STM32F10x_StdPeriph_Driver/src/stm32f10x_fsmc.o
                0x0801e534                FSMC_NORSRAMCmd
 .text.GPIO_Init
                0x0801e5cc      0x2b0 build/bsp/Libraries/STM32F10x_StdPeriph_Driver/src/stm32f10x_gpio.o
                0x0801e5cc                GPIO_Init
 .text.GPIO_ReadInputDataBit
                0x0801e87c      0x12c build/bsp/Libraries/STM32F10x_StdPeriph_Driver/src/stm32f10x_gpio.o
                0x0801e87c                GPIO_ReadInputDataBit
 .text.GPIO_SetBits
                0x0801e9a8       0xa4 build/bsp/Libraries/STM32F10x_StdPeriph_Driver/src/stm32f10x_gpio.o
                0x0801e9a8                GPIO_SetBits
 .text.GPIO_ResetBits
                0x0801ea4c       0xa4 build/bsp/Libraries/STM32F10x_StdPeriph_Driver/src/stm32f10x_gpio.o
                0x0801ea4c                GPIO_ResetBits
 .text.GPIO_EXTILineConfig
                0x0801eaf0      0x158 build/bsp/Libraries/STM32F10x_StdPeriph_Driver/src/stm32f10x_gpio.o
                0x0801eaf0                GPIO_EXTILineConfig
 .text.USART_Init
                0x0801ec48      0x34c build/bsp/Libraries/STM32F10x_StdPeriph_Driver/src/stm32f10x_usart.o
                0x0801ec48                USART_Init
 .text.USART_ClockInit
                0x0801ef94      0x118 build/bsp/Libraries/STM32F10x_StdPeriph_Driver/src/stm32f10x_usart.o
                0x0801ef94                USART_ClockInit
 .text.USART_Cmd
                0x0801f0ac       0xb0 build/bsp/Libraries/STM32F10x_StdPeriph_Driver/src/stm32f10x_usart.o
                0x0801f0ac                USART_Cmd
 .text.USART_ITConfig
                0x0801f15c      0x1b0 build/bsp/Libraries/STM32F10x_StdPeriph_Driver/src/stm32f10x_usart.o
                0x0801f15c                USART_ITConfig
 .text.USART_GetITStatus
                0x0801f30c      0x1c4 build/bsp/Libraries/STM32F10x_StdPeriph_Driver/src/stm32f10x_usart.o
                0x0801f30c                USART_GetITStatus
 .text.USART_ClearITPendingBit
                0x0801f4d0      0x114 build/bsp/Libraries/STM32F10x_StdPeriph_Driver/src/stm32f10x_usart.o
                0x0801f4d0                USART_ClearITPendingBit
 .text.DMA_Cmd  0x0801f5e4      0x10c build/bsp/Libraries/STM32F10x_StdPeriph_Driver/src/stm32f10x_dma.o
                0x0801f5e4                DMA_Cmd
 .text.NVIC_Init
                0x0801f6f0      0x134 build/bsp/Libraries/STM32F10x_StdPeriph_Driver/src/misc.o
                0x0801f6f0                NVIC_Init
 .text.NVIC_SetVectorTable
                0x0801f824       0x68 build/bsp/Libraries/STM32F10x_StdPeriph_Driver/src/misc.o
                0x0801f824                NVIC_SetVectorTable
 .text.Reset_Handler
                0x0801f88c       0x4c build/bsp/Libraries/CMSIS/CM3/DeviceSupport/ST/STM32F10x/startup/gcc_ride7/startup_stm32f10x_hd.o
                0x0801f88c                Reset_Handler
 .text.Default_Handler
                0x0801f8d8        0x4 build/bsp/Libraries/CMSIS/CM3/DeviceSupport/ST/STM32F10x/startup/gcc_ride7/startup_stm32f10x_hd.o
                0x0801f8d8                EXTI2_IRQHandler
                0x0801f8d8                TIM8_TRG_COM_IRQHandler
                0x0801f8d8                TIM8_CC_IRQHandler
                0x0801f8d8                TIM1_CC_IRQHandler
                0x0801f8d8                TIM6_IRQHandler
                0x0801f8d8                PVD_IRQHandler
                0x0801f8d8                SDIO_IRQHandler
                0x0801f8d8                EXTI3_IRQHandler
                0x0801f8d8                EXTI0_IRQHandler
                0x0801f8d8                I2C2_EV_IRQHandler
                0x0801f8d8                ADC1_2_IRQHandler
                0x0801f8d8                SPI1_IRQHandler
                0x0801f8d8                TAMPER_IRQHandler
                0x0801f8d8                TIM8_UP_IRQHandler
                0x0801f8d8                DMA2_Channel2_IRQHandler
                0x0801f8d8                DMA1_Channel4_IRQHandler
                0x0801f8d8                RTC_IRQHandler
                0x0801f8d8                DMA1_Channel7_IRQHandler
                0x0801f8d8                CAN1_RX1_IRQHandler
                0x0801f8d8                UART5_IRQHandler
                0x0801f8d8                ADC3_IRQHandler
                0x0801f8d8                TIM4_IRQHandler
                0x0801f8d8                DMA2_Channel1_IRQHandler
                0x0801f8d8                I2C1_EV_IRQHandler
                0x0801f8d8                DMA1_Channel6_IRQHandler
                0x0801f8d8                UART4_IRQHandler
                0x0801f8d8                TIM3_IRQHandler
                0x0801f8d8                RCC_IRQHandler
                0x0801f8d8                TIM1_TRG_COM_IRQHandler
                0x0801f8d8                DMA1_Channel1_IRQHandler
                0x0801f8d8                Default_Handler
                0x0801f8d8                EXTI15_10_IRQHandler
                0x0801f8d8                TIM7_IRQHandler
                0x0801f8d8                TIM5_IRQHandler
                0x0801f8d8                EXTI9_5_IRQHandler
                0x0801f8d8                SPI2_IRQHandler
                0x0801f8d8                DMA1_Channel5_IRQHandler
                0x0801f8d8                EXTI4_IRQHandler
                0x0801f8d8                USB_LP_CAN1_RX0_IRQHandler
                0x0801f8d8                USB_HP_CAN1_TX_IRQHandler
                0x0801f8d8                DMA1_Channel3_IRQHandler
                0x0801f8d8                FSMC_IRQHandler
                0x0801f8d8                TIM1_UP_IRQHandler
                0x0801f8d8                WWDG_IRQHandler
                0x0801f8d8                TIM2_IRQHandler
                0x0801f8d8                TIM1_BRK_IRQHandler
                0x0801f8d8                RTCAlarm_IRQHandler
                0x0801f8d8                DMA2_Channel4_5_IRQHandler
                0x0801f8d8                I2C2_ER_IRQHandler
                0x0801f8d8                TIM8_BRK_IRQHandler
                0x0801f8d8                CAN1_SCE_IRQHandler
                0x0801f8d8                FLASH_IRQHandler
                0x0801f8d8                SPI3_IRQHandler
                0x0801f8d8                I2C1_ER_IRQHandler
                0x0801f8d8                USBWakeUp_IRQHandler
                0x0801f8d8                DMA2_Channel3_IRQHandler
 *(.rodata)
 .rodata        0x0801f8dc       0x24 build/application.o
 .rodata        0x0801f900       0x58 build/startup.o
 .rodata        0x0801f958       0x68 build/board.o
 .rodata        0x0801f9c0       0x98 build/rtc.o
 .rodata        0x0801fa58        0x8 build/usart.o
 .rodata        0x0801fa60       0xf4 build/serial.o
 .rodata        0x0801fb54      0x250 build/dm9000a.o
 .rodata        0x0801fda4       0x5c build/tcp_server_echo.o
 .rodata        0x0801fe00       0x68 build/src/device.o
 .rodata        0x0801fe68       0x50 build/src/idle.o
 .rodata        0x0801feb8       0xc0 build/src/ipc.o
 .rodata        0x0801ff78       0x90 build/src/kservice.o
 .rodata        0x08020008      0x2d0 build/src/mem.o
 .rodata        0x080202d8       0x58 build/src/mempool.o
 .rodata        0x08020330       0x88 build/src/object.o
 .rodata        0x080203b8       0x88 build/src/scheduler.o
 .rodata        0x08020440       0xb4 build/src/thread.o
 .rodata        0x080204f4       0x58 build/src/timer.o
 .rodata        0x0802054c       0xd0 build/libcpu/arm/cortex-m3/cpuport.o
 .rodata        0x0802061c      0x64c build/components/finsh/cmd.o
 .rodata        0x08020c68       0xf4 build/components/finsh/finsh_error.o